Component: ARM Compiler 5.06 update 5 (build 528) Tool: armlink [4d35e2]

==============================================================================

Section Cross References

    startup_stm32f103xe.o(RESET) refers to startup_stm32f103xe.o(STACK) for __initial_sp
    startup_stm32f103xe.o(RESET) refers to startup_stm32f103xe.o(.text) for Reset_Handler
    startup_stm32f103xe.o(RESET) refers to stm32f1xx_it.o(i.NMI_Handler) for NMI_Handler
    startup_stm32f103xe.o(RESET) refers to stm32f1xx_it.o(i.HardFault_Handler) for HardFault_Handler
    startup_stm32f103xe.o(RESET) refers to stm32f1xx_it.o(i.MemManage_Handler) for MemManage_Handler
    startup_stm32f103xe.o(RESET) refers to stm32f1xx_it.o(i.BusFault_Handler) for BusFault_Handler
    startup_stm32f103xe.o(RESET) refers to stm32f1xx_it.o(i.UsageFault_Handler) for UsageFault_Handler
    startup_stm32f103xe.o(RESET) refers to stm32f1xx_it.o(i.SVC_Handler) for SVC_Handler
    startup_stm32f103xe.o(RESET) refers to stm32f1xx_it.o(i.DebugMon_Handler) for DebugMon_Handler
    startup_stm32f103xe.o(RESET) refers to stm32f1xx_it.o(i.PendSV_Handler) for PendSV_Handler
    startup_stm32f103xe.o(RESET) refers to stm32f1xx_it.o(i.SysTick_Handler) for SysTick_Handler
    startup_stm32f103xe.o(RESET) refers to stm32f1xx_it.o(i.USART1_IRQHandler) for USART1_IRQHandler
    startup_stm32f103xe.o(.text) refers to system_stm32f1xx.o(i.SystemInit) for SystemInit
    startup_stm32f103xe.o(.text) refers to entry.o(.ARM.Collect$$$$00000000) for __main
    main.o(i.SystemClock_Config) refers to memseta.o(.text) for __aeabi_memclr4
    main.o(i.SystemClock_Config) refers to stm32f1xx_hal_rcc.o(i.HAL_RCC_OscConfig) for HAL_RCC_OscConfig
    main.o(i.SystemClock_Config) refers to main.o(i.Error_Handler) for Error_Handler
    main.o(i.SystemClock_Config) refers to stm32f1xx_hal_rcc.o(i.HAL_RCC_ClockConfig) for HAL_RCC_ClockConfig
    main.o(i.main) refers to stm32f1xx_hal.o(i.HAL_Init) for HAL_Init
    main.o(i.main) refers to main.o(i.SystemClock_Config) for SystemClock_Config
    main.o(i.main) refers to gpio.o(i.MX_GPIO_Init) for MX_GPIO_Init
    main.o(i.main) refers to can.o(i.MX_CAN_Init) for MX_CAN_Init
    main.o(i.main) refers to usart.o(i.MX_USART1_UART_Init) for MX_USART1_UART_Init
    main.o(i.main) refers to crc.o(i.MX_CRC_Init) for MX_CRC_Init
    main.o(i.main) refers to i2c.o(i.MX_I2C2_Init) for MX_I2C2_Init
    main.o(i.main) refers to spi.o(i.MX_SPI1_Init) for MX_SPI1_Init
    main.o(i.main) refers to app_update.o(i.App_update_init) for App_update_init
    main.o(i.main) refers to app_update.o(i.App_update_work) for App_update_work
    gpio.o(i.MX_GPIO_Init) refers to stm32f1xx_hal_gpio.o(i.HAL_GPIO_WritePin) for HAL_GPIO_WritePin
    gpio.o(i.MX_GPIO_Init) refers to stm32f1xx_hal_gpio.o(i.HAL_GPIO_Init) for HAL_GPIO_Init
    can.o(i.HAL_CAN_MspDeInit) refers to stm32f1xx_hal_gpio.o(i.HAL_GPIO_DeInit) for HAL_GPIO_DeInit
    can.o(i.HAL_CAN_MspInit) refers to stm32f1xx_hal_gpio.o(i.HAL_GPIO_Init) for HAL_GPIO_Init
    can.o(i.MX_CAN_Init) refers to stm32f1xx_hal_can.o(i.HAL_CAN_Init) for HAL_CAN_Init
    can.o(i.MX_CAN_Init) refers to main.o(i.Error_Handler) for Error_Handler
    can.o(i.MX_CAN_Init) refers to can.o(.bss) for hcan
    crc.o(i.MX_CRC_Init) refers to stm32f1xx_hal_crc.o(i.HAL_CRC_Init) for HAL_CRC_Init
    crc.o(i.MX_CRC_Init) refers to main.o(i.Error_Handler) for Error_Handler
    crc.o(i.MX_CRC_Init) refers to crc.o(.data) for hcrc
    i2c.o(i.HAL_I2C_MspDeInit) refers to stm32f1xx_hal_gpio.o(i.HAL_GPIO_DeInit) for HAL_GPIO_DeInit
    i2c.o(i.HAL_I2C_MspInit) refers to stm32f1xx_hal_gpio.o(i.HAL_GPIO_Init) for HAL_GPIO_Init
    i2c.o(i.MX_I2C2_Init) refers to stm32f1xx_hal_i2c.o(i.HAL_I2C_Init) for HAL_I2C_Init
    i2c.o(i.MX_I2C2_Init) refers to main.o(i.Error_Handler) for Error_Handler
    i2c.o(i.MX_I2C2_Init) refers to i2c.o(.bss) for hi2c2
    spi.o(i.HAL_SPI_MspDeInit) refers to stm32f1xx_hal_gpio.o(i.HAL_GPIO_DeInit) for HAL_GPIO_DeInit
    spi.o(i.HAL_SPI_MspInit) refers to stm32f1xx_hal_gpio.o(i.HAL_GPIO_Init) for HAL_GPIO_Init
    spi.o(i.MX_SPI1_Init) refers to stm32f1xx_hal_spi.o(i.HAL_SPI_Init) for HAL_SPI_Init
    spi.o(i.MX_SPI1_Init) refers to main.o(i.Error_Handler) for Error_Handler
    spi.o(i.MX_SPI1_Init) refers to spi.o(.bss) for hspi1
    usart.o(i.HAL_UART_MspDeInit) refers to stm32f1xx_hal_gpio.o(i.HAL_GPIO_DeInit) for HAL_GPIO_DeInit
    usart.o(i.HAL_UART_MspDeInit) refers to stm32f1xx_hal_cortex.o(i.HAL_NVIC_DisableIRQ) for HAL_NVIC_DisableIRQ
    usart.o(i.HAL_UART_MspInit) refers to stm32f1xx_hal_gpio.o(i.HAL_GPIO_Init) for HAL_GPIO_Init
    usart.o(i.HAL_UART_MspInit) refers to stm32f1xx_hal_cortex.o(i.HAL_NVIC_SetPriority) for HAL_NVIC_SetPriority
    usart.o(i.HAL_UART_MspInit) refers to stm32f1xx_hal_cortex.o(i.HAL_NVIC_EnableIRQ) for HAL_NVIC_EnableIRQ
    usart.o(i.MX_USART1_UART_Init) refers to stm32f1xx_hal_uart.o(i.HAL_UART_Init) for HAL_UART_Init
[...]
    i.HAL_DMA_Abort_IT                       0x080090b8   Section        0  stm32f1xx_hal_dma.o(i.HAL_DMA_Abort_IT)
    i.HAL_Delay                              0x08009260   Section        0  stm32f1xx_hal.o(i.HAL_Delay)
    i.HAL_GPIO_Init                          0x08009288   Section        0  stm32f1xx_hal_gpio.o(i.HAL_GPIO_Init)
    i.HAL_GPIO_ReadPin                       0x080095c8   Section        0  stm32f1xx_hal_gpio.o(i.HAL_GPIO_ReadPin)
    i.HAL_GPIO_WritePin                      0x080095d8   Section        0  stm32f1xx_hal_gpio.o(i.HAL_GPIO_WritePin)
    i.HAL_GetTick                            0x080095e4   Section        0  stm32f1xx_hal.o(i.HAL_GetTick)
    i.HAL_I2C_Init                           0x080095f0   Section        0  stm32f1xx_hal_i2c.o(i.HAL_I2C_Init)
    i.HAL_I2C_Mem_Write                      0x080097c0   Section        0  stm32f1xx_hal_i2c.o(i.HAL_I2C_Mem_Write)
    i.HAL_I2C_MspInit                        0x08009924   Section        0  i2c.o(i.HAL_I2C_MspInit)
    i.HAL_IncTick                            0x0800999c   Section        0  stm32f1xx_hal.o(i.HAL_IncTick)
    i.HAL_Init                               0x080099b4   Section        0  stm32f1xx_hal.o(i.HAL_Init)
    i.HAL_InitTick                           0x080099dc   Section        0  stm32f1xx_hal.o(i.HAL_InitTick)
    i.HAL_MspInit                            0x08009a28   Section        0  stm32f1xx_hal_msp.o(i.HAL_MspInit)
    i.HAL_NVIC_EnableIRQ                     0x08009a7c   Section        0  stm32f1xx_hal_cortex.o(i.HAL_NVIC_EnableIRQ)
    i.HAL_NVIC_SetPriority                   0x08009a9c   Section        0  stm32f1xx_hal_cortex.o(i.HAL_NVIC_SetPriority)
    i.HAL_NVIC_SetPriorityGrouping           0x08009b18   Section        0  stm32f1xx_hal_cortex.o(i.HAL_NVIC_SetPriorityGrouping)
    i.HAL_NVIC_SystemReset                   0x08009b40   Section        0  stm32f1xx_hal_cortex.o(i.HAL_NVIC_SystemReset)
    i.HAL_RCC_ClockConfig                    0x08009b84   Section        0  stm32f1xx_hal_rcc.o(i.HAL_RCC_ClockConfig)
    i.HAL_RCC_GetHCLKFreq                    0x08009d10   Section        0  stm32f1xx_hal_rcc.o(i.HAL_RCC_GetHCLKFreq)
    i.HAL_RCC_GetPCLK1Freq                   0x08009d1c   Section        0  stm32f1xx_hal_rcc.o(i.HAL_RCC_GetPCLK1Freq)
    i.HAL_RCC_GetPCLK2Freq                   0x08009d3c   Section        0  stm32f1xx_hal_rcc.o(i.HAL_RCC_GetPCLK2Freq)
    i.HAL_RCC_GetSysClockFreq                0x08009d5c   Section        0  stm32f1xx_hal_rcc.o(i.HAL_RCC_GetSysClockFreq)
    i.HAL_RCC_OscConfig                      0x08009dcc   Section        0  stm32f1xx_hal_rcc.o(i.HAL_RCC_OscConfig)
    i.HAL_SPI_Init                           0x0800a230   Section        0  stm32f1xx_hal_spi.o(i.HAL_SPI_Init)
    i.HAL_SPI_MspInit                        0x0800a2f0   Section        0  spi.o(i.HAL_SPI_MspInit)
    i.HAL_SPI_Receive                        0x0800a374   Section        0  stm32f1xx_hal_spi.o(i.HAL_SPI_Receive)
    i.HAL_SPI_Transmit                       0x0800a4f2   Section        0  stm32f1xx_hal_spi.o(i.HAL_SPI_Transmit)
    i.HAL_SPI_TransmitReceive                0x0800a6ae   Section        0  stm32f1xx_hal_spi.o(i.HAL_SPI_TransmitReceive)
    i.HAL_SYSTICK_Config                     0x0800a8ee   Section        0  stm32f1xx_hal_cortex.o(i.HAL_SYSTICK_Config)
    i.HAL_UARTEx_ReceiveToIdle_IT            0x0800a922   Section        0  stm32f1xx_hal_uart.o(i.HAL_UARTEx_ReceiveToIdle_IT)
    i.HAL_UARTEx_RxEventCallback             0x0800a994   Section        0  app_update.o(i.HAL_UARTEx_RxEventCallback)
    i.HAL_UART_ErrorCallback                 0x0800aa0c   Section        0  stm32f1xx_hal_uart.o(i.HAL_UART_ErrorCallback)
    i.HAL_UART_IRQHandler                    0x0800aa10   Section        0  stm32f1xx_hal_uart.o(i.HAL_UART_IRQHandler)
    i.HAL_UART_Init                          0x0800acf4   Section        0  stm32f1xx_hal_uart.o(i.HAL_UART_Init)
    i.HAL_UART_MspInit                       0x0800ad6c   Section        0  usart.o(i.HAL_UART_MspInit)
    i.HAL_UART_RxCpltCallback                0x0800ae04   Section        0  stm32f1xx_hal_uart.o(i.HAL_UART_RxCpltCallback)
    i.HAL_UART_Transmit                      0x0800ae06   Section        0  stm32f1xx_hal_uart.o(i.HAL_UART_Transmit)
    i.HAL_UART_TxCpltCallback                0x0800aeb8   Section        0  stm32f1xx_hal_uart.o(i.HAL_UART_TxCpltCallback)
    i.HardFault_Handler                      0x0800aeba   Section        0  stm32f1xx_it.o(i.HardFault_Handler)
    i.I2C_IsAcknowledgeFailed                0x0800aebe   Section        0  stm32f1xx_hal_i2c.o(i.I2C_IsAcknowledgeFailed)
    I2C_IsAcknowledgeFailed                  0x0800aebf   Thumb Code    62  stm32f1xx_hal_i2c.o(i.I2C_IsAcknowledgeFailed)
    i.I2C_RequestMemoryWrite                 0x0800aefc   Section        0  stm32f1xx_hal_i2c.o(i.I2C_RequestMemoryWrite)
    I2C_RequestMemoryWrite                   0x0800aefd   Thumb Code   220  stm32f1xx_hal_i2c.o(i.I2C_RequestMemoryWrite)
    i.I2C_WaitOnBTFFlagUntilTimeout          0x0800afdc   Section        0  stm32f1xx_hal_i2c.o(i.I2C_WaitOnBTFFlagUntilTimeout)
    I2C_WaitOnBTFFlagUntilTimeout            0x0800afdd   Thumb Code   102  stm32f1xx_hal_i2c.o(i.I2C_WaitOnBTFFlagUntilTimeout)
    i.I2C_WaitOnFlagUntilTimeout             0x0800b042   Section        0  stm32f1xx_hal_i2c.o(i.I2C_WaitOnFlagUntilTimeout)
    I2C_WaitOnFlagUntilTimeout               0x0800b043   Thumb Code   190  stm32f1xx_hal_i2c.o(i.I2C_WaitOnFlagUntilTimeout)
    i.I2C_WaitOnMasterAddressFlagUntilTimeout 0x0800b100   Section        0  stm32f1xx_hal_i2c.o(i.I2C_WaitOnMasterAddressFlagUntilTimeout)
    I2C_WaitOnMasterAddressFlagUntilTimeout  0x0800b101   Thumb Code   250  stm32f1xx_hal_i2c.o(i.I2C_WaitOnMasterAddressFlagUntilTimeout)
    i.I2C_WaitOnTXEFlagUntilTimeout          0x0800b1fa   Section        0  stm32f1xx_hal_i2c.o(i.I2C_WaitOnTXEFlagUntilTimeout)
    I2C_WaitOnTXEFlagUntilTimeout            0x0800b1fb   Thumb Code   102  stm32f1xx_hal_i2c.o(i.I2C_WaitOnTXEFlagUntilTimeout)
    i.Int_w24c02_write_bytes                 0x0800b260   Section        0  int_w24c02.o(i.Int_w24c02_write_bytes)
    i.Int_w25q32_erase_sector                0x0800b32c   Section        0  int_w25q32.o(i.Int_w25q32_erase_sector)
    i.Int_w25q32_read_byte                   0x0800b364   Section        0  int_w25q32.o(i.Int_w25q32_read_byte)
    i.Int_w25q32_start                       0x0800b37c   Section        0  int_w25q32.o(i.Int_w25q32_start)
    i.Int_w25q32_stop                        0x0800b390   Section        0  int_w25q32.o(i.Int_w25q32_stop)
    i.Int_w25q32_wait_busy                   0x0800b3a4   Section        0  int_w25q32.o(i.Int_w25q32_wait_busy)
    Int_w25q32_wait_busy                     0x0800b3a5   Thumb Code    40  int_w25q32.o(i.Int_w25q32_wait_busy)
    i.Int_w25q32_write_byte                  0x0800b3cc   Section        0  int_w25q32.o(i.Int_w25q32_write_byte)
    i.Int_w25q32_write_data_with_32addr      0x0800b3e0   Section        0  int_w25q32.o(i.Int_w25q32_write_data_with_32addr)
    i.Int_w25q32_write_enable                0x0800b428   Section        0  int_w25q32.o(i.Int_w25q32_write_enable)
    Int_w25q32_write_enable                  0x0800b429   Thumb Code    22  int_w25q32.o(i.Int_w25q32_write_enable)
    i.MX_CAN_Init                            0x0800b440   Section        0  can.o(i.MX_CAN_Init)
    i.MX_CRC_Init                            0x0800b484   Section        0  crc.o(i.MX_CRC_Init)
    i.MX_GPIO_Init                           0x0800b4a4   Section        0  gpio.o(i.MX_GPIO_Init)
    i.MX_I2C2_Init                           0x0800b5f4   Section        0  i2c.o(i.MX_I2C2_Init)
    i.MX_SPI1_Init                           0x0800b630   Section        0  spi.o(i.MX_SPI1_Init)
    i.MX_USART1_UART_Init                    0x0800b674   Section        0  usart.o(i.MX_USART1_UART_Init)
    i.MemManage_Handler                      0x0800b6ac   Section        0  stm32f1xx_it.o(i.MemManage_Handler)
    i.NMI_Handler                            0x0800b6b0   Section        0  stm32f1xx_it.o(i.NMI_Handler)
    i.PendSV_Handler                         0x0800b6b4   Section        0  stm32f1xx_it.o(i.PendSV_Handler)
    i.RCC_Delay                              0x0800b6b8   Section        0  stm32f1xx_hal_rcc.o(i.RCC_Delay)
    RCC_Delay                                0x0800b6b9   Thumb Code    36  stm32f1xx_hal_rcc.o(i.RCC_Delay)
    i.SPI_EndRxTransaction                   0x0800b6e0   Section        0  stm32f1xx_hal_spi.o(i.SPI_EndRxTransaction)
    SPI_EndRxTransaction                     0x0800b6e1   Thumb Code   120  stm32f1xx_hal_spi.o(i.SPI_EndRxTransaction)
    i.SPI_EndRxTxTransaction                 0x0800b758   Section        0  stm32f1xx_hal_spi.o(i.SPI_EndRxTxTransaction)
    SPI_EndRxTxTransaction                   0x0800b759   Thumb Code    40  stm32f1xx_hal_spi.o(i.SPI_EndRxTxTransaction)
    i.SPI_WaitFlagStateUntilTimeout          0x0800b780   Section        0  stm32f1xx_hal_spi.o(i.SPI_WaitFlagStateUntilTimeout)
    SPI_WaitFlagStateUntilTimeout            0x0800b781   Thumb Code   210  stm32f1xx_hal_spi.o(i.SPI_WaitFlagStateUntilTimeout)
    i.SVC_Handler                            0x0800b858   Section        0  stm32f1xx_it.o(i.SVC_Handler)
    i.SysTick_Handler                        0x0800b85a   Section        0  stm32f1xx_it.o(i.SysTick_Handler)
    i.SystemClock_Config                     0x0800b862   Section        0  main.o(i.SystemClock_Config)
    i.SystemInit                             0x0800b8c8   Section        0  system_stm32f1xx.o(i.SystemInit)
    i.UART_DMAAbortOnError                   0x0800b8ca   Section        0  stm32f1xx_hal_uart.o(i.UART_DMAAbortOnError)
    UART_DMAAbortOnError                     0x0800b8cb   Thumb Code    20  stm32f1xx_hal_uart.o(i.UART_DMAAbortOnError)
    i.UART_EndRxTransfer                     0x0800b8de   Section        0  stm32f1xx_hal_uart.o(i.UART_EndRxTransfer)
    UART_EndRxTransfer                       0x0800b8df   Thumb Code   108  stm32f1xx_hal_uart.o(i.UART_EndRxTransfer)
    i.UART_EndTransmit_IT                    0x0800b94a   Section        0  stm32f1xx_hal_uart.o(i.UART_EndTransmit_IT)
    UART_EndTransmit_IT                      0x0800b94b   Thumb Code    32  stm32f1xx_hal_uart.o(i.UART_EndTransmit_IT)
    i.UART_Receive_IT                        0x0800b96a   Section        0  stm32f1xx_hal_uart.o(i.UART_Receive_IT)
    UART_Receive_IT                          0x0800b96b   Thumb Code   252  stm32f1xx_hal_uart.o(i.UART_Receive_IT)
    i.UART_SetConfig                         0x0800ba68   Section        0  stm32f1xx_hal_uart.o(i.UART_SetConfig)
    UART_SetConfig                           0x0800ba69   Thumb Code   248  stm32f1xx_hal_uart.o(i.UART_SetConfig)
    i.UART_Start_Receive_IT                  0x0800bb64   Section        0  stm32f1xx_hal_uart.o(i.UART_Start_Receive_IT)
    i.UART_Transmit_IT                       0x0800bba4   Section        0  stm32f1xx_hal_uart.o(i.UART_Transmit_IT)
    UART_Transmit_IT                         0x0800bba5   Thumb Code    96  stm32f1xx_hal_uart.o(i.UART_Transmit_IT)
    i.UART_WaitOnFlagUntilTimeout            0x0800bc04   Section        0  stm32f1xx_hal_uart.o(i.UART_WaitOnFlagUntilTimeout)
    UART_WaitOnFlagUntilTimeout              0x0800bc05   Thumb Code   146  stm32f1xx_hal_uart.o(i.UART_WaitOnFlagUntilTimeout)
    i.USART1_IRQHandler                      0x0800bc98   Section        0  stm32f1xx_it.o(i.USART1_IRQHandler)
    i.UsageFault_Handler                     0x0800bca8   Section        0  stm32f1xx_it.o(i.UsageFault_Handler)
    i.__0printf                              0x0800bcac   Section        0  printfa.o(i.__0printf)
    i.__0vprintf                             0x0800bccc   Section        0  printfa.o(i.__0vprintf)
    i.__ARM_fpclassifyf                      0x0800bcdc   Section        0  fpclassifyf.o(i.__ARM_fpclassifyf)
    i.__NVIC_GetPriorityGrouping             0x0800bd04   Section        0  stm32f1xx_hal_cortex.o(i.__NVIC_GetPriorityGrouping)
    __NVIC_GetPriorityGrouping               0x0800bd05   Thumb Code    10  stm32f1xx_hal_cortex.o(i.__NVIC_GetPriorityGrouping)
    i.__NVIC_SetPriority                     0x0800bd14   Section        0  stm32f1xx_hal_cortex.o(i.__NVIC_SetPriority)
    __NVIC_SetPriority                       0x0800bd15   Thumb Code    32  stm32f1xx_hal_cortex.o(i.__NVIC_SetPriority)
    i.__mathlib_flt_divzero                  0x0800bd3c   Section        0  funder.o(i.__mathlib_flt_divzero)
    i.__mathlib_flt_infnan2                  0x0800bd46   Section        0  funder.o(i.__mathlib_flt_infnan2)
    i.__mathlib_flt_invalid                  0x0800bd4a   Section        0  funder.o(i.__mathlib_flt_invalid)
    i.__mathlib_flt_overflow                 0x0800bd52   Section        0  funder.o(i.__mathlib_flt_overflow)
    i.__mathlib_flt_underflow                0x0800bd5c   Section        0  funder.o(i.__mathlib_flt_underflow)
    i.__scatterload_copy                     0x0800bd66   Section       14  handlers.o(i.__scatterload_copy)
    i.__scatterload_null                     0x0800bd74   Section        2  handlers.o(i.__scatterload_null)
    i.__scatterload_zeroinit                 0x0800bd76   Section       14  handlers.o(i.__scatterload_zeroinit)
    i.__set_errno                            0x0800bd84   Section        0  errno.o(i.__set_errno)
    i._fp_digits                             0x0800bd90   Section        0  printfa.o(i._fp_digits)
    _fp_digits                               0x0800bd91   Thumb Code   366  printfa.o(i._fp_digits)
    i._printf_core                           0x0800bf14   Section        0  printfa.o(i._printf_core)
    _printf_core                             0x0800bf15   Thumb Code  1744  printfa.o(i._printf_core)
    i._printf_post_padding                   0x0800c5f0   Section        0  printfa.o(i._printf_post_padding)
    _printf_post_padding                     0x0800c5f1   Thumb Code    36  printfa.o(i._printf_post_padding)
    i._printf_pre_padding                    0x0800c614   Section        0  printfa.o(i._printf_pre_padding)
    _printf_pre_padding                      0x0800c615   Thumb Code    46  printfa.o(i._printf_pre_padding)
    i.a_llcc68_check_busy                    0x0800c642   Section        0  driver_llcc68.o(i.a_llcc68_check_busy)
    a_llcc68_check_busy                      0x0800c643   Thumb Code    64  driver_llcc68.o(i.a_llcc68_check_busy)
    i.a_llcc68_spi_read                      0x0800c682   Section        0  driver_llcc68.o(i.a_llcc68_spi_read)
    a_llcc68_spi_read                        0x0800c683   Thumb Code    36  driver_llcc68.o(i.a_llcc68_spi_read)
    i.a_llcc68_spi_read_buffer               0x0800c6a8   Section        0  driver_llcc68.o(i.a_llcc68_spi_read_buffer)
    a_llcc68_spi_read_buffer                 0x0800c6a9   Thumb Code    86  driver_llcc68.o(i.a_llcc68_spi_read_buffer)
    i.a_llcc68_spi_read_register             0x0800c71c   Section        0  driver_llcc68.o(i.a_llcc68_spi_read_register)
    a_llcc68_spi_read_register               0x0800c71d   Thumb Code    94  driver_llcc68.o(i.a_llcc68_spi_read_register)
    i.a_llcc68_spi_write                     0x0800c798   Section        0  driver_llcc68.o(i.a_llcc68_spi_write)
    a_llcc68_spi_write                       0x0800c799   Thumb Code    84  driver_llcc68.o(i.a_llcc68_spi_write)
    i.a_llcc68_spi_write_buffer              0x0800c808   Section        0  driver_llcc68.o(i.a_llcc68_spi_write_buffer)
    a_llcc68_spi_write_buffer                0x0800c809   Thumb Code    90  driver_llcc68.o(i.a_llcc68_spi_write_buffer)
    i.a_llcc68_spi_write_register            0x0800c880   Section        0  driver_llcc68.o(i.a_llcc68_spi_write_register)
    a_llcc68_spi_write_register              0x0800c881   Thumb Code    96  driver_llcc68.o(i.a_llcc68_spi_write_register)
    i.fputc                                  0x0800c8fc   Section        0  usart.o(i.fputc)
    i.llcc68_clear_device_errors             0x0800c918   Section        0  driver_llcc68.o(i.llcc68_clear_device_errors)
    i.llcc68_clear_irq_status                0x0800c9ac   Section        0  driver_llcc68.o(i.llcc68_clear_irq_status)
    i.llcc68_continuous_receive              0x0800ca40   Section        0  driver_llcc68.o(i.llcc68_continuous_receive)
    i.llcc68_deinit                          0x0800cb28   Section        0  driver_llcc68.o(i.llcc68_deinit)
    i.llcc68_frequency_convert_to_register   0x0800cc44   Section        0  driver_llcc68.o(i.llcc68_frequency_convert_to_register)
    i.llcc68_get_iq_polarity                 0x0800ccb0   Section        0  driver_llcc68.o(i.llcc68_get_iq_polarity)
    i.llcc68_get_tx_clamp_config             0x0800cd34   Section        0  driver_llcc68.o(i.llcc68_get_tx_clamp_config)
    i.llcc68_get_tx_modulation               0x0800cdb8   Section        0  driver_llcc68.o(i.llcc68_get_tx_modulation)
    i.llcc68_init                            0x0800ce3c   Section        0  driver_llcc68.o(i.llcc68_init)
    i.llcc68_interface_busy_gpio_deinit      0x0800d234   Section        0  driver_llcc68_interface.o(i.llcc68_interface_busy_gpio_deinit)
    i.llcc68_interface_busy_gpio_init        0x0800d238   Section        0  driver_llcc68_interface.o(i.llcc68_interface_busy_gpio_init)
    i.llcc68_interface_busy_gpio_read        0x0800d23c   Section        0  driver_llcc68_interface.o(i.llcc68_interface_busy_gpio_read)
    i.llcc68_interface_debug_print           0x0800d254   Section        0  driver_llcc68_interface.o(i.llcc68_interface_debug_print)
    i.llcc68_interface_delay_ms              0x0800d26e   Section        0  driver_llcc68_interface.o(i.llcc68_interface_delay_ms)
    i.llcc68_interface_receive_callback      0x0800d27c   Section        0  driver_llcc68_interface.o(i.llcc68_interface_receive_callback)
    i.llcc68_interface_reset_gpio_deinit     0x0800d444   Section        0  driver_llcc68_interface.o(i.llcc68_interface_reset_gpio_deinit)
    i.llcc68_interface_reset_gpio_init       0x0800d448   Section        0  driver_llcc68_interface.o(i.llcc68_interface_reset_gpio_init)
    i.llcc68_interface_reset_gpio_write      0x0800d44c   Section        0  driver_llcc68_interface.o(i.llcc68_interface_reset_gpio_write)
    i.llcc68_interface_spi_deinit            0x0800d474   Section        0  driver_llcc68_interface.o(i.llcc68_interface_spi_deinit)
    i.llcc68_interface_spi_init              0x0800d478   Section        0  driver_llcc68_interface.o(i.llcc68_interface_spi_init)
    i.llcc68_interface_spi_write_read        0x0800d47c   Section        0  driver_llcc68_interface.o(i.llcc68_interface_spi_write_read)
    i.llcc68_irq_handler                     0x0800d4fc   Section        0  driver_llcc68.o(i.llcc68_irq_handler)
    i.llcc68_lora_init                       0x0800d7e0   Section        0  int_llcc68.o(i.llcc68_lora_init)
    i.llcc68_lora_receive                    0x0800de10   Section        0  int_llcc68.o(i.llcc68_lora_receive)
    i.llcc68_lora_send                       0x0800de30   Section        0  int_llcc68.o(i.llcc68_lora_send)
    i.llcc68_lora_set_continuous_receive_mode 0x0800de68   Section        0  int_llcc68.o(i.llcc68_lora_set_continuous_receive_mode)
    i.llcc68_lora_set_send_mode              0x0800def8   Section        0  int_llcc68.o(i.llcc68_lora_set_send_mode)
    i.llcc68_lora_transmit                   0x0800df38   Section        0  driver_llcc68.o(i.llcc68_lora_transmit)
    i.llcc68_reset_stats                     0x0800e30c   Section        0  driver_llcc68.o(i.llcc68_reset_stats)
    i.llcc68_set_buffer_base_address         0x0800e3c0   Section        0  driver_llcc68.o(i.llcc68_set_buffer_base_address)
    i.llcc68_set_dio_irq_params              0x0800e458   Section        0  driver_llcc68.o(i.llcc68_set_dio_irq_params)
    i.llcc68_set_iq_polarity                 0x0800e524   Section        0  driver_llcc68.o(i.llcc68_set_iq_polarity)
    i.llcc68_set_lora_modulation_params      0x0800e5a8   Section        0  driver_llcc68.o(i.llcc68_set_lora_modulation_params)
    i.llcc68_set_lora_packet_params          0x0800e654   Section        0  driver_llcc68.o(i.llcc68_set_lora_packet_params)
    i.llcc68_set_lora_symb_num_timeout       0x0800e70c   Section        0  driver_llcc68.o(i.llcc68_set_lora_symb_num_timeout)
    i.llcc68_set_lora_sync_word              0x0800e79c   Section        0  driver_llcc68.o(i.llcc68_set_lora_sync_word)
    i.llcc68_set_ocp                         0x0800e82c   Section        0  driver_llcc68.o(i.llcc68_set_ocp)
    i.llcc68_set_pa_config                   0x0800e8b0   Section        0  driver_llcc68.o(i.llcc68_set_pa_config)
    i.llcc68_set_packet_type                 0x0800e948   Section        0  driver_llcc68.o(i.llcc68_set_packet_type)
    i.llcc68_set_regulator_mode              0x0800e9d0   Section        0  driver_llcc68.o(i.llcc68_set_regulator_mode)
    i.llcc68_set_rf_frequency                0x0800ea58   Section        0  driver_llcc68.o(i.llcc68_set_rf_frequency)
    i.llcc68_set_rx_gain                     0x0800eaf8   Section        0  driver_llcc68.o(i.llcc68_set_rx_gain)
    i.llcc68_set_rx_tx_fallback_mode         0x0800eb7c   Section        0  driver_llcc68.o(i.llcc68_set_rx_tx_fallback_mode)
    i.llcc68_set_standby                     0x0800ec0c   Section        0  driver_llcc68.o(i.llcc68_set_standby)
    i.llcc68_set_stop_timer_on_preamble      0x0800ec90   Section        0  driver_llcc68.o(i.llcc68_set_stop_timer_on_preamble)
    i.llcc68_set_tx_clamp_config             0x0800ed20   Section        0  driver_llcc68.o(i.llcc68_set_tx_clamp_config)
    i.llcc68_set_tx_modulation               0x0800eda4   Section        0  driver_llcc68.o(i.llcc68_set_tx_modulation)
    i.llcc68_set_tx_params                   0x0800ee28   Section        0  driver_llcc68.o(i.llcc68_set_tx_params)
    i.main                                   0x0800eeb8   Section        0  main.o(i.main)
    i.powf                                   0x0800eef8   Section        0  powf.o(i.powf)
    .constdata                               0x0800f518   Section       18  stm32f1xx_hal_rcc.o(.constdata)
    aPLLMULFactorTable                       0x0800f518   Data          16  stm32f1xx_hal_rcc.o(.constdata)
    aPredivFactorTable                       0x0800f528   Data           2  stm32f1xx_hal_rcc.o(.constdata)
    .constdata                               0x0800f52a   Section       24  system_stm32f1xx.o(.constdata)
    .constdata                               0x0800f544   Section      320  powf.o(.constdata)
    table                                    0x0800f544   Data         128  powf.o(.constdata)
    powersof2to1over16top                    0x0800f5c4   Data          64  powf.o(.constdata)
    powersof2to1over16bot                    0x0800f604   Data          64  powf.o(.constdata)
    powersof2to1over16all                    0x0800f644   Data          64  powf.o(.constdata)
    .data                                    0x20000000   Section        8  crc.o(.data)
    .data                                    0x20000008   Section        9  stm32f1xx_hal.o(.data)
    .data                                    0x20000014   Section        4  system_stm32f1xx.o(.data)
    .data                                    0x20000018   Section       16  app_update.o(.data)
    .data                                    0x20000028   Section        4  stdout.o(.data)
    .data                                    0x2000002c   Section        4  errno.o(.data)
    _errno                                   0x2000002c   Data           4  errno.o(.data)
    .bss                                     0x20000030   Section       40  can.o(.bss)
    .bss                                     0x20000058   Section       84  i2c.o(.bss)
    .bss                                     0x200000ac   Section       88  spi.o(.bss)
    .bss                                     0x20000104   Section       72  usart.o(.bss)
    .bss                                     0x2000014c   Section    16416  app_update.o(.bss)
    .bss                                     0x2000416c   Section      696  int_llcc68.o(.bss)
    STACK                                    0x20004428   Section     1024  startup_stm32f103xe.o(STACK)

    Global Symbols

    Symbol Name                              Value     Ov Type        Size  Object(Section)

    BuildAttributes$$THM_ISAv4$P$D$K$B$S$PE$A:L22UL41UL21$X:L11$S22US41US21$IEEE1$IW$USESV6$~STKCKD$USESV7$~SHL$OTIME$ROPI$IEEEX$EBA8$MICROLIB$REQ8$PRES8$EABIv2 0x00000000   Number         0  anon$$obj.o ABSOLUTE
    __ARM_use_no_argv                        0x00000000   Number         0  main.o ABSOLUTE
    _printf_a                                0x00000000   Number         0  stubs.o ABSOLUTE
    _printf_c                                0x00000000   Number         0  stubs.o ABSOLUTE
    _printf_charcount                        0x00000000   Number         0  stubs.o ABSOLUTE
    _printf_d                                0x00000000   Number         0  stubs.o ABSOLUTE
    _printf_e                                0x00000000   Number         0  stubs.o ABSOLUTE
    _printf_f                                0x00000000   Number         0  stubs.o ABSOLUTE
    _printf_flags                            0x00000000   Number         0  stubs.o ABSOLUTE
    _printf_fp_dec                           0x00000000   Number         0  stubs.o ABSOLUTE
    _printf_fp_hex                           0x00000000   Number         0  stubs.o ABSOLUTE
    _printf_g                                0x00000000   Number         0  stubs.o ABSOLUTE
    _printf_i                                0x00000000   Number         0  stubs.o ABSOLUTE
    _printf_int_dec                          0x00000000   Number         0  stubs.o ABSOLUTE
    _printf_l                                0x00000000   Number         0  stubs.o ABSOLUTE
    _printf_lc                               0x00000000   Number         0  stubs.o ABSOLUTE
    _printf_ll                               0x00000000   Number         0  stubs.o ABSOLUTE
    _printf_lld                              0x00000000   Number         0  stubs.o ABSOLUTE
    _printf_lli                              0x00000000   Number         0  stubs.o ABSOLUTE
    _printf_llo                              0x00000000   Number         0  stubs.o ABSOLUTE
    _printf_llu                              0x00000000   Number         0  stubs.o ABSOLUTE
    _printf_llx                              0x00000000   Number         0  stubs.o ABSOLUTE
    _printf_longlong_dec                     0x00000000   Number         0  stubs.o ABSOLUTE
    _printf_longlong_hex                     0x00000000   Number         0  stubs.o ABSOLUTE
    _printf_longlong_oct                     0x00000000   Number         0  stubs.o ABSOLUTE
    _printf_ls                               0x00000000   Number         0  stubs.o ABSOLUTE
    _printf_mbtowc                           0x00000000   Number         0  stubs.o ABSOLUTE
    _printf_n                                0x00000000   Number         0  stubs.o ABSOLUTE
    _printf_o                                0x00000000   Number         0  stubs.o ABSOLUTE
    _printf_p                                0x00000000   Number         0  stubs.o ABSOLUTE
    _printf_percent                          0x00000000   Number         0  stubs.o ABSOLUTE
    _printf_pre_padding                      0x00000000   Number         0  stubs.o ABSOLUTE
    _printf_return_value                     0x00000000   Number         0  stubs.o ABSOLUTE
    _printf_s                                0x00000000   Number         0  stubs.o ABSOLUTE
    _printf_sizespec                         0x00000000   Number         0  stubs.o ABSOLUTE
    _printf_str                              0x00000000   Number         0  stubs.o ABSOLUTE
    _printf_truncate_signed                  0x00000000   Number         0  stubs.o ABSOLUTE
    _printf_truncate_unsigned                0x00000000   Number         0  stubs.o ABSOLUTE
    _printf_u                                0x00000000   Number         0  stubs.o ABSOLUTE
    _printf_wc                               0x00000000   Number         0  stubs.o ABSOLUTE
    _printf_wctomb                           0x00000000   Number         0  stubs.o ABSOLUTE
    _printf_widthprec                        0x00000000   Number         0  stubs.o ABSOLUTE
    _printf_x                                0x00000000   Number         0  stubs.o ABSOLUTE
    __cpp_initialize__aeabi_                  - Undefined Weak Reference
    __cxa_finalize                            - Undefined Weak Reference
    __decompress                              - Undefined Weak Reference
    _clock_init                               - Undefined Weak Reference
    _microlib_exit                            - Undefined Weak Reference
    __Vectors_Size                           0x00000130   Number         0  startup_stm32f103xe.o ABSOLUTE
    __Vectors                                0x08008000   Data           4  startup_stm32f103xe.o(RESET)
    __Vectors_End                            0x08008130   Data           0  startup_stm32f103xe.o(RESET)
    __main                                   0x08008131   Thumb Code     0  entry.o(.ARM.Collect$$$$00000000)
    _main_stk                                0x08008131   Thumb Code     0  entry2.o(.ARM.Collect$$$$00000001)
    _main_scatterload                        0x08008135   Thumb Code     0  entry5.o(.ARM.Collect$$$$00000004)
    __main_after_scatterload                 0x08008139   Thumb Code     0  entry5.o(.ARM.Collect$$$$00000004)
    _main_clock                              0x08008139   Thumb Code     0  entry7b.o(.ARM.Collect$$$$00000008)
    _main_cpp_init                           0x08008139   Thumb Code     0  entry8b.o(.ARM.Collect$$$$0000000A)
    _main_init                               0x08008139   Thumb Code     0  entry9a.o(.ARM.Collect$$$$0000000B)
    __rt_final_cpp                           0x08008141   Thumb Code     0  entry10a.o(.ARM.Collect$$$$0000000D)
    __rt_final_exit                          0x08008141   Thumb Code     0  entry11a.o(.ARM.Collect$$$$0000000F)
    Reset_Handler                            0x08008145   Thumb Code     8  startup_stm32f103xe.o(.text)
    ADC1_2_IRQHandler                        0x0800815f   Thumb Code     0  startup_stm32f103xe.o(.text)
    ADC3_IRQHandler                          0x0800815f   Thumb Code     0  startup_stm32f103xe.o(.text)
    CAN1_RX1_IRQHandler                      0x0800815f   Thumb Code     0  startup_stm32f103xe.o(.text)
    CAN1_SCE_IRQHandler                      0x0800815f   Thumb Code     0  startup_stm32f103xe.o(.text)
    DMA1_Channel1_IRQHandler                 0x0800815f   Thumb Code     0  startup_stm32f103xe.o(.text)
    DMA1_Channel2_IRQHandler                 0x0800815f   Thumb Code     0  startup_stm32f103xe.o(.text)
    DMA1_Channel3_IRQHandler                 0x0800815f   Thumb Code     0  startup_stm32f103xe.o(.text)
    DMA1_Channel4_IRQHandler                 0x0800815f   Thumb Code     0  startup_stm32f103xe.o(.text)
    DMA1_Channel5_IRQHandler                 0x0800815f   Thumb Code     0  startup_stm32f103xe.o(.text)
    DMA1_Channel6_IRQHandler                 0x0800815f   Thumb Code     0  startup_stm32f103xe.o(.text)
    DMA1_Channel7_IRQHandler                 0x0800815f   Thumb Code     0  startup_stm32f103xe.o(.text)
    DMA2_Channel1_IRQHandler                 0x0800815f   Thumb Code     0  startup_stm32f103xe.o(.text)
    DMA2_Channel2_IRQHandler                 0x0800815f   Thumb Code     0  startup_stm32f103xe.o(.text)
    DMA2_Channel3_IRQHandler                 0x0800815f   Thumb Code     0  startup_stm32f103xe.o(.text)
    DMA2_Channel4_5_IRQHandler               0x0800815f   Thumb Code     0  startup_stm32f103xe.o(.text)
    EXTI0_IRQHandler                         0x0800815f   Thumb Code     0  startup_stm32f103xe.o(.text)
    EXTI15_10_IRQHandler                     0x0800815f   Thumb Code     0  startup_stm32f103xe.o(.text)
    EXTI1_IRQHandler                         0x0800815f   Thumb Code     0  startup_stm32f103xe.o(.text)
    EXTI2_IRQHandler                         0x0800815f   Thumb Code     0  startup_stm32f103xe.o(.text)
    EXTI3_IRQHandler                         0x0800815f   Thumb Code     0  startup_stm32f103xe.o(.text)
    EXTI4_IRQHandler                         0x0800815f   Thumb Code     0  startup_stm32f103xe.o(.text)
    EXTI9_5_IRQHandler                       0x0800815f   Thumb Code     0  startup_stm32f103xe.o(.text)
    FLASH_IRQHandler                         0x0800815f   Thumb Code     0  startup_stm32f103xe.o(.text)
    FSMC_IRQHandler                          0x0800815f   Thumb Code     0  startup_stm32f103xe.o(.text)
    I2C1_ER_IRQHandler                       0x0800815f   Thumb Code     0  startup_stm32f103xe.o(.text)
    I2C1_EV_IRQHandler                       0x0800815f   Thumb Code     0  startup_stm32f103xe.o(.text)
    I2C2_ER_IRQHandler                       0x0800815f   Thumb Code     0  startup_stm32f103xe.o(.text)
    I2C2_EV_IRQHandler                       0x0800815f   Thumb Code     0  startup_stm32f103xe.o(.text)
    PVD_IRQHandler                           0x0800815f   Thumb Code     0  startup_stm32f103xe.o(.text)
    RCC_IRQHandler                           0x0800815f   Thumb Code     0  startup_stm32f103xe.o(.text)
    RTC_Alarm_IRQHandler                     0x0800815f   Thumb Code     0  startup_stm32f103xe.o(.text)
    RTC_IRQHandler                           0x0800815f   Thumb Code     0  startup_stm32f103xe.o(.text)
    SDIO_IRQHandler                          0x0800815f   Thumb Code     0  startup_stm32f103xe.o(.text)
    SPI1_IRQHandler                          0x0800815f   Thumb Code     0  startup_stm32f103xe.o(.text)
    SPI2_IRQHandler                          0x0800815f   Thumb Code     0  startup_stm32f103xe.o(.text)
    SPI3_IRQHandler                          0x0800815f   Thumb Code     0  startup_stm32f103xe.o(.text)
    TAMPER_IRQHandler                        0x0800815f   Thumb Code     0  startup_stm32f103xe.o(.text)
    TIM1_BRK_IRQHandler                      0x0800815f   Thumb Code     0  startup_stm32f103xe.o(.text)
    TIM1_CC_IRQHandler                       0x0800815f   Thumb Code     0  startup_stm32f103xe.o(.text)
    TIM1_TRG_COM_IRQHandler                  0x0800815f   Thumb Code     0  startup_stm32f103xe.o(.text)
    TIM1_UP_IRQHandler                       0x0800815f   Thumb Code     0  startup_stm32f103xe.o(.text)
    TIM2_IRQHandler                          0x0800815f   Thumb Code     0  startup_stm32f103xe.o(.text)
    TIM3_IRQHandler                          0x0800815f   Thumb Code     0  startup_stm32f103xe.o(.text)
    TIM4_IRQHandler                          0x0800815f   Thumb Code     0  startup_stm32f103xe.o(.text)
    TIM5_IRQHandler                          0x0800815f   Thumb Code     0  startup_stm32f103xe.o(.text)
    TIM6_IRQHandler                          0x0800815f   Thumb Code     0  startup_stm32f103xe.o(.text)
    TIM7_IRQHandler                          0x0800815f   Thumb Code     0  startup_stm32f103xe.o(.text)
    TIM8_BRK_IRQHandler                      0x0800815f   Thumb Code     0  startup_stm32f103xe.o(.text)
    TIM8_CC_IRQHandler                       0x0800815f   Thumb Code     0  startup_stm32f103xe.o(.text)
    TIM8_TRG_COM_IRQHandler                  0x0800815f   Thumb Code     0  startup_stm32f103xe.o(.text)
    TIM8_UP_IRQHandler                       0x0800815f   Thumb Code     0  startup_stm32f103xe.o(.text)
    UART4_IRQHandler                         0x0800815f   Thumb Code     0  startup_stm32f103xe.o(.text)
    UART5_IRQHandler                         0x0800815f   Thumb Code     0  startup_stm32f103xe.o(.text)
    USART2_IRQHandler                        0x0800815f   Thumb Code     0  startup_stm32f103xe.o(.text)
    USART3_IRQHandler                        0x0800815f   Thumb Code     0  startup_stm32f103xe.o(.text)
    USBWakeUp_IRQHandler                     0x0800815f   Thumb Code     0  startup_stm32f103xe.o(.text)
    USB_HP_CAN1_TX_IRQHandler                0x0800815f   Thumb Code     0  startup_stm32f103xe.o(.text)
    USB_LP_CAN1_RX0_IRQHandler               0x0800815f   Thumb Code     0  startup_stm32f103xe.o(.text)
    WWDG_IRQHandler                          0x0800815f   Thumb Code     0  startup_stm32f103xe.o(.text)
    __aeabi_llsr                             0x08008169   Thumb Code    32  llushr.o(.text)
    _ll_ushift_r                             0x08008169   Thumb Code     0  llushr.o(.text)
    __aeabi_memcpy                           0x08008189   Thumb Code    36  memcpya.o(.text)
    __aeabi_memcpy4                          0x08008189   Thumb Code     0  memcpya.o(.text)
    __aeabi_memcpy8                          0x08008189   Thumb Code     0  memcpya.o(.text)
    __aeabi_memset                           0x080081ad   Thumb Code    14  memseta.o(.text)
    __aeabi_memset4                          0x080081ad   Thumb Code     0  memseta.o(.text)
    __aeabi_memset8                          0x080081ad   Thumb Code     0  memseta.o(.text)
    __aeabi_memclr                           0x080081bb   Thumb Code     4  memseta.o(.text)
    __aeabi_memclr4                          0x080081bb   Thumb Code     0  memseta.o(.text)
    __aeabi_memclr8                          0x080081bb   Thumb Code     0  memseta.o(.text)
    _memset$wrapper                          0x080081bf   Thumb Code    18  memseta.o(.text)
    strstr                                   0x080081d1   Thumb Code    36  strstr.o(.text)
    __aeabi_fmul                             0x080081f5   Thumb Code   100  fmul.o(.text)
    __aeabi_fdiv                             0x08008259   Thumb Code   124  fdiv.o(.text)
    __aeabi_dmul                             0x080082d5   Thumb Code   228  dmul.o(.text)
    __aeabi_ddiv                             0x080083b9   Thumb Code   222  ddiv.o(.text)
    __aeabi_ui2f                             0x08008497   Thumb Code    10  ffltui.o(.text)
    __aeabi_ui2d                             0x080084a1   Thumb Code    26  dfltui.o(.text)
    __aeabi_f2uiz                            0x080084bb   Thumb Code    40  ffixui.o(.text)
    __aeabi_d2uiz                            0x080084e3   Thumb Code    50  dfixui.o(.text)
    __aeabi_uidiv                            0x08008515   Thumb Code     0  uidiv.o(.text)
    __aeabi_uidivmod                         0x08008515   Thumb Code    44  uidiv.o(.text)
    __aeabi_uldivmod                         0x08008541   Thumb Code    98  uldiv.o(.text)
    __I$use$fp                               0x080085a3   Thumb Code     0  iusefp.o(.text)
    _float_round                             0x080085a3   Thumb Code    18  fepilogue.o(.text)
    _float_epilogue                          0x080085b5   Thumb Code    92  fepilogue.o(.text)
    __aeabi_fadd                             0x08008611   Thumb Code   164  fadd.o(.text)
    __aeabi_fsub                             0x080086b5   Thumb Code     6  fadd.o(.text)
    __aeabi_frsub                            0x080086bb   Thumb Code     6  fadd.o(.text)
    __ARM_scalbnf                            0x080086c1   Thumb Code    24  fscalb.o(.text)
    scalbnf                                  0x080086c1   Thumb Code     0  fscalb.o(.text)
    _double_round                            0x080086d9   Thumb Code    30  depilogue.o(.text)
    _double_epilogue                         0x080086f7   Thumb Code   156  depilogue.o(.text)
    __aeabi_dadd                             0x08008793   Thumb Code   322  dadd.o(.text)
    __aeabi_dsub                             0x080088d5   Thumb Code     6  dadd.o(.text)
    __aeabi_drsub                            0x080088db   Thumb Code     6  dadd.o(.text)
    __aeabi_i2f                              0x080088e1   Thumb Code    18  fflti.o(.text)
    __aeabi_d2ulz                            0x080088f3   Thumb Code    48  dfixul.o(.text)
    _ffix_r                                  0x08008923   Thumb Code    76  ffixir.o(.text)
    __aeabi_cdrcmple                         0x08008971   Thumb Code    48  cdrcmple.o(.text)
    __fp_status                              0x080089a1   Thumb Code     4  fpstat.o(.text)
    __ieee_status                            0x080089a1   Thumb Code     0  fpstat.o(.text)
    __scatterload                            0x080089a5   Thumb Code    28  init.o(.text)
    __scatterload_rt2                        0x080089a5   Thumb Code     0  init.o(.text)
    __aeabi_llsl                             0x080089c9   Thumb Code    30  llshl.o(.text)
    _ll_shift_l                              0x080089c9   Thumb Code     0  llshl.o(.text)
    __aeabi_lasr                             0x080089e7   Thumb Code    36  llsshr.o(.text)
    _ll_sshift_r                             0x080089e7   Thumb Code     0  llsshr.o(.text)
    App_update_change_boot_mode              0x08008aa1   Thumb Code   184  app_update.o(i.App_update_change_boot_mode)
    App_update_check_data                    0x08008b69   Thumb Code   132  app_update.o(i.App_update_check_data)
    App_update_init                          0x08008c29   Thumb Code    70  app_update.o(i.App_update_init)
    App_update_receive_app_data              0x08008c79   Thumb Code   114  app_update.o(i.App_update_receive_app_data)
    App_update_send_update_cmd               0x08008d19   Thumb Code    18  app_update.o(i.App_update_send_update_cmd)
    App_update_work                          0x08008d35   Thumb Code    98  app_update.o(i.App_update_work)
    BusFault_Handler                         0x08008dbd   Thumb Code     4  stm32f1xx_it.o(i.BusFault_Handler)
    DebugMon_Handler                         0x08008dc1   Thumb Code     2  stm32f1xx_it.o(i.DebugMon_Handler)
    Error_Handler                            0x08008dc3   Thumb Code     6  main.o(i.Error_Handler)
    HAL_CAN_Init                             0x08008dc9   Thumb Code   372  stm32f1xx_hal_can.o(i.HAL_CAN_Init)
    HAL_CAN_MspInit                          0x08008f3d   Thumb Code   144  can.o(i.HAL_CAN_MspInit)
    HAL_CRC_Calculate                        0x08008fdd   Thumb Code    52  stm32f1xx_hal_crc.o(i.HAL_CRC_Calculate)
    HAL_CRC_Init                             0x08009011   Thumb Code    32  stm32f1xx_hal_crc.o(i.HAL_CRC_Init)
    HAL_CRC_MspInit                          0x08009031   Thumb Code    40  crc.o(i.HAL_CRC_MspInit)
    HAL_DMA_Abort                            0x08009061   Thumb Code    86  stm32f1xx_hal_dma.o(i.HAL_DMA_Abort)
    HAL_DMA_Abort_IT                         0x080090b9   Thumb Code   414  stm32f1xx_hal_dma.o(i.HAL_DMA_Abort_IT)
    HAL_Delay                                0x08009261   Thumb Code    36  stm32f1xx_hal.o(i.HAL_Delay)
    HAL_GPIO_Init                            0x08009289   Thumb Code   792  stm32f1xx_hal_gpio.o(i.HAL_GPIO_Init)
    HAL_GPIO_ReadPin                         0x080095c9   Thumb Code    16  stm32f1xx_hal_gpio.o(i.HAL_GPIO_ReadPin)
    HAL_GPIO_WritePin                        0x080095d9   Thumb Code    12  stm32f1xx_hal_gpio.o(i.HAL_GPIO_WritePin)
    HAL_GetTick                              0x080095e5   Thumb Code     6  stm32f1xx_hal.o(i.HAL_GetTick)
    HAL_I2C_Init                             0x080095f1   Thumb Code   446  stm32f1xx_hal_i2c.o(i.HAL_I2C_Init)
    HAL_I2C_Mem_Write                        0x080097c1   Thumb Code   348  stm32f1xx_hal_i2c.o(i.HAL_I2C_Mem_Write)
    HAL_I2C_MspInit                          0x08009925   Thumb Code   106  i2c.o(i.HAL_I2C_MspInit)
    HAL_IncTick                              0x0800999d   Thumb Code    16  stm32f1xx_hal.o(i.HAL_IncTick)
    HAL_Init                                 0x080099b5   Thumb Code    34  stm32f1xx_hal.o(i.HAL_Init)
    HAL_InitTick                             0x080099dd   Thumb Code    64  stm32f1xx_hal.o(i.HAL_InitTick)
    HAL_MspInit                              0x08009a29   Thumb Code    76  stm32f1xx_hal_msp.o(i.HAL_MspInit)
    HAL_NVIC_EnableIRQ                       0x08009a7d   Thumb Code    32  stm32f1xx_hal_cortex.o(i.HAL_NVIC_EnableIRQ)
    HAL_NVIC_SetPriority                     0x08009a9d   Thumb Code   124  stm32f1xx_hal_cortex.o(i.HAL_NVIC_SetPriority)
    HAL_NVIC_SetPriorityGrouping             0x08009b19   Thumb Code    32  stm32f1xx_hal_cortex.o(i.HAL_NVIC_SetPriorityGrouping)
    HAL_NVIC_SystemReset                     0x08009b41   Thumb Code    60  stm32f1xx_hal_cortex.o(i.HAL_NVIC_SystemReset)
    HAL_RCC_ClockConfig                      0x08009b85   Thumb Code   376  stm32f1xx_hal_rcc.o(i.HAL_RCC_ClockConfig)
    HAL_RCC_GetHCLKFreq                      0x08009d11   Thumb Code     6  stm32f1xx_hal_rcc.o(i.HAL_RCC_GetHCLKFreq)
    HAL_RCC_GetPCLK1Freq                     0x08009d1d   Thumb Code    22  stm32f1xx_hal_rcc.o(i.HAL_RCC_GetPCLK1Freq)
    HAL_RCC_GetPCLK2Freq                     0x08009d3d   Thumb Code    22  stm32f1xx_hal_rcc.o(i.HAL_RCC_GetPCLK2Freq)
    HAL_RCC_GetSysClockFreq                  0x08009d5d   Thumb Code    92  stm32f1xx_hal_rcc.o(i.HAL_RCC_GetSysClockFreq)
    HAL_RCC_OscConfig                        0x08009dcd   Thumb Code  1114  stm32f1xx_hal_rcc.o(i.HAL_RCC_OscConfig)
    HAL_SPI_Init                             0x0800a231   Thumb Code   190  stm32f1xx_hal_spi.o(i.HAL_SPI_Init)
    HAL_SPI_MspInit                          0x0800a2f1   Thumb Code   120  spi.o(i.HAL_SPI_MspInit)
    HAL_SPI_Receive                          0x0800a375   Thumb Code   382  stm32f1xx_hal_spi.o(i.HAL_SPI_Receive)
    HAL_SPI_Transmit                         0x0800a4f3   Thumb Code   444  stm32f1xx_hal_spi.o(i.HAL_SPI_Transmit)
    HAL_SPI_TransmitReceive                  0x0800a6af   Thumb Code   576  stm32f1xx_hal_spi.o(i.HAL_SPI_TransmitReceive)
    HAL_SYSTICK_Config                       0x0800a8ef   Thumb Code    52  stm32f1xx_hal_cortex.o(i.HAL_SYSTICK_Config)
    HAL_UARTEx_ReceiveToIdle_IT              0x0800a923   Thumb Code   114  stm32f1xx_hal_uart.o(i.HAL_UARTEx_ReceiveToIdle_IT)
    HAL_UARTEx_RxEventCallback               0x0800a995   Thumb Code   100  app_update.o(i.HAL_UARTEx_RxEventCallback)
    HAL_UART_ErrorCallback                   0x0800aa0d   Thumb Code     2  stm32f1xx_hal_uart.o(i.HAL_UART_ErrorCallback)
    HAL_UART_IRQHandler                      0x0800aa11   Thumb Code   736  stm32f1xx_hal_uart.o(i.HAL_UART_IRQHandler)
    HAL_UART_Init                            0x0800acf5   Thumb Code   118  stm32f1xx_hal_uart.o(i.HAL_UART_Init)
    HAL_UART_MspInit                         0x0800ad6d   Thumb Code   138  usart.o(i.HAL_UART_MspInit)
    HAL_UART_RxCpltCallback                  0x0800ae05   Thumb Code     2  stm32f1xx_hal_uart.o(i.HAL_UART_RxCpltCallback)
    HAL_UART_Transmit                        0x0800ae07   Thumb Code   178  stm32f1xx_hal_uart.o(i.HAL_UART_Transmit)
    HAL_UART_TxCpltCallback                  0x0800aeb9   Thumb Code     2  stm32f1xx_hal_uart.o(i.HAL_UART_TxCpltCallback)
    HardFault_Handler                        0x0800aebb   Thumb Code     4  stm32f1xx_it.o(i.HardFault_Handler)
    Int_w24c02_write_bytes                   0x0800b261   Thumb Code   168  int_w24c02.o(i.Int_w24c02_write_bytes)
    Int_w25q32_erase_sector                  0x0800b32d   Thumb Code    54  int_w25q32.o(i.Int_w25q32_erase_sector)
    Int_w25q32_read_byte                     0x0800b365   Thumb Code    20  int_w25q32.o(i.Int_w25q32_read_byte)
    Int_w25q32_start                         0x0800b37d   Thumb Code    16  int_w25q32.o(i.Int_w25q32_start)
    Int_w25q32_stop                          0x0800b391   Thumb Code    14  int_w25q32.o(i.Int_w25q32_stop)
    Int_w25q32_write_byte                    0x0800b3cd   Thumb Code    16  int_w25q32.o(i.Int_w25q32_write_byte)
    Int_w25q32_write_data_with_32addr        0x0800b3e1   Thumb Code    72  int_w25q32.o(i.Int_w25q32_write_data_with_32addr)
    MX_CAN_Init                              0x0800b441   Thumb Code    60  can.o(i.MX_CAN_Init)
    MX_CRC_Init                              0x0800b485   Thumb Code    22  crc.o(i.MX_CRC_Init)
    MX_GPIO_Init                             0x0800b4a5   Thumb Code   314  gpio.o(i.MX_GPIO_Init)
    MX_I2C2_Init                             0x0800b5f5   Thumb Code    48  i2c.o(i.MX_I2C2_Init)
    MX_SPI1_Init                             0x0800b631   Thumb Code    60  spi.o(i.MX_SPI1_Init)
    MX_USART1_UART_Init                      0x0800b675   Thumb Code    46  usart.o(i.MX_USART1_UART_Init)
    MemManage_Handler                        0x0800b6ad   Thumb Code     4  stm32f1xx_it.o(i.MemManage_Handler)
    NMI_Handler                              0x0800b6b1   Thumb Code     4  stm32f1xx_it.o(i.NMI_Handler)
    PendSV_Handler                           0x0800b6b5   Thumb Code     2  stm32f1xx_it.o(i.PendSV_Handler)
    SVC_Handler                              0x0800b859   Thumb Code     2  stm32f1xx_it.o(i.SVC_Handler)
    SysTick_Handler                          0x0800b85b   Thumb Code     8  stm32f1xx_it.o(i.SysTick_Handler)
    SystemClock_Config                       0x0800b863   Thumb Code   102  main.o(i.SystemClock_Config)
    SystemInit                               0x0800b8c9   Thumb Code     2  system_stm32f1xx.o(i.SystemInit)
    UART_Start_Receive_IT                    0x0800bb65   Thumb Code    64  stm32f1xx_hal_uart.o(i.UART_Start_Receive_IT)
    USART1_IRQHandler                        0x0800bc99   Thumb Code    10  stm32f1xx_it.o(i.USART1_IRQHandler)
    UsageFault_Handler                       0x0800bca9   Thumb Code     4  stm32f1xx_it.o(i.UsageFault_Handler)
    __0printf                                0x0800bcad   Thumb Code    22  printfa.o(i.__0printf)
    __1printf                                0x0800bcad   Thumb Code     0  printfa.o(i.__0printf)
    __2printf                                0x0800bcad   Thumb Code     0  printfa.o(i.__0printf)
    __c89printf                              0x0800bcad   Thumb Code     0  printfa.o(i.__0printf)
    printf                                   0x0800bcad   Thumb Code     0  printfa.o(i.__0printf)
    __0vprintf                               0x0800bccd   Thumb Code     8  printfa.o(i.__0vprintf)
    __1vprintf                               0x0800bccd   Thumb Code     0  printfa.o(i.__0vprintf)
    __2vprintf                               0x0800bccd   Thumb Code     0  printfa.o(i.__0vprintf)
    __c89vprintf                             0x0800bccd   Thumb Code     0  printfa.o(i.__0vprintf)
    vprintf                                  0x0800bccd   Thumb Code     0  printfa.o(i.__0vprintf)
    __ARM_fpclassifyf                        0x0800bcdd   Thumb Code    38  fpclassifyf.o(i.__ARM_fpclassifyf)
    __mathlib_flt_divzero                    0x0800bd3d   Thumb Code    10  funder.o(i.__mathlib_flt_divzero)
    __mathlib_flt_infnan2                    0x0800bd47   Thumb Code     4  funder.o(i.__mathlib_flt_infnan2)
    __mathlib_flt_invalid                    0x0800bd4b   Thumb Code     8  funder.o(i.__mathlib_flt_invalid)
    __mathlib_flt_overflow                   0x0800bd53   Thumb Code    10  funder.o(i.__mathlib_flt_overflow)
    __mathlib_flt_underflow                  0x0800bd5d   Thumb Code    10  funder.o(i.__mathlib_flt_underflow)
    __scatterload_copy                       0x0800bd67   Thumb Code    14  handlers.o(i.__scatterload_copy)
    __scatterload_null                       0x0800bd75   Thumb Code     2  handlers.o(i.__scatterload_null)
    __scatterload_zeroinit                   0x0800bd77   Thumb Code    14  handlers.o(i.__scatterload_zeroinit)
    __set_errno                              0x0800bd85   Thumb Code     6  errno.o(i.__set_errno)
    fputc                                    0x0800c8fd   Thumb Code    22  usart.o(i.fputc)
    llcc68_clear_device_errors               0x0800c919   Thumb Code    82  driver_llcc68.o(i.llcc68_clear_device_errors)
    llcc68_clear_irq_status                  0x0800c9ad   Thumb Code    86  driver_llcc68.o(i.llcc68_clear_irq_status)
    llcc68_continuous_receive                0x0800ca41   Thumb Code   148  driver_llcc68.o(i.llcc68_continuous_receive)
    llcc68_deinit                            0x0800cb29   Thumb Code   130  driver_llcc68.o(i.llcc68_deinit)
    llcc68_frequency_convert_to_register     0x0800cc45   Thumb Code    94  driver_llcc68.o(i.llcc68_frequency_convert_to_register)
    llcc68_get_iq_polarity                   0x0800ccb1   Thumb Code    76  driver_llcc68.o(i.llcc68_get_iq_polarity)
    llcc68_get_tx_clamp_config               0x0800cd35   Thumb Code    76  driver_llcc68.o(i.llcc68_get_tx_clamp_config)
    llcc68_get_tx_modulation                 0x0800cdb9   Thumb Code    76  driver_llcc68.o(i.llcc68_get_tx_modulation)
    llcc68_init                              0x0800ce3d   Thumb Code   426  driver_llcc68.o(i.llcc68_init)
    llcc68_interface_busy_gpio_deinit        0x0800d235   Thumb Code     4  driver_llcc68_interface.o(i.llcc68_interface_busy_gpio_deinit)
    llcc68_interface_busy_gpio_init          0x0800d239   Thumb Code     4  driver_llcc68_interface.o(i.llcc68_interface_busy_gpio_init)
    llcc68_interface_busy_gpio_read          0x0800d23d   Thumb Code    18  driver_llcc68_interface.o(i.llcc68_interface_busy_gpio_read)
    llcc68_interface_debug_print             0x0800d255   Thumb Code    26  driver_llcc68_interface.o(i.llcc68_interface_debug_print)
    llcc68_interface_delay_ms                0x0800d26f   Thumb Code    12  driver_llcc68_interface.o(i.llcc68_interface_delay_ms)
    llcc68_interface_receive_callback        0x0800d27d   Thumb Code   154  driver_llcc68_interface.o(i.llcc68_interface_receive_callback)
    llcc68_interface_reset_gpio_deinit       0x0800d445   Thumb Code     4  driver_llcc68_interface.o(i.llcc68_interface_reset_gpio_deinit)
    llcc68_interface_reset_gpio_init         0x0800d449   Thumb Code     4  driver_llcc68_interface.o(i.llcc68_interface_reset_gpio_init)
    llcc68_interface_reset_gpio_write        0x0800d44d   Thumb Code    34  driver_llcc68_interface.o(i.llcc68_interface_reset_gpio_write)
    llcc68_interface_spi_deinit              0x0800d475   Thumb Code     4  driver_llcc68_interface.o(i.llcc68_interface_spi_deinit)
    llcc68_interface_spi_init                0x0800d479   Thumb Code     4  driver_llcc68_interface.o(i.llcc68_interface_spi_init)
    llcc68_interface_spi_write_read          0x0800d47d   Thumb Code   120  driver_llcc68_interface.o(i.llcc68_interface_spi_write_read)
    llcc68_irq_handler                       0x0800d4fd   Thumb Code   536  driver_llcc68.o(i.llcc68_irq_handler)
    llcc68_lora_init                         0x0800d7e1   Thumb Code   724  int_llcc68.o(i.llcc68_lora_init)
    llcc68_lora_receive                      0x0800de11   Thumb Code    26  int_llcc68.o(i.llcc68_lora_receive)
    llcc68_lora_send                         0x0800de31   Thumb Code    52  int_llcc68.o(i.llcc68_lora_send)
    llcc68_lora_set_continuous_receive_mode  0x0800de69   Thumb Code   134  int_llcc68.o(i.llcc68_lora_set_continuous_receive_mode)
    llcc68_lora_set_send_mode                0x0800def9   Thumb Code    56  int_llcc68.o(i.llcc68_lora_set_send_mode)
    llcc68_lora_transmit                     0x0800df39   Thumb Code   674  driver_llcc68.o(i.llcc68_lora_transmit)
    llcc68_reset_stats                       0x0800e30d   Thumb Code   122  driver_llcc68.o(i.llcc68_reset_stats)
    llcc68_set_buffer_base_address           0x0800e3c1   Thumb Code    84  driver_llcc68.o(i.llcc68_set_buffer_base_address)
    llcc68_set_dio_irq_params                0x0800e459   Thumb Code   142  driver_llcc68.o(i.llcc68_set_dio_irq_params)
    llcc68_set_iq_polarity                   0x0800e525   Thumb Code    74  driver_llcc68.o(i.llcc68_set_iq_polarity)
    llcc68_set_lora_modulation_params        0x0800e5a9   Thumb Code   102  driver_llcc68.o(i.llcc68_set_lora_modulation_params)
    llcc68_set_lora_packet_params            0x0800e655   Thumb Code   114  driver_llcc68.o(i.llcc68_set_lora_packet_params)
    llcc68_set_lora_symb_num_timeout         0x0800e70d   Thumb Code    76  driver_llcc68.o(i.llcc68_set_lora_symb_num_timeout)
    llcc68_set_lora_sync_word                0x0800e79d   Thumb Code    88  driver_llcc68.o(i.llcc68_set_lora_sync_word)
    llcc68_set_ocp                           0x0800e82d   Thumb Code    74  driver_llcc68.o(i.llcc68_set_ocp)
    llcc68_set_pa_config                     0x0800e8b1   Thumb Code    96  driver_llcc68.o(i.llcc68_set_pa_config)
    llcc68_set_packet_type                   0x0800e949   Thumb Code    76  driver_llcc68.o(i.llcc68_set_packet_type)
    llcc68_set_regulator_mode                0x0800e9d1   Thumb Code    76  driver_llcc68.o(i.llcc68_set_regulator_mode)
    llcc68_set_rf_frequency                  0x0800ea59   Thumb Code    98  driver_llcc68.o(i.llcc68_set_rf_frequency)
    llcc68_set_rx_gain                       0x0800eaf9   Thumb Code    74  driver_llcc68.o(i.llcc68_set_rx_gain)
    llcc68_set_rx_tx_fallback_mode           0x0800eb7d   Thumb Code    76  driver_llcc68.o(i.llcc68_set_rx_tx_fallback_mode)
    llcc68_set_standby                       0x0800ec0d   Thumb Code    76  driver_llcc68.o(i.llcc68_set_standby)
    llcc68_set_stop_timer_on_preamble        0x0800ec91   Thumb Code    76  driver_llcc68.o(i.llcc68_set_stop_timer_on_preamble)
    llcc68_set_tx_clamp_config               0x0800ed21   Thumb Code    74  driver_llcc68.o(i.llcc68_set_tx_clamp_config)
    llcc68_set_tx_modulation                 0x0800eda5   Thumb Code    74  driver_llcc68.o(i.llcc68_set_tx_modulation)
    llcc68_set_tx_params                     0x0800ee29   Thumb Code    86  driver_llcc68.o(i.llcc68_set_tx_params)
    main                                     0x0800eeb9   Thumb Code    54  main.o(i.main)
    __mathlib_powf                           0x0800eef9   Thumb Code     0  powf.o(i.powf)
    powf                                     0x0800eef9   Thumb Code  1548  powf.o(i.powf)
    AHBPrescTable                            0x0800f52a   Data          16  system_stm32f1xx.o(.constdata)
    APBPrescTable                            0x0800f53a   Data           8  system_stm32f1xx.o(.constdata)
    Region$$Table$$Base                      0x0800f684   Number         0  anon$$obj.o(Region$$Table)
    Region$$Table$$Limit                     0x0800f6a4   Number         0  anon$$obj.o(Region$$Table)
    hcrc                                     0x20000000   Data           8  crc.o(.data)
    uwTick                                   0x20000008   Data           4  stm32f1xx_hal.o(.data)
    uwTickPrio                               0x2000000c   Data           4  stm32f1xx_hal.o(.data)
    uwTickFreq                               0x20000010   Data           1  stm32f1xx_hal.o(.data)
    SystemCoreClock                          0x20000014   Data           4  system_stm32f1xx.o(.data)
    update_state                             0x20000018   Data           1  app_update.o(.data)
    lora_rec_msg_len                         0x2000001a   Data           2  app_update.o(.data)
    lora_rec_time                            0x2000001c   Data           4  app_update.o(.data)
    w25q32_write_buff                        0x20000020   Data           8  app_update.o(.data)
    __stdout                                 0x20000028   Data           4  stdout.o(.data)
    hcan                                     0x20000030   Data          40  can.o(.bss)
    hi2c2                                    0x20000058   Data          84  i2c.o(.bss)
    hspi1                                    0x200000ac   Data          88  spi.o(.bss)
    huart1                                   0x20000104   Data          72  usart.o(.bss)
    uart_rec_buff                            0x2000014c   Data          32  app_update.o(.bss)
    app_data_buff                            0x2000016c   Data       16384  app_update.o(.bss)
    gs_handle                                0x2000416c   Data         696  int_llcc68.o(.bss)
    __initial_sp                             0x20004828   Data           0  startup_stm32f103xe.o(STACK)



==============================================================================

Memory Map of the image

  Image Entry point : 0x08008131

  Load Region LR_IROM1 (Base: 0x08008000, Size: 0x000076d4, Max: 0x00078000, ABSOLUTE)

    Execution Region ER_IROM1 (Exec base: 0x08008000, Load base: 0x08008000, Size: 0x000076a4, Max: 0x00078000, ABSOLUTE)

    Exec Addr    Load Addr    Size         Type   Attr      Idx    E Section Name        Object

    0x08008000   0x08008000   0x00000130   Data   RO            3    RESET               startup_stm32f103xe.o
    0x08008130   0x08008130   0x00000000   Code   RO         4239  * .ARM.Collect$$$$00000000  mc_w.l(entry.o)
    0x08008130   0x08008130   0x00000004   Code   RO         4547    .ARM.Collect$$$$00000001  mc_w.l(entry2.o)
    0x08008134   0x08008134   0x00000004   Code   RO         4550    .ARM.Collect$$$$00000004  mc_w.l(entry5.o)
    0x08008138   0x08008138   0x00000000   Code   RO         4552    .ARM.Collect$$$$00000008  mc_w.l(entry7b.o)
    0x08008138   0x08008138   0x00000000   Code   RO         4554    .ARM.Collect$$$$0000000A  mc_w.l(entry8b.o)
    0x08008138   0x08008138   0x00000008   Code   RO         4555    .ARM.Collect$$$$0000000B  mc_w.l(entry9a.o)
    0x08008140   0x08008140   0x00000000   Code   RO         4557    .ARM.Collect$$$$0000000D  mc_w.l(entry10a.o)
    0x08008140   0x08008140   0x00000000   Code   RO         4559    .ARM.Collect$$$$0000000F  mc_w.l(entry11a.o)
    0x08008140   0x08008140   0x00000004   Code   RO         4548    .ARM.Collect$$$$00002712  mc_w.l(entry2.o)
    0x08008144   0x08008144   0x00000024   Code   RO            4    .text               startup_stm32f103xe.o
    0x08008168   0x08008168   0x00000020   Code   RO         4242    .text               mc_w.l(llushr.o)
    0x08008188   0x08008188   0x00000024   Code   RO         4244    .text               mc_w.l(memcpya.o)
    0x080081ac   0x080081ac   0x00000024   Code   RO         4246    .text               mc_w.l(memseta.o)
    0x080081d0   0x080081d0   0x00000024   Code   RO         4248    .text               mc_w.l(strstr.o)
    0x080081f4   0x080081f4   0x00000064   Code   RO         4515    .text               mf_w.l(fmul.o)
    0x08008258   0x08008258   0x0000007c   Code   RO         4517    .text               mf_w.l(fdiv.o)
    0x080082d4   0x080082d4   0x000000e4   Code   RO         4519    .text               mf_w.l(dmul.o)
    0x080083b8   0x080083b8   0x000000de   Code   RO         4521    .text               mf_w.l(ddiv.o)
    0x08008496   0x08008496   0x0000000a   Code   RO         4523    .text               mf_w.l(ffltui.o)
    0x080084a0   0x080084a0   0x0000001a   Code   RO         4525    .text               mf_w.l(dfltui.o)
    0x080084ba   0x080084ba   0x00000028   Code   RO         4527    .text               mf_w.l(ffixui.o)
    0x080084e2   0x080084e2   0x00000032   Code   RO         4529    .text               mf_w.l(dfixui.o)
    0x08008514   0x08008514   0x0000002c   Code   RO         4562    .text               mc_w.l(uidiv.o)
    0x08008540   0x08008540   0x00000062   Code   RO         4564    .text               mc_w.l(uldiv.o)
    0x080085a2   0x080085a2   0x00000000   Code   RO         4573    .text               mc_w.l(iusefp.o)
    0x080085a2   0x080085a2   0x0000006e   Code   RO         4574    .text               mf_w.l(fepilogue.o)
    0x08008610   0x08008610   0x000000b0   Code   RO         4576    .text               mf_w.l(fadd.o)
    0x080086c0   0x080086c0   0x00000018   Code   RO         4578    .text               mf_w.l(fscalb.o)
    0x080086d8   0x080086d8   0x000000ba   Code   RO         4580    .text               mf_w.l(depilogue.o)
    0x08008792   0x08008792   0x0000014e   Code   RO         4582    .text               mf_w.l(dadd.o)
    0x080088e0   0x080088e0   0x00000012   Code   RO         4584    .text               mf_w.l(fflti.o)
    0x080088f2   0x080088f2   0x00000030   Code   RO         4586    .text               mf_w.l(dfixul.o)
    0x08008922   0x08008922   0x0000004c   Code   RO         4588    .text               mf_w.l(ffixir.o)
    0x0800896e   0x0800896e   0x00000002   PAD
    0x08008970   0x08008970   0x00000030   Code   RO         4590    .text               mf_w.l(cdrcmple.o)
    0x080089a0   0x080089a0   0x00000004   Code   RO         4592    .text               mf_w.l(fpstat.o)
    0x080089a4   0x080089a4   0x00000024   Code   RO         4594    .text               mc_w.l(init.o)
    0x080089c8   0x080089c8   0x0000001e   Code   RO         4596    .text               mc_w.l(llshl.o)
    0x080089e6   0x080089e6   0x00000024   Code   RO         4598    .text               mc_w.l(llsshr.o)
    0x08008a0a   0x08008a0a   0x00000002   PAD
    0x08008a0c   0x08008a0c   0x0000003c   Code   RO         3302    i.App_crc_cal       app_update.o
    0x08008a48   0x08008a48   0x00000058   Code   RO         3303    i.App_run           app_update.o
    0x08008aa0   0x08008aa0   0x000000c8   Code   RO         3304    i.App_update_change_boot_mode  app_update.o
    0x08008b68   0x08008b68   0x000000c0   Code   RO         3305    i.App_update_check_data  app_update.o
    0x08008c28   0x08008c28   0x00000050   Code   RO         3306    i.App_update_init   app_update.o
    0x08008c78   0x08008c78   0x000000a0   Code   RO         3307    i.App_update_receive_app_data  app_update.o
    0x08008d18   0x08008d18   0x0000001c   Code   RO         3308    i.App_update_send_update_cmd  app_update.o
    0x08008d34   0x08008d34   0x00000088   Code   RO         3309    i.App_update_work   app_update.o
    0x08008dbc   0x08008dbc   0x00000004   Code   RO          438    i.BusFault_Handler  stm32f1xx_it.o
    0x08008dc0   0x08008dc0   0x00000002   Code   RO          439    i.DebugMon_Handler  stm32f1xx_it.o
    0x08008dc2   0x08008dc2   0x00000006   Code   RO           13    i.Error_Handler     main.o
    0x08008dc8   0x08008dc8   0x00000174   Code   RO          594    i.HAL_CAN_Init      stm32f1xx_hal_can.o
    0x08008f3c   0x08008f3c   0x000000a0   Code   RO          219    i.HAL_CAN_MspInit   can.o
    0x08008fdc   0x08008fdc   0x00000034   Code   RO         1823    i.HAL_CRC_Calculate  stm32f1xx_hal_crc.o
    0x08009010   0x08009010   0x00000020   Code   RO         1826    i.HAL_CRC_Init      stm32f1xx_hal_crc.o
    0x08009030   0x08009030   0x00000030   Code   RO          261    i.HAL_CRC_MspInit   crc.o
    0x08009060   0x08009060   0x00000056   Code   RO         1200    i.HAL_DMA_Abort     stm32f1xx_hal_dma.o
    0x080090b6   0x080090b6   0x00000002   PAD
    0x080090b8   0x080090b8   0x000001a8   Code   RO         1201    i.HAL_DMA_Abort_IT  stm32f1xx_hal_dma.o
    0x08009260   0x08009260   0x00000028   Code   RO          821    i.HAL_Delay         stm32f1xx_hal.o
    0x08009288   0x08009288   0x00000340   Code   RO         1136    i.HAL_GPIO_Init     stm32f1xx_hal_gpio.o
    0x080095c8   0x080095c8   0x00000010   Code   RO         1138    i.HAL_GPIO_ReadPin  stm32f1xx_hal_gpio.o
    0x080095d8   0x080095d8   0x0000000c   Code   RO         1140    i.HAL_GPIO_WritePin  stm32f1xx_hal_gpio.o
    0x080095e4   0x080095e4   0x0000000c   Code   RO          825    i.HAL_GetTick       stm32f1xx_hal.o
    0x080095f0   0x080095f0   0x000001d0   Code   RO         1893    i.HAL_I2C_Init      stm32f1xx_hal_i2c.o
    0x080097c0   0x080097c0   0x00000164   Code   RO         1914    i.HAL_I2C_Mem_Write  stm32f1xx_hal_i2c.o
    0x08009924   0x08009924   0x00000078   Code   RO          303    i.HAL_I2C_MspInit   i2c.o
    0x0800999c   0x0800999c   0x00000018   Code   RO          831    i.HAL_IncTick       stm32f1xx_hal.o
    0x080099b4   0x080099b4   0x00000028   Code   RO          832    i.HAL_Init          stm32f1xx_hal.o
    0x080099dc   0x080099dc   0x0000004c   Code   RO          833    i.HAL_InitTick      stm32f1xx_hal.o
    0x08009a28   0x08009a28   0x00000054   Code   RO          520    i.HAL_MspInit       stm32f1xx_hal_msp.o
    0x08009a7c   0x08009a7c   0x00000020   Code   RO         1296    i.HAL_NVIC_EnableIRQ  stm32f1xx_hal_cortex.o
    0x08009a9c   0x08009a9c   0x0000007c   Code   RO         1302    i.HAL_NVIC_SetPriority  stm32f1xx_hal_cortex.o
    0x08009b18   0x08009b18   0x00000028   Code   RO         1303    i.HAL_NVIC_SetPriorityGrouping  stm32f1xx_hal_cortex.o
    0x08009b40   0x08009b40   0x00000044   Code   RO         1304    i.HAL_NVIC_SystemReset  stm32f1xx_hal_cortex.o
    0x08009b84   0x08009b84   0x0000018c   Code   RO          989    i.HAL_RCC_ClockConfig  stm32f1xx_hal_rcc.o
    0x08009d10   0x08009d10   0x0000000c   Code   RO          994    i.HAL_RCC_GetHCLKFreq  stm32f1xx_hal_rcc.o
    0x08009d1c   0x08009d1c   0x00000020   Code   RO          996    i.HAL_RCC_GetPCLK1Freq  stm32f1xx_hal_rcc.o
    0x08009d3c   0x08009d3c   0x00000020   Code   RO          997    i.HAL_RCC_GetPCLK2Freq  stm32f1xx_hal_rcc.o
    0x08009d5c   0x08009d5c   0x00000070   Code   RO          998    i.HAL_RCC_GetSysClockFreq  stm32f1xx_hal_rcc.o
    0x08009dcc   0x08009dcc   0x00000464   Code   RO         1001    i.HAL_RCC_OscConfig  stm32f1xx_hal_rcc.o
    0x0800a230   0x0800a230   0x000000be   Code   RO         2370    i.HAL_SPI_Init      stm32f1xx_hal_spi.o
    0x0800a2ee   0x0800a2ee   0x00000002   PAD
    0x0800a2f0   0x0800a2f0   0x00000084   Code   RO          345    i.HAL_SPI_MspInit   spi.o
    0x0800a374   0x0800a374   0x0000017e   Code   RO         2373    i.HAL_SPI_Receive   stm32f1xx_hal_spi.o
    0x0800a4f2   0x0800a4f2   0x000001bc   Code   RO         2378    i.HAL_SPI_Transmit  stm32f1xx_hal_spi.o
    0x0800a6ae   0x0800a6ae   0x00000240   Code   RO         2379    i.HAL_SPI_TransmitReceive  stm32f1xx_hal_spi.o
    0x0800a8ee   0x0800a8ee   0x00000034   Code   RO         1307    i.HAL_SYSTICK_Config  stm32f1xx_hal_cortex.o
    0x0800a922   0x0800a922   0x00000072   Code   RO         2728    i.HAL_UARTEx_ReceiveToIdle_IT  stm32f1xx_hal_uart.o
    0x0800a994   0x0800a994   0x00000078   Code   RO         3310    i.HAL_UARTEx_RxEventCallback  app_update.o
    0x0800aa0c   0x0800aa0c   0x00000002   Code   RO         2743    i.HAL_UART_ErrorCallback  stm32f1xx_hal_uart.o
    0x0800aa0e   0x0800aa0e   0x00000002   PAD
    0x0800aa10   0x0800aa10   0x000002e4   Code   RO         2746    i.HAL_UART_IRQHandler  stm32f1xx_hal_uart.o
    0x0800acf4   0x0800acf4   0x00000076   Code   RO         2747    i.HAL_UART_Init     stm32f1xx_hal_uart.o
    0x0800ad6a   0x0800ad6a   0x00000002   PAD
    0x0800ad6c   0x0800ad6c   0x00000098   Code   RO          387    i.HAL_UART_MspInit  usart.o
    0x0800ae04   0x0800ae04   0x00000002   Code   RO         2753    i.HAL_UART_RxCpltCallback  stm32f1xx_hal_uart.o
    0x0800ae06   0x0800ae06   0x000000b2   Code   RO         2755    i.HAL_UART_Transmit  stm32f1xx_hal_uart.o
    0x0800aeb8   0x0800aeb8   0x00000002   Code   RO         2758    i.HAL_UART_TxCpltCallback  stm32f1xx_hal_uart.o
    0x0800aeba   0x0800aeba   0x00000004   Code   RO          440    i.HardFault_Handler  stm32f1xx_it.o
    0x0800aebe   0x0800aebe   0x0000003e   Code   RO         1937    i.I2C_IsAcknowledgeFailed  stm32f1xx_hal_i2c.o
    0x0800aefc   0x0800aefc   0x000000e0   Code   RO         1949    i.I2C_RequestMemoryWrite  stm32f1xx_hal_i2c.o
    0x0800afdc   0x0800afdc   0x00000066   Code   RO         1957    i.I2C_WaitOnBTFFlagUntilTimeout  stm32f1xx_hal_i2c.o
    0x0800b042   0x0800b042   0x000000be   Code   RO         1958    i.I2C_WaitOnFlagUntilTimeout  stm32f1xx_hal_i2c.o
    0x0800b100   0x0800b100   0x000000fa   Code   RO         1959    i.I2C_WaitOnMasterAddressFlagUntilTimeout  stm32f1xx_hal_i2c.o
    0x0800b1fa   0x0800b1fa   0x00000066   Code   RO         1963    i.I2C_WaitOnTXEFlagUntilTimeout  stm32f1xx_hal_i2c.o
    0x0800b260   0x0800b260   0x000000cc   Code   RO         3169    i.Int_w24c02_write_bytes  int_w24c02.o
    0x0800b32c   0x0800b32c   0x00000036   Code   RO         3211    i.Int_w25q32_erase_sector  int_w25q32.o
    0x0800b362   0x0800b362   0x00000002   PAD
    0x0800b364   0x0800b364   0x00000018   Code   RO         3212    i.Int_w25q32_read_byte  int_w25q32.o
    0x0800b37c   0x0800b37c   0x00000014   Code   RO         3216    i.Int_w25q32_start  int_w25q32.o
    0x0800b390   0x0800b390   0x00000014   Code   RO         3217    i.Int_w25q32_stop   int_w25q32.o
    0x0800b3a4   0x0800b3a4   0x00000028   Code   RO         3218    i.Int_w25q32_wait_busy  int_w25q32.o
    0x0800b3cc   0x0800b3cc   0x00000014   Code   RO         3219    i.Int_w25q32_write_byte  int_w25q32.o
    0x0800b3e0   0x0800b3e0   0x00000048   Code   RO         3221    i.Int_w25q32_write_data_with_32addr  int_w25q32.o
    0x0800b428   0x0800b428   0x00000016   Code   RO         3222    i.Int_w25q32_write_enable  int_w25q32.o
    0x0800b43e   0x0800b43e   0x00000002   PAD
    0x0800b440   0x0800b440   0x00000044   Code   RO          220    i.MX_CAN_Init       can.o
    0x0800b484   0x0800b484   0x00000020   Code   RO          262    i.MX_CRC_Init       crc.o
    0x0800b4a4   0x0800b4a4   0x00000150   Code   RO          194    i.MX_GPIO_Init      gpio.o
    0x0800b5f4   0x0800b5f4   0x0000003c   Code   RO          304    i.MX_I2C2_Init      i2c.o
    0x0800b630   0x0800b630   0x00000044   Code   RO          346    i.MX_SPI1_Init      spi.o
    0x0800b674   0x0800b674   0x00000038   Code   RO          388    i.MX_USART1_UART_Init  usart.o
    0x0800b6ac   0x0800b6ac   0x00000004   Code   RO          441    i.MemManage_Handler  stm32f1xx_it.o
    0x0800b6b0   0x0800b6b0   0x00000004   Code   RO          442    i.NMI_Handler       stm32f1xx_it.o
    0x0800b6b4   0x0800b6b4   0x00000002   Code   RO          443    i.PendSV_Handler    stm32f1xx_it.o
    0x0800b6b6   0x0800b6b6   0x00000002   PAD
    0x0800b6b8   0x0800b6b8   0x00000028   Code   RO         1002    i.RCC_Delay         stm32f1xx_hal_rcc.o
    0x0800b6e0   0x0800b6e0   0x00000078   Code   RO         2407    i.SPI_EndRxTransaction  stm32f1xx_hal_spi.o
    0x0800b758   0x0800b758   0x00000028   Code   RO         2408    i.SPI_EndRxTxTransaction  stm32f1xx_hal_spi.o
    0x0800b780   0x0800b780   0x000000d8   Code   RO         2413    i.SPI_WaitFlagStateUntilTimeout  stm32f1xx_hal_spi.o
    0x0800b858   0x0800b858   0x00000002   Code   RO          444    i.SVC_Handler       stm32f1xx_it.o
    0x0800b85a   0x0800b85a   0x00000008   Code   RO          445    i.SysTick_Handler   stm32f1xx_it.o
    0x0800b862   0x0800b862   0x00000066   Code   RO           14    i.SystemClock_Config  main.o
    0x0800b8c8   0x0800b8c8   0x00000002   Code   RO         3091    i.SystemInit        system_stm32f1xx.o
    0x0800b8ca   0x0800b8ca   0x00000014   Code   RO         2760    i.UART_DMAAbortOnError  stm32f1xx_hal_uart.o
    0x0800b8de   0x0800b8de   0x0000006c   Code   RO         2770    i.UART_EndRxTransfer  stm32f1xx_hal_uart.o
    0x0800b94a   0x0800b94a   0x00000020   Code   RO         2771    i.UART_EndTransmit_IT  stm32f1xx_hal_uart.o
    0x0800b96a   0x0800b96a   0x000000fc   Code   RO         2773    i.UART_Receive_IT   stm32f1xx_hal_uart.o
    0x0800ba66   0x0800ba66   0x00000002   PAD
    0x0800ba68   0x0800ba68   0x000000fc   Code   RO         2774    i.UART_SetConfig    stm32f1xx_hal_uart.o
    0x0800bb64   0x0800bb64   0x00000040   Code   RO         2776    i.UART_Start_Receive_IT  stm32f1xx_hal_uart.o
    0x0800bba4   0x0800bba4   0x00000060   Code   RO         2777    i.UART_Transmit_IT  stm32f1xx_hal_uart.o
    0x0800bc04   0x0800bc04   0x00000092   Code   RO         2778    i.UART_WaitOnFlagUntilTimeout  stm32f1xx_hal_uart.o
    0x0800bc96   0x0800bc96   0x00000002   PAD
    0x0800bc98   0x0800bc98   0x00000010   Code   RO          446    i.USART1_IRQHandler  stm32f1xx_it.o
    0x0800bca8   0x0800bca8   0x00000004   Code   RO          447    i.UsageFault_Handler  stm32f1xx_it.o
    0x0800bcac   0x0800bcac   0x00000020   Code   RO         4487    i.__0printf         mc_w.l(printfa.o)
    0x0800bccc   0x0800bccc   0x00000010   Code   RO         4491    i.__0vprintf        mc_w.l(printfa.o)
    0x0800bcdc   0x0800bcdc   0x00000026   Code   RO         4531    i.__ARM_fpclassifyf  m_ws.l(fpclassifyf.o)
    0x0800bd02   0x0800bd02   0x00000002   PAD
    0x0800bd04   0x0800bd04   0x00000010   Code   RO         1309    i.__NVIC_GetPriorityGrouping  stm32f1xx_hal_cortex.o
    0x0800bd14   0x0800bd14   0x00000028   Code   RO         1310    i.__NVIC_SetPriority  stm32f1xx_hal_cortex.o
    0x0800bd3c   0x0800bd3c   0x0000000a   Code   RO         4533    i.__mathlib_flt_divzero  m_ws.l(funder.o)
    0x0800bd46   0x0800bd46   0x00000004   Code   RO         4535    i.__mathlib_flt_infnan2  m_ws.l(funder.o)
    0x0800bd4a   0x0800bd4a   0x00000008   Code   RO         4536    i.__mathlib_flt_invalid  m_ws.l(funder.o)
    0x0800bd52   0x0800bd52   0x0000000a   Code   RO         4537    i.__mathlib_flt_overflow  m_ws.l(funder.o)
    0x0800bd5c   0x0800bd5c   0x0000000a   Code   RO         4539    i.__mathlib_flt_underflow  m_ws.l(funder.o)
    0x0800bd66   0x0800bd66   0x0000000e   Code   RO         4602    i.__scatterload_copy  mc_w.l(handlers.o)
    0x0800bd74   0x0800bd74   0x00000002   Code   RO         4603    i.__scatterload_null  mc_w.l(handlers.o)
    0x0800bd76   0x0800bd76   0x0000000e   Code   RO         4604    i.__scatterload_zeroinit  mc_w.l(handlers.o)
    0x0800bd84   0x0800bd84   0x0000000c   Code   RO         4568    i.__set_errno       mc_w.l(errno.o)
    0x0800bd90   0x0800bd90   0x00000184   Code   RO         4494    i._fp_digits        mc_w.l(printfa.o)
    0x0800bf14   0x0800bf14   0x000006dc   Code   RO         4495    i._printf_core      mc_w.l(printfa.o)
    0x0800c5f0   0x0800c5f0   0x00000024   Code   RO         4496    i._printf_post_padding  mc_w.l(printfa.o)
    0x0800c614   0x0800c614   0x0000002e   Code   RO         4497    i._printf_pre_padding  mc_w.l(printfa.o)
    0x0800c642   0x0800c642   0x00000040   Code   RO         3377    i.a_llcc68_check_busy  driver_llcc68.o
    0x0800c682   0x0800c682   0x00000024   Code   RO         3378    i.a_llcc68_spi_read  driver_llcc68.o
    0x0800c6a6   0x0800c6a6   0x00000002   PAD
    0x0800c6a8   0x0800c6a8   0x00000074   Code   RO         3379    i.a_llcc68_spi_read_buffer  driver_llcc68.o
    0x0800c71c   0x0800c71c   0x0000007c   Code   RO         3380    i.a_llcc68_spi_read_register  driver_llcc68.o
    0x0800c798   0x0800c798   0x00000070   Code   RO         3381    i.a_llcc68_spi_write  driver_llcc68.o
    0x0800c808   0x0800c808   0x00000078   Code   RO         3382    i.a_llcc68_spi_write_buffer  driver_llcc68.o
    0x0800c880   0x0800c880   0x0000007c   Code   RO         3383    i.a_llcc68_spi_write_register  driver_llcc68.o
    0x0800c8fc   0x0800c8fc   0x0000001c   Code   RO          389    i.fputc             usart.o
    0x0800c918   0x0800c918   0x00000094   Code   RO         3385    i.llcc68_clear_device_errors  driver_llcc68.o
    0x0800c9ac   0x0800c9ac   0x00000094   Code   RO         3386    i.llcc68_clear_irq_status  driver_llcc68.o
    0x0800ca40   0x0800ca40   0x000000e8   Code   RO         3387    i.llcc68_continuous_receive  driver_llcc68.o
    0x0800cb28   0x0800cb28   0x0000011c   Code   RO         3388    i.llcc68_deinit     driver_llcc68.o
    0x0800cc44   0x0800cc44   0x0000006c   Code   RO         3390    i.llcc68_frequency_convert_to_register  driver_llcc68.o
    0x0800ccb0   0x0800ccb0   0x00000084   Code   RO         3404    i.llcc68_get_iq_polarity  driver_llcc68.o
    0x0800cd34   0x0800cd34   0x00000084   Code   RO         3418    i.llcc68_get_tx_clamp_config  driver_llcc68.o
    0x0800cdb8   0x0800cdb8   0x00000084   Code   RO         3419    i.llcc68_get_tx_modulation  driver_llcc68.o
    0x0800ce3c   0x0800ce3c   0x000003f8   Code   RO         3427    i.llcc68_init       driver_llcc68.o
    0x0800d234   0x0800d234   0x00000004   Code   RO         4065    i.llcc68_interface_busy_gpio_deinit  driver_llcc68_interface.o
    0x0800d238   0x0800d238   0x00000004   Code   RO         4066    i.llcc68_interface_busy_gpio_init  driver_llcc68_interface.o
    0x0800d23c   0x0800d23c   0x00000018   Code   RO         4067    i.llcc68_interface_busy_gpio_read  driver_llcc68_interface.o
    0x0800d254   0x0800d254   0x0000001a   Code   RO         4068    i.llcc68_interface_debug_print  driver_llcc68_interface.o
    0x0800d26e   0x0800d26e   0x0000000c   Code   RO         4069    i.llcc68_interface_delay_ms  driver_llcc68_interface.o
    0x0800d27a   0x0800d27a   0x00000002   PAD
    0x0800d27c   0x0800d27c   0x000001c8   Code   RO         4070    i.llcc68_interface_receive_callback  driver_llcc68_interface.o
    0x0800d444   0x0800d444   0x00000004   Code   RO         4071    i.llcc68_interface_reset_gpio_deinit  driver_llcc68_interface.o
    0x0800d448   0x0800d448   0x00000004   Code   RO         4072    i.llcc68_interface_reset_gpio_init  driver_llcc68_interface.o
    0x0800d44c   0x0800d44c   0x00000028   Code   RO         4073    i.llcc68_interface_reset_gpio_write  driver_llcc68_interface.o
    0x0800d474   0x0800d474   0x00000004   Code   RO         4074    i.llcc68_interface_spi_deinit  driver_llcc68_interface.o
    0x0800d478   0x0800d478   0x00000004   Code   RO         4075    i.llcc68_interface_spi_init  driver_llcc68_interface.o
    0x0800d47c   0x0800d47c   0x00000080   Code   RO         4076    i.llcc68_interface_spi_write_read  driver_llcc68_interface.o
    0x0800d4fc   0x0800d4fc   0x000002e4   Code   RO         3428    i.llcc68_irq_handler  driver_llcc68.o
    0x0800d7e0   0x0800d7e0   0x00000630   Code   RO         4168    i.llcc68_lora_init  int_llcc68.o
    0x0800de10   0x0800de10   0x00000020   Code   RO         4169    i.llcc68_lora_receive  int_llcc68.o
    0x0800de30   0x0800de30   0x00000038   Code   RO         4170    i.llcc68_lora_send  int_llcc68.o
    0x0800de68   0x0800de68   0x00000090   Code   RO         4171    i.llcc68_lora_set_continuous_receive_mode  int_llcc68.o
    0x0800def8   0x0800def8   0x00000040   Code   RO         4172    i.llcc68_lora_set_send_mode  int_llcc68.o
    0x0800df38   0x0800df38   0x000003d4   Code   RO         3430    i.llcc68_lora_transmit  driver_llcc68.o
    0x0800e30c   0x0800e30c   0x000000b4   Code   RO         3433    i.llcc68_reset_stats  driver_llcc68.o
    0x0800e3c0   0x0800e3c0   0x00000098   Code   RO         3434    i.llcc68_set_buffer_base_address  driver_llcc68.o
    0x0800e458   0x0800e458   0x000000cc   Code   RO         3443    i.llcc68_set_dio_irq_params  driver_llcc68.o
    0x0800e524   0x0800e524   0x00000084   Code   RO         3455    i.llcc68_set_iq_polarity  driver_llcc68.o
    0x0800e5a8   0x0800e5a8   0x000000ac   Code   RO         3456    i.llcc68_set_lora_modulation_params  driver_llcc68.o
    0x0800e654   0x0800e654   0x000000b8   Code   RO         3457    i.llcc68_set_lora_packet_params  driver_llcc68.o
    0x0800e70c   0x0800e70c   0x00000090   Code   RO         3458    i.llcc68_set_lora_symb_num_timeout  driver_llcc68.o
    0x0800e79c   0x0800e79c   0x00000090   Code   RO         3459    i.llcc68_set_lora_sync_word  driver_llcc68.o
    0x0800e82c   0x0800e82c   0x00000084   Code   RO         3460    i.llcc68_set_ocp    driver_llcc68.o
    0x0800e8b0   0x0800e8b0   0x00000098   Code   RO         3461    i.llcc68_set_pa_config  driver_llcc68.o
    0x0800e948   0x0800e948   0x00000088   Code   RO         3462    i.llcc68_set_packet_type  driver_llcc68.o
    0x0800e9d0   0x0800e9d0   0x00000088   Code   RO         3465    i.llcc68_set_regulator_mode  driver_llcc68.o
    0x0800ea58   0x0800ea58   0x000000a0   Code   RO         3466    i.llcc68_set_rf_frequency  driver_llcc68.o
    0x0800eaf8   0x0800eaf8   0x00000084   Code   RO         3470    i.llcc68_set_rx_gain  driver_llcc68.o
    0x0800eb7c   0x0800eb7c   0x00000090   Code   RO         3471    i.llcc68_set_rx_tx_fallback_mode  driver_llcc68.o
    0x0800ec0c   0x0800ec0c   0x00000084   Code   RO         3473    i.llcc68_set_standby  driver_llcc68.o
    0x0800ec90   0x0800ec90   0x00000090   Code   RO         3474    i.llcc68_set_stop_timer_on_preamble  driver_llcc68.o
    0x0800ed20   0x0800ed20   0x00000084   Code   RO         3476    i.llcc68_set_tx_clamp_config  driver_llcc68.o
    0x0800eda4   0x0800eda4   0x00000084   Code   RO         3479    i.llcc68_set_tx_modulation  driver_llcc68.o
    0x0800ee28   0x0800ee28   0x00000090   Code   RO         3480    i.llcc68_set_tx_params  driver_llcc68.o
    0x0800eeb8   0x0800eeb8   0x00000040   Code   RO           15    i.main              main.o
    0x0800eef8   0x0800eef8   0x00000620   Code   RO         4230    i.powf              m_ws.l(powf.o)
    0x0800f518   0x0800f518   0x00000012   Data   RO         1003    .constdata          stm32f1xx_hal_rcc.o
    0x0800f52a   0x0800f52a   0x00000018   Data   RO         3092    .constdata          system_stm32f1xx.o
    0x0800f542   0x0800f542   0x00000002   PAD
    0x0800f544   0x0800f544   0x00000140   Data   RO         4231    .constdata          m_ws.l(powf.o)
    0x0800f684   0x0800f684   0x00000020   Data   RO         4600    Region$$Table       anon$$obj.o


    Execution Region RW_IRAM1 (Exec base: 0x20000000, Load base: 0x0800f6a4, Size: 0x00004828, Max: 0x00010000, ABSOLUTE)

    Exec Addr    Load Addr    Size         Type   Attr      Idx    E Section Name        Object

    0x20000000   0x0800f6a4   0x00000008   Data   RW          263    .data               crc.o
    0x20000008   0x0800f6ac   0x00000009   Data   RW          839    .data               stm32f1xx_hal.o
    0x20000011   0x0800f6b5   0x00000003   PAD
    0x20000014   0x0800f6b8   0x00000004   Data   RW         3093    .data               system_stm32f1xx.o
    0x20000018   0x0800f6bc   0x00000010   Data   RW         3312    .data               app_update.o
    0x20000028   0x0800f6cc   0x00000004   Data   RW         4561    .data               mc_w.l(stdout.o)
    0x2000002c   0x0800f6d0   0x00000004   Data   RW         4569    .data               mc_w.l(errno.o)
    0x20000030        -       0x00000028   Zero   RW          221    .bss                can.o
    0x20000058        -       0x00000054   Zero   RW          305    .bss                i2c.o
    0x200000ac        -       0x00000058   Zero   RW          347    .bss                spi.o
    0x20000104        -       0x00000048   Zero   RW          390    .bss                usart.o
    0x2000014c        -       0x00004020   Zero   RW         3311    .bss                app_update.o
    0x2000416c        -       0x000002b8   Zero   RW         4174    .bss                int_llcc68.o
    0x20004424   0x0800f6d4   0x00000004   PAD
    0x20004428        -       0x00000400   Zero   RW            1    STACK               startup_stm32f103xe.o


==============================================================================

Image component sizes


      Code (inc. data)   RO Data    RW Data    ZI Data      Debug   Object Name

      1064        216          0         16      16416       6722   app_update.o
       228         24          0          0         40       1615   can.o
        80         18          0          8          0       1375   crc.o
      7736       3024          0          0          0      40344   driver_llcc68.o
       710        322          0          0          0       7923   driver_llcc68_interface.o
       336         22          0          0          0       1019   gpio.o
       180         26          0          0         84       1525   i2c.o
      1880        888          0          0        696       3950   int_llcc68.o
       204         36          0          0          0       1097   int_w24c02.o
       272         18          0          0          0       4278   int_w25q32.o
       172         10          0          0          0     487976   main.o
       200         20          0          0         88       1553   spi.o
        36          8        304          0       1024        780   startup_stm32f103xe.o
       192         36          0          9          0       6333   stm32f1xx_hal.o
       372          0          0          0          0       1295   stm32f1xx_hal_can.o
       372         30          0          0          0      29854   stm32f1xx_hal_cortex.o
        84          0          0          0          0       1723   stm32f1xx_hal_crc.o
       510         10          0          0          0       1831   stm32f1xx_hal_dma.o
       860         40          0          0          0       3247   stm32f1xx_hal_gpio.o
      1750         30          0          0          0       7999   stm32f1xx_hal_i2c.o
        84          8          0          0          0        854   stm32f1xx_hal_msp.o
      1748         98         18          0          0       5804   stm32f1xx_hal_rcc.o
      1968          6          0          0          0       7462   stm32f1xx_hal_spi.o
      2126          8          0          0          0      11833   stm32f1xx_hal_uart.o
        50          6          0          0          0       4178   stm32f1xx_it.o
         2          0         24          4          0       1059   system_stm32f1xx.o
       236         30          0          0         72       3314   usart.o

    ----------------------------------------------------------------------
     23474       4934        380         40      18424     646943   Object Totals
         0          0         32          0          0          0   (incl. Generated)
        22          0          2          3          4          0   (incl. Padding)

    ----------------------------------------------------------------------

      Code (inc. data)   RO Data    RW Data    ZI Data      Debug   Library Member Name

        38          0          0          0          0         68   fpclassifyf.o
        42          0          0          0          0        340   funder.o
      1568         80        320          0          0        224   powf.o
         0          0          0          0          0          0   entry.o
         0          0          0          0          0          0   entry10a.o
         0          0          0          0          0          0   entry11a.o
         8          4          0          0          0          0   entry2.o
         4          0          0          0          0          0   entry5.o
         0          0          0          0          0          0   entry7b.o
         0          0          0          0          0          0   entry8b.o
         8          4          0          0          0          0   entry9a.o
        12          6          0          4          0         68   errno.o
        30          0          0          0          0          0   handlers.o
        36          8          0          0          0         68   init.o
         0          0          0          0          0          0   iusefp.o
        30          0          0          0          0         68   llshl.o
        36          0          0          0          0         68   llsshr.o
        32          0          0          0          0         68   llushr.o
        36          0          0          0          0         68   memcpya.o
        36          0          0          0          0        108   memseta.o
      2274         98          0          0          0        520   printfa.o
         0          0          0          4          0          0   stdout.o
        36          0          0          0          0         80   strstr.o
        44          0          0          0          0         80   uidiv.o
        98          0          0          0          0         92   uldiv.o
        48          0          0          0          0         68   cdrcmple.o
       334          0          0          0          0        148   dadd.o
       222          0          0          0          0        100   ddiv.o
       186          0          0          0          0        176   depilogue.o
        50          0          0          0          0         76   dfixui.o
        48          0          0          0          0         68   dfixul.o
        26          0          0          0          0         76   dfltui.o
       228          0          0          0          0         96   dmul.o
       176          0          0          0          0        140   fadd.o
       124          0          0          0          0         88   fdiv.o
       110          0          0          0          0        168   fepilogue.o
        76          0          0          0          0         76   ffixir.o
        40          0          0          0          0         68   ffixui.o
        18          0          0          0          0         68   fflti.o
        10          0          0          0          0         68   ffltui.o
       100          0          0          0          0         76   fmul.o
         4          0          0          0          0         68   fpstat.o
        24          0          0          0          0         68   fscalb.o

    ----------------------------------------------------------------------
      6198        200        320          8          0       3616   Library Totals
         6          0          0          0          0          0   (incl. Padding)

    ----------------------------------------------------------------------

      Code (inc. data)   RO Data    RW Data    ZI Data      Debug   Library Name

      1648         80        320          0          0        632   m_ws.l
      2720        120          0          8          0       1288   mc_w.l
      1824          0          0          0          0       1696   mf_w.l

    ----------------------------------------------------------------------
      6198        200        320          8          0       3616   Library Totals

    ----------------------------------------------------------------------

==============================================================================


      Code (inc. data)   RO Data    RW Data    ZI Data      Debug   

     29672       5134        700         48      18424     640831   Grand Totals
     29672       5134        700         48      18424     640831   ELF Image Totals
     29672       5134        700         48          0          0   ROM Totals

==============================================================================

    Total RO  Size (Code + RO Data)                30372 (  29.66kB)
    Total RW  Size (RW Data + ZI Data)             18472 (  18.04kB)
    Total ROM Size (Code + RO Data + RW Data)      30420 (  29.71kB)

==============================================================================

