<!doctype html public "-//w3c//dtd html 4.0 transitional//en">
<html><head>
<title>Static Call Graph - [P01_led1\P01_led1.axf]</title></head>
<body><HR>
<H1>Static Call Graph for image P01_led1\P01_led1.axf</H1><HR>
<BR><P>#&#060CALLGRAPH&#062# ARM Linker, 5060528: Last Updated: Fri Aug 21 17:54:27 2026
<BR><P>
<H3>Maximum Stack Usage =        232 bytes + Unknown(Cycles, Untraceable Function Pointers)</H3><H3>
Call chain for Maximum Stack Depth:</H3>
main &rArr; App_update_work &rArr; App_update_change_boot_mode &rArr; Int_w25q32_write_data_with_32addr &rArr; Int_w25q32_write_enable &rArr; Int_w25q32_wait_busy &rArr; Int_w25q32_read_byte &rArr; HAL_SPI_Receive &rArr; HAL_SPI_TransmitReceive &rArr; SPI_EndRxTxTransaction &rArr; SPI_WaitFlagStateUntilTimeout
<P>
<H3>
Mutually Recursive functions
</H3> <LI><a href="#[1c]">ADC1_2_IRQHandler</a>&nbsp;&nbsp;&nbsp;&rArr;&nbsp;&nbsp;&nbsp;<a href="#[1c]">ADC1_2_IRQHandler</a><BR>
</UL>
<P>
<H3>
Function Pointers
</H3><UL>
 <LI><a href="#[1c]">ADC1_2_IRQHandler</a> from startup_stm32f103xe.o(.text) referenced from startup_stm32f103xe.o(RESET)
 <LI><a href="#[39]">ADC3_IRQHandler</a> from startup_stm32f103xe.o(.text) referenced from startup_stm32f103xe.o(RESET)
 <LI><a href="#[4]">BusFault_Handler</a> from stm32f1xx_it.o(i.BusFault_Handler) referenced from startup_stm32f103xe.o(RESET)
 <LI><a href="#[1f]">CAN1_RX1_IRQHandler</a> from startup_stm32f103xe.o(.text) referenced from startup_stm32f103xe.o(RESET)
 <LI><a href="#[20]">CAN1_SCE_IRQHandler</a> from startup_stm32f103xe.o(.text) referenced from startup_stm32f103xe.o(RESET)
 <LI><a href="#[15]">DMA1_Channel1_IRQHandler</a> from startup_stm32f103xe.o(.text) referenced from startup_stm32f103xe.o(RESET)
 <LI><a href="#[16]">DMA1_Channel2_IRQHandler</a> from startup_stm32f103xe.o(.text) referenced from startup_stm32f103xe.o(RESET)
 <LI><a href="#[17]">DMA1_Channel3_IRQHandler</a> from startup_stm32f103xe.o(.text) referenced from startup_stm32f103xe.o(RESET)
 <LI><a href="#[18]">DMA1_Channel4_IRQHandler</a> from startup_stm32f103xe.o(.text) referenced from startup_stm32f103xe.o(RESET)
 <LI><a href="#[19]">DMA1_Channel5_IRQHandler</a> from startup_stm32f103xe.o(.text) referenced from startup_stm32f103xe.o(RESET)
 <LI><a href="#[1a]">DMA1_Channel6_IRQHandler</a> from startup_stm32f103xe.o(.text) referenced from startup_stm32f103xe.o(RESET)
 <LI><a href="#[1b]">DMA1_Channel7_IRQHandler</a> from startup_stm32f103xe.o(.text) referenced from startup_stm32f103xe.o(RESET)
 <LI><a href="#[42]">DMA2_Channel1_IRQHandler</a> from startup_stm32f103xe.o(.text) referenced from startup_stm32f103xe.o(RESET)
 <LI><a href="#[43]">DMA2_Channel2_IRQHandler</a> from startup_stm32f103xe.o(.text) referenced from startup_stm32f103xe.o(RESET)
 <LI><a href="#[44]">DMA2_Channel3_IRQHandler</a> from startup_stm32f103xe.o(.text) referenced from startup_stm32f103xe.o(RESET)
 <LI><a href="#[45]">DMA2_Channel4_5_IRQHandler</a> from startup_stm32f103xe.o(.text) referenced from startup_stm32f103xe.o(RESET)
 <LI><a href="#[7]">DebugMon_Handler</a> from stm32f1xx_it.o(i.DebugMon_Handler) referenced from startup_stm32f103xe.o(RESET)
 <LI><a href="#[10]">EXTI0_IRQHandler</a> from startup_stm32f103xe.o(.text) referenced from startup_stm32f103xe.o(RESET)
 <LI><a href="#[32]">EXTI15_10_IRQHandler</a> from startup_stm32f103xe.o(.text) referenced from startup_stm32f103xe.o(RESET)
 <LI><a href="#[11]">EXTI1_IRQHandler</a> from startup_stm32f103xe.o(.text) referenced from startup_stm32f103xe.o(RESET)
 <LI><a href="#[12]">EXTI2_IRQHandler</a> from startup_stm32f103xe.o(.text) referenced from startup_stm32f103xe.o(RESET)
 <LI><a href="#[13]">EXTI3_IRQHandler</a> from startup_stm32f103xe.o(.text) referenced from startup_stm32f103xe.o(RESET)
 <LI><a href="#[14]">EXTI4_IRQHandler</a> from startup_stm32f103xe.o(.text) referenced from startup_stm32f103xe.o(RESET)
 <LI><a href="#[21]">EXTI9_5_IRQHandler</a> from startup_stm32f103xe.o(.text) referenced from startup_stm32f103xe.o(RESET)
 <LI><a href="#[e]">FLASH_IRQHandler</a> from startup_stm32f103xe.o(.text) referenced from startup_stm32f103xe.o(RESET)
 <LI><a href="#[3a]">FSMC_IRQHandler</a> from startup_stm32f103xe.o(.text) referenced from startup_stm32f103xe.o(RESET)
 <LI><a href="#[2]">HardFault_Handler</a> from stm32f1xx_it.o(i.HardFault_Handler) referenced from startup_stm32f103xe.o(RESET)
 <LI><a href="#[2a]">I2C1_ER_IRQHandler</a> from startup_stm32f103xe.o(.text) referenced from startup_stm32f103xe.o(RESET)
 <LI><a href="#[29]">I2C1_EV_IRQHandler</a> from startup_stm32f103xe.o(.text) referenced from startup_stm32f103xe.o(RESET)
 <LI><a href="#[2c]">I2C2_ER_IRQHandler</a> from startup_stm32f103xe.o(.text) referenced from startup_stm32f103xe.o(RESET)
 <LI><a href="#[2b]">I2C2_EV_IRQHandler</a> from startup_stm32f103xe.o(.text) referenced from startup_stm32f103xe.o(RESET)
 <LI><a href="#[3]">MemManage_Handler</a> from stm32f1xx_it.o(i.MemManage_Handler) referenced from startup_stm32f103xe.o(RESET)
 <LI><a href="#[1]">NMI_Handler</a> from stm32f1xx_it.o(i.NMI_Handler) referenced from startup_stm32f103xe.o(RESET)
 <LI><a href="#[b]">PVD_IRQHandler</a> from startup_stm32f103xe.o(.text) referenced from startup_stm32f103xe.o(RESET)
 <LI><a href="#[8]">PendSV_Handler</a> from stm32f1xx_it.o(i.PendSV_Handler) referenced from startup_stm32f103xe.o(RESET)
 <LI><a href="#[f]">RCC_IRQHandler</a> from startup_stm32f103xe.o(.text) referenced from startup_stm32f103xe.o(RESET)
 <LI><a href="#[33]">RTC_Alarm_IRQHandler</a> from startup_stm32f103xe.o(.text) referenced from startup_stm32f103xe.o(RESET)
 <LI><a href="#[d]">RTC_IRQHandler</a> from startup_stm32f103xe.o(.text) referenced from startup_stm32f103xe.o(RESET)
 <LI><a href="#[0]">Reset_Handler</a> from startup_stm32f103xe.o(.text) referenced from startup_stm32f103xe.o(RESET)
 <LI><a href="#[3b]">SDIO_IRQHandler</a> from startup_stm32f103xe.o(.text) referenced from startup_stm32f103xe.o(RESET)
 <LI><a href="#[2d]">SPI1_IRQHandler</a> from startup_stm32f103xe.o(.text) referenced from startup_stm32f103xe.o(RESET)
 <LI><a href="#[2e]">SPI2_IRQHandler</a> from startup_stm32f103xe.o(.text) referenced from startup_stm32f103xe.o(RESET)
 <LI><a href="#[3d]">SPI3_IRQHandler</a> from startup_stm32f103xe.o(.text) referenced from startup_stm32f103xe.o(RESET)
 <LI><a href="#[6]">SVC_Handler</a> from stm32f1xx_it.o(i.SVC_Handler) referenced from startup_stm32f103xe.o(RESET)
 <LI><a href="#[9]">SysTick_Handler</a> from stm32f1xx_it.o(i.SysTick_Handler) referenced from startup_stm32f103xe.o(RESET)
 <LI><a href="#[47]">SystemInit</a> from system_stm32f1xx.o(i.SystemInit) referenced from startup_stm32f103xe.o(.text)
 <LI><a href="#[c]">TAMPER_IRQHandler</a> from startup_stm32f103xe.o(.text) referenced from startup_stm32f103xe.o(RESET)
 <LI><a href="#[22]">TIM1_BRK_IRQHandler</a> from startup_stm32f103xe.o(.text) referenced from startup_stm32f103xe.o(RESET)
 <LI><a href="#[25]">TIM1_CC_IRQHandler</a> from startup_stm32f103xe.o(.text) referenced from startup_stm32f103xe.o(RESET)
 <LI><a href="#[24]">TIM1_TRG_COM_IRQHandler</a> from startup_stm32f103xe.o(.text) referenced from startup_stm32f103xe.o(RESET)
 <LI><a href="#[23]">TIM1_UP_IRQHandler</a> from startup_stm32f103xe.o(.text) referenced from startup_stm32f103xe.o(RESET)
 <LI><a href="#[26]">TIM2_IRQHandler</a> from startup_stm32f103xe.o(.text) referenced from startup_stm32f103xe.o(RESET)
 <LI><a href="#[27]">TIM3_IRQHandler</a> from startup_stm32f103xe.o(.text) referenced from startup_stm32f103xe.o(RESET)
 <LI><a href="#[28]">TIM4_IRQHandler</a> from startup_stm32f103xe.o(.text) referenced from startup_stm32f103xe.o(RESET)
 <LI><a href="#[3c]">TIM5_IRQHandler</a> from startup_stm32f103xe.o(.text) referenced from startup_stm32f103xe.o(RESET)
 <LI><a href="#[40]">TIM6_IRQHandler</a> from startup_stm32f103xe.o(.text) referenced from startup_stm32f103xe.o(RESET)
 <LI><a href="#[41]">TIM7_IRQHandler</a> from startup_stm32f103xe.o(.text) referenced from startup_stm32f103xe.o(RESET)
 <LI><a href="#[35]">TIM8_BRK_IRQHandler</a> from startup_stm32f103xe.o(.text) referenced from startup_stm32f103xe.o(RESET)
 <LI><a href="#[38]">TIM8_CC_IRQHandler</a> from startup_stm32f103xe.o(.text) referenced from startup_stm32f103xe.o(RESET)
 <LI><a href="#[37]">TIM8_TRG_COM_IRQHandler</a> from startup_stm32f103xe.o(.text) referenced from startup_stm32f103xe.o(RESET)
 <LI><a href="#[36]">TIM8_UP_IRQHandler</a> from startup_stm32f103xe.o(.text) referenced from startup_stm32f103xe.o(RESET)
 <LI><a href="#[3e]">UART4_IRQHandler</a> from startup_stm32f103xe.o(.text) referenced from startup_stm32f103xe.o(RESET)
 <LI><a href="#[3f]">UART5_IRQHandler</a> from startup_stm32f103xe.o(.text) referenced from startup_stm32f103xe.o(RESET)
 <LI><a href="#[49]">UART_DMAAbortOnError</a> from stm32f1xx_hal_uart.o(i.UART_DMAAbortOnError) referenced from stm32f1xx_hal_uart.o(i.HAL_UART_IRQHandler)
 <LI><a href="#[2f]">USART1_IRQHandler</a> from stm32f1xx_it.o(i.USART1_IRQHandler) referenced from startup_stm32f103xe.o(RESET)
 <LI><a href="#[30]">USART2_IRQHandler</a> from startup_stm32f103xe.o(.text) referenced from startup_stm32f103xe.o(RESET)
 <LI><a href="#[31]">USART3_IRQHandler</a> from startup_stm32f103xe.o(.text) referenced from startup_stm32f103xe.o(RESET)
 <LI><a href="#[34]">USBWakeUp_IRQHandler</a> from startup_stm32f103xe.o(.text) referenced from startup_stm32f103xe.o(RESET)
 <LI><a href="#[1d]">USB_HP_CAN1_TX_IRQHandler</a> from startup_stm32f103xe.o(.text) referenced from startup_stm32f103xe.o(RESET)
 <LI><a href="#[1e]">USB_LP_CAN1_RX0_IRQHandler</a> from startup_stm32f103xe.o(.text) referenced from startup_stm32f103xe.o(RESET)
 <LI><a href="#[5]">UsageFault_Handler</a> from stm32f1xx_it.o(i.UsageFault_Handler) referenced from startup_stm32f103xe.o(RESET)
 <LI><a href="#[a]">WWDG_IRQHandler</a> from startup_stm32f103xe.o(.text) referenced from startup_stm32f103xe.o(RESET)
 <LI><a href="#[48]">__main</a> from entry.o(.ARM.Collect$$$$00000000) referenced from startup_stm32f103xe.o(.text)
 <LI><a href="#[4a]">fputc</a> from usart.o(i.fputc) referenced from printfa.o(i.__0printf)
 <LI><a href="#[4a]">fputc</a> from usart.o(i.fputc) referenced from printfa.o(i.__0vprintf)
 <LI><a href="#[52]">llcc68_interface_busy_gpio_deinit</a> from driver_llcc68_interface.o(i.llcc68_interface_busy_gpio_deinit) referenced from int_llcc68.o(i.llcc68_lora_init)
 <LI><a href="#[51]">llcc68_interface_busy_gpio_init</a> from driver_llcc68_interface.o(i.llcc68_interface_busy_gpio_init) referenced from int_llcc68.o(i.llcc68_lora_init)
 <LI><a href="#[53]">llcc68_interface_busy_gpio_read</a> from driver_llcc68_interface.o(i.llcc68_interface_busy_gpio_read) referenced from int_llcc68.o(i.llcc68_lora_init)
 <LI><a href="#[55]">llcc68_interface_debug_print</a> from driver_llcc68_interface.o(i.llcc68_interface_debug_print) referenced from int_llcc68.o(i.llcc68_lora_init)
 <LI><a href="#[54]">llcc68_interface_delay_ms</a> from driver_llcc68_interface.o(i.llcc68_interface_delay_ms) referenced from int_llcc68.o(i.llcc68_lora_init)
 <LI><a href="#[56]">llcc68_interface_receive_callback</a> from driver_llcc68_interface.o(i.llcc68_interface_receive_callback) referenced from int_llcc68.o(i.llcc68_lora_init)
 <LI><a href="#[4f]">llcc68_interface_reset_gpio_deinit</a> from driver_llcc68_interface.o(i.llcc68_interface_reset_gpio_deinit) referenced from int_llcc68.o(i.llcc68_lora_init)
 <LI><a href="#[4e]">llcc68_interface_reset_gpio_init</a> from driver_llcc68_interface.o(i.llcc68_interface_reset_gpio_init) referenced from int_llcc68.o(i.llcc68_lora_init)
 <LI><a href="#[50]">llcc68_interface_reset_gpio_write</a> from driver_llcc68_interface.o(i.llcc68_interface_reset_gpio_write) referenced from int_llcc68.o(i.llcc68_lora_init)
 <LI><a href="#[4c]">llcc68_interface_spi_deinit</a> from driver_llcc68_interface.o(i.llcc68_interface_spi_deinit) referenced from int_llcc68.o(i.llcc68_lora_init)
 <LI><a href="#[4b]">llcc68_interface_spi_init</a> from driver_llcc68_interface.o(i.llcc68_interface_spi_init) referenced from int_llcc68.o(i.llcc68_lora_init)
 <LI><a href="#[4d]">llcc68_interface_spi_write_read</a> from driver_llcc68_interface.o(i.llcc68_interface_spi_write_read) referenced from int_llcc68.o(i.llcc68_lora_init)
 <LI><a href="#[46]">main</a> from main.o(i.main) referenced from entry9a.o(.ARM.Collect$$$$0000000B)
</UL>
<P>
<H3>
Global Symbols
</H3>
<P><STRONG><a name="[48]"></a>__main</STRONG> (Thumb, 0 bytes, Stack size unknown bytes, entry.o(.ARM.Collect$$$$00000000))
<BR>[Address Reference Count : 1]<UL><LI> startup_stm32f103xe.o(.text)
</UL>
<P><STRONG><a name="[110]"></a>_main_stk</STRONG> (Thumb, 0 bytes, Stack size unknown bytes, entry2.o(.ARM.Collect$$$$00000001))

<P><STRONG><a name="[57]"></a>_main_scatterload</STRONG> (Thumb, 0 bytes, Stack size unknown bytes, entry5.o(.ARM.Collect$$$$00000004))
<BR><BR>[Calls]<UL><LI><a href="#[58]">&gt;&gt;</a>&nbsp;&nbsp;&nbsp;__scatterload
</UL>

<P><STRONG><a name="[73]"></a>__main_after_scatterload</STRONG> (Thumb, 0 bytes, Stack size unknown bytes, entry5.o(.ARM.Collect$$$$00000004))
<BR><BR>[Called By]<UL><LI><a href="#[58]">&gt;&gt;</a>&nbsp;&nbsp;&nbsp;__scatterload
</UL>

<P><STRONG><a name="[111]"></a>_main_clock</STRONG> (Thumb, 0 bytes, Stack size unknown bytes, entry7b.o(.ARM.Collect$$$$00000008))

<P><STRONG><a name="[112]"></a>_main_cpp_init</STRONG> (Thumb, 0 bytes, Stack size unknown bytes, entry8b.o(.ARM.Collect$$$$0000000A))

<P><STRONG><a name="[113]"></a>_main_init</STRONG> (Thumb, 0 bytes, Stack size unknown bytes, entry9a.o(.ARM.Collect$$$$0000000B))

<P><STRONG><a name="[114]"></a>__rt_final_cpp</STRONG> (Thumb, 0 bytes, Stack size unknown bytes, entry10a.o(.ARM.Collect$$$$0000000D))

<P><STRONG><a name="[115]"></a>__rt_final_exit</STRONG> (Thumb, 0 bytes, Stack size unknown bytes, entry11a.o(.ARM.Collect$$$$0000000F))

<P><STRONG><a name="[0]"></a>Reset_Handler</STRONG> (Thumb, 8 bytes, Stack size 0 bytes, startup_stm32f103xe.o(.text))
<BR>[Address Reference Count : 1]<UL><LI> startup_stm32f103xe.o(RESET)
</UL>
<P><STRONG><a name="[1c]"></a>ADC1_2_IRQHandler</STRONG> (Thumb, 0 bytes, Stack size 0 bytes, startup_stm32f103xe.o(.text))
<BR><BR>[Calls]<UL><LI><a href="#[1c]">&gt;&gt;</a>&nbsp;&nbsp;&nbsp;ADC1_2_IRQHandler
</UL>
<BR>[Called By]<UL><LI><a href="#[1c]">&gt;&gt;</a>&nbsp;&nbsp;&nbsp;ADC1_2_IRQHandler
</UL>
<BR>[Address Reference Count : 1]<UL><LI> startup_stm32f103xe.o(RESET)
</UL>
<P><STRONG><a name="[39]"></a>ADC3_IRQHandler</STRONG> (Thumb, 0 bytes, Stack size 0 bytes, startup_stm32f103xe.o(.text))
<BR>[Address Reference Count : 1]<UL><LI> startup_stm32f103xe.o(RESET)
</UL>
<P><STRONG><a name="[1f]"></a>CAN1_RX1_IRQHandler</STRONG> (Thumb, 0 bytes, Stack size 0 bytes, startup_stm32f103xe.o(.text))
<BR>[Address Reference Count : 1]<UL><LI> startup_stm32f103xe.o(RESET)
</UL>
<P><STRONG><a name="[20]"></a>CAN1_SCE_IRQHandler</STRONG> (Thumb, 0 bytes, Stack size 0 bytes, startup_stm32f103xe.o(.text))
<BR>[Address Reference Count : 1]<UL><LI> startup_stm32f103xe.o(RESET)
</UL>
<P><STRONG><a name="[15]"></a>DMA1_Channel1_IRQHandler</STRONG> (Thumb, 0 bytes, Stack size 0 bytes, startup_stm32f103xe.o(.text))
<BR>[Address Reference Count : 1]<UL><LI> startup_stm32f103xe.o(RESET)
</UL>
<P><STRONG><a name="[16]"></a>DMA1_Channel2_IRQHandler</STRONG> (Thumb, 0 bytes, Stack size 0 bytes, startup_stm32f103xe.o(.text))
<BR>[Address Reference Count : 1]<UL><LI> startup_stm32f103xe.o(RESET)
</UL>
<P><STRONG><a name="[17]"></a>DMA1_Channel3_IRQHandler</STRONG> (Thumb, 0 bytes, Stack size 0 bytes, startup_stm32f103xe.o(.text))
<BR>[Address Reference Count : 1]<UL><LI> startup_stm32f103xe.o(RESET)
</UL>
<P><STRONG><a name="[18]"></a>DMA1_Channel4_IRQHandler</STRONG> (Thumb, 0 bytes, Stack size 0 bytes, startup_stm32f103xe.o(.text))
<BR>[Address Reference Count : 1]<UL><LI> startup_stm32f103xe.o(RESET)
</UL>
<P><STRONG><a name="[19]"></a>DMA1_Channel5_IRQHandler</STRONG> (Thumb, 0 bytes, Stack size 0 bytes, startup_stm32f103xe.o(.text))
<BR>[Address Reference Count : 1]<UL><LI> startup_stm32f103xe.o(RESET)
</UL>
<P><STRONG><a name="[1a]"></a>DMA1_Channel6_IRQHandler</STRONG> (Thumb, 0 bytes, Stack size 0 bytes, startup_stm32f103xe.o(.text))
<BR>[Address Reference Count : 1]<UL><LI> startup_stm32f103xe.o(RESET)
</UL>
<P><STRONG><a name="[1b]"></a>DMA1_Channel7_IRQHandler</STRONG> (Thumb, 0 bytes, Stack size 0 bytes, startup_stm32f103xe.o(.text))
<BR>[Address Reference Count : 1]<UL><LI> startup_stm32f103xe.o(RESET)
</UL>
<P><STRONG><a name="[42]"></a>DMA2_Channel1_IRQHandler</STRONG> (Thumb, 0 bytes, Stack size 0 bytes, startup_stm32f103xe.o(.text))
<BR>[Address Reference Count : 1]<UL><LI> startup_stm32f103xe.o(RESET)
</UL>
<P><STRONG><a name="[43]"></a>DMA2_Channel2_IRQHandler</STRONG> (Thumb, 0 bytes, Stack size 0 bytes, startup_stm32f103xe.o(.text))
<BR>[Address Reference Count : 1]<UL><LI> startup_stm32f103xe.o(RESET)
</UL>
<P><STRONG><a name="[44]"></a>DMA2_Channel3_IRQHandler</STRONG> (Thumb, 0 bytes, Stack size 0 bytes, startup_stm32f103xe.o(.text))
<BR>[Address Reference Count : 1]<UL><LI> startup_stm32f103xe.o(RESET)
</UL>
<P><STRONG><a name="[45]"></a>DMA2_Channel4_5_IRQHandler</STRONG> (Thumb, 0 bytes, Stack size 0 bytes, startup_stm32f103xe.o(.text))
<BR>[Address Reference Count : 1]<UL><LI> startup_stm32f103xe.o(RESET)
</UL>
<P><STRONG><a name="[10]"></a>EXTI0_IRQHandler</STRONG> (Thumb, 0 bytes, Stack size 0 bytes, startup_stm32f103xe.o(.text))
<BR>[Address Reference Count : 1]<UL><LI> startup_stm32f103xe.o(RESET)
</UL>
<P><STRONG><a name="[32]"></a>EXTI15_10_IRQHandler</STRONG> (Thumb, 0 bytes, Stack size 0 bytes, startup_stm32f103xe.o(.text))
<BR>[Address Reference Count : 1]<UL><LI> startup_stm32f103xe.o(RESET)
</UL>
<P><STRONG><a name="[11]"></a>EXTI1_IRQHandler</STRONG> (Thumb, 0 bytes, Stack size 0 bytes, startup_stm32f103xe.o(.text))
<BR>[Address Reference Count : 1]<UL><LI> startup_stm32f103xe.o(RESET)
</UL>
<P><STRONG><a name="[12]"></a>EXTI2_IRQHandler</STRONG> (Thumb, 0 bytes, Stack size 0 bytes, startup_stm32f103xe.o(.text))
<BR>[Address Reference Count : 1]<UL><LI> startup_stm32f103xe.o(RESET)
</UL>
<P><STRONG><a name="[13]"></a>EXTI3_IRQHandler</STRONG> (Thumb, 0 bytes, Stack size 0 bytes, startup_stm32f103xe.o(.text))
<BR>[Address Reference Count : 1]<UL><LI> startup_stm32f103xe.o(RESET)
</UL>
<P><STRONG><a name="[14]"></a>EXTI4_IRQHandler</STRONG> (Thumb, 0 bytes, Stack size 0 bytes, startup_stm32f103xe.o(.text))
<BR>[Address Reference Count : 1]<UL><LI> startup_stm32f103xe.o(RESET)
</UL>
<P><STRONG><a name="[21]"></a>EXTI9_5_IRQHandler</STRONG> (Thumb, 0 bytes, Stack size 0 bytes, startup_stm32f103xe.o(.text))
<BR>[Address Reference Count : 1]<UL><LI> startup_stm32f103xe.o(RESET)
</UL>
<P><STRONG><a name="[e]"></a>FLASH_IRQHandler</STRONG> (Thumb, 0 bytes, Stack size 0 bytes, startup_stm32f103xe.o(.text))
<BR>[Address Reference Count : 1]<UL><LI> startup_stm32f103xe.o(RESET)
</UL>
<P><STRONG><a name="[3a]"></a>FSMC_IRQHandler</STRONG> (Thumb, 0 bytes, Stack size 0 bytes, startup_stm32f103xe.o(.text))
<BR>[Address Reference Count : 1]<UL><LI> startup_stm32f103xe.o(RESET)
</UL>
<P><STRONG><a name="[2a]"></a>I2C1_ER_IRQHandler</STRONG> (Thumb, 0 bytes, Stack size 0 bytes, startup_stm32f103xe.o(.text))
<BR>[Address Reference Count : 1]<UL><LI> startup_stm32f103xe.o(RESET)
</UL>
<P><STRONG><a name="[29]"></a>I2C1_EV_IRQHandler</STRONG> (Thumb, 0 bytes, Stack size 0 bytes, startup_stm32f103xe.o(.text))
<BR>[Address Reference Count : 1]<UL><LI> startup_stm32f103xe.o(RESET)
</UL>
<P><STRONG><a name="[2c]"></a>I2C2_ER_IRQHandler</STRONG> (Thumb, 0 bytes, Stack size 0 bytes, startup_stm32f103xe.o(.text))
<BR>[Address Reference Count : 1]<UL><LI> startup_stm32f103xe.o(RESET)
</UL>
<P><STRONG><a name="[2b]"></a>I2C2_EV_IRQHandler</STRONG> (Thumb, 0 bytes, Stack size 0 bytes, startup_stm32f103xe.o(.text))
<BR>[Address Reference Count : 1]<UL><LI> startup_stm32f103xe.o(RESET)
</UL>
<P><STRONG><a name="[b]"></a>PVD_IRQHandler</STRONG> (Thumb, 0 bytes, Stack size 0 bytes, startup_stm32f103xe.o(.text))
<BR>[Address Reference Count : 1]<UL><LI> startup_stm32f103xe.o(RESET)
</UL>
<P><STRONG><a name="[f]"></a>RCC_IRQHandler</STRONG> (Thumb, 0 bytes, Stack size 0 bytes, startup_stm32f103xe.o(.text))
<BR>[Address Reference Count : 1]<UL><LI> startup_stm32f103xe.o(RESET)
</UL>
<P><STRONG><a name="[33]"></a>RTC_Alarm_IRQHandler</STRONG> (Thumb, 0 bytes, Stack size 0 bytes, startup_stm32f103xe.o(.text))
<BR>[Address Reference Count : 1]<UL><LI> startup_stm32f103xe.o(RESET)
</UL>
<P><STRONG><a name="[d]"></a>RTC_IRQHandler</STRONG> (Thumb, 0 bytes, Stack size 0 bytes, startup_stm32f103xe.o(.text))
<BR>[Address Reference Count : 1]<UL><LI> startup_stm32f103xe.o(RESET)
</UL>
<P><STRONG><a name="[3b]"></a>SDIO_IRQHandler</STRONG> (Thumb, 0 bytes, Stack size 0 bytes, startup_stm32f103xe.o(.text))
<BR>[Address Reference Count : 1]<UL><LI> startup_stm32f103xe.o(RESET)
</UL>
<P><STRONG><a name="[2d]"></a>SPI1_IRQHandler</STRONG> (Thumb, 0 bytes, Stack size 0 bytes, startup_stm32f103xe.o(.text))
<BR>[Address Reference Count : 1]<UL><LI> startup_stm32f103xe.o(RESET)
</UL>
<P><STRONG><a name="[2e]"></a>SPI2_IRQHandler</STRONG> (Thumb, 0 bytes, Stack size 0 bytes, startup_stm32f103xe.o(.text))
<BR>[Address Reference Count : 1]<UL><LI> startup_stm32f103xe.o(RESET)
</UL>
<P><STRONG><a name="[3d]"></a>SPI3_IRQHandler</STRONG> (Thumb, 0 bytes, Stack size 0 bytes, startup_stm32f103xe.o(.text))
<BR>[Address Reference Count : 1]<UL><LI> startup_stm32f103xe.o(RESET)
</UL>
<P><STRONG><a name="[c]"></a>TAMPER_IRQHandler</STRONG> (Thumb, 0 bytes, Stack size 0 bytes, startup_stm32f103xe.o(.text))
<BR>[Address Reference Count : 1]<UL><LI> startup_stm32f103xe.o(RESET)
</UL>
<P><STRONG><a name="[22]"></a>TIM1_BRK_IRQHandler</STRONG> (Thumb, 0 bytes, Stack size 0 bytes, startup_stm32f103xe.o(.text))
<BR>[Address Reference Count : 1]<UL><LI> startup_stm32f103xe.o(RESET)
</UL>
<P><STRONG><a name="[25]"></a>TIM1_CC_IRQHandler</STRONG> (Thumb, 0 bytes, Stack size 0 bytes, startup_stm32f103xe.o(.text))
<BR>[Address Reference Count : 1]<UL><LI> startup_stm32f103xe.o(RESET)
</UL>
<P><STRONG><a name="[24]"></a>TIM1_TRG_COM_IRQHandler</STRONG> (Thumb, 0 bytes, Stack size 0 bytes, startup_stm32f103xe.o(.text))
<BR>[Address Reference Count : 1]<UL><LI> startup_stm32f103xe.o(RESET)
</UL>
<P><STRONG><a name="[23]"></a>TIM1_UP_IRQHandler</STRONG> (Thumb, 0 bytes, Stack size 0 bytes, startup_stm32f103xe.o(.text))
<BR>[Address Reference Count : 1]<UL><LI> startup_stm32f103xe.o(RESET)
</UL>
<P><STRONG><a name="[26]"></a>TIM2_IRQHandler</STRONG> (Thumb, 0 bytes, Stack size 0 bytes, startup_stm32f103xe.o(.text))
<BR>[Address Reference Count : 1]<UL><LI> startup_stm32f103xe.o(RESET)
</UL>
<P><STRONG><a name="[27]"></a>TIM3_IRQHandler</STRONG> (Thumb, 0 bytes, Stack size 0 bytes, startup_stm32f103xe.o(.text))
<BR>[Address Reference Count : 1]<UL><LI> startup_stm32f103xe.o(RESET)
</UL>
<P><STRONG><a name="[28]"></a>TIM4_IRQHandler</STRONG> (Thumb, 0 bytes, Stack size 0 bytes, startup_stm32f103xe.o(.text))
<BR>[Address Reference Count : 1]<UL><LI> startup_stm32f103xe.o(RESET)
</UL>
<P><STRONG><a name="[3c]"></a>TIM5_IRQHandler</STRONG> (Thumb, 0 bytes, Stack size 0 bytes, startup_stm32f103xe.o(.text))
<BR>[Address Reference Count : 1]<UL><LI> startup_stm32f103xe.o(RESET)
</UL>
<P><STRONG><a name="[40]"></a>TIM6_IRQHandler</STRONG> (Thumb, 0 bytes, Stack size 0 bytes, startup_stm32f103xe.o(.text))
<BR>[Address Reference Count : 1]<UL><LI> startup_stm32f103xe.o(RESET)
</UL>
<P><STRONG><a name="[41]"></a>TIM7_IRQHandler</STRONG> (Thumb, 0 bytes, Stack size 0 bytes, startup_stm32f103xe.o(.text))
<BR>[Address Reference Count : 1]<UL><LI> startup_stm32f103xe.o(RESET)
</UL>
<P><STRONG><a name="[35]"></a>TIM8_BRK_IRQHandler</STRONG> (Thumb, 0 bytes, Stack size 0 bytes, startup_stm32f103xe.o(.text))
<BR>[Address Reference Count : 1]<UL><LI> startup_stm32f103xe.o(RESET)
</UL>
<P><STRONG><a name="[38]"></a>TIM8_CC_IRQHandler</STRONG> (Thumb, 0 bytes, Stack size 0 bytes, startup_stm32f103xe.o(.text))
<BR>[Address Reference Count : 1]<UL><LI> startup_stm32f103xe.o(RESET)
</UL>
<P><STRONG><a name="[37]"></a>TIM8_TRG_COM_IRQHandler</STRONG> (Thumb, 0 bytes, Stack size 0 bytes, startup_stm32f103xe.o(.text))
<BR>[Address Reference Count : 1]<UL><LI> startup_stm32f103xe.o(RESET)
</UL>
<P><STRONG><a name="[36]"></a>TIM8_UP_IRQHandler</STRONG> (Thumb, 0 bytes, Stack size 0 bytes, startup_stm32f103xe.o(.text))
<BR>[Address Reference Count : 1]<UL><LI> startup_stm32f103xe.o(RESET)
</UL>
<P><STRONG><a name="[3e]"></a>UART4_IRQHandler</STRONG> (Thumb, 0 bytes, Stack size 0 bytes, startup_stm32f103xe.o(.text))
<BR>[Address Reference Count : 1]<UL><LI> startup_stm32f103xe.o(RESET)
</UL>
<P><STRONG><a name="[3f]"></a>UART5_IRQHandler</STRONG> (Thumb, 0 bytes, Stack size 0 bytes, startup_stm32f103xe.o(.text))
<BR>[Address Reference Count : 1]<UL><LI> startup_stm32f103xe.o(RESET)
</UL>
<P><STRONG><a name="[30]"></a>USART2_IRQHandler</STRONG> (Thumb, 0 bytes, Stack size 0 bytes, startup_stm32f103xe.o(.text))
<BR>[Address Reference Count : 1]<UL><LI> startup_stm32f103xe.o(RESET)
</UL>
<P><STRONG><a name="[31]"></a>USART3_IRQHandler</STRONG> (Thumb, 0 bytes, Stack size 0 bytes, startup_stm32f103xe.o(.text))
<BR>[Address Reference Count : 1]<UL><LI> startup_stm32f103xe.o(RESET)
</UL>
<P><STRONG><a name="[34]"></a>USBWakeUp_IRQHandler</STRONG> (Thumb, 0 bytes, Stack size 0 bytes, startup_stm32f103xe.o(.text))
<BR>[Address Reference Count : 1]<UL><LI> startup_stm32f103xe.o(RESET)
</UL>
<P><STRONG><a name="[1d]"></a>USB_HP_CAN1_TX_IRQHandler</STRONG> (Thumb, 0 bytes, Stack size 0 bytes, startup_stm32f103xe.o(.text))
<BR>[Address Reference Count : 1]<UL><LI> startup_stm32f103xe.o(RESET)
</UL>
<P><STRONG><a name="[1e]"></a>USB_LP_CAN1_RX0_IRQHandler</STRONG> (Thumb, 0 bytes, Stack size 0 bytes, startup_stm32f103xe.o(.text))
<BR>[Address Reference Count : 1]<UL><LI> startup_stm32f103xe.o(RESET)
</UL>
<P><STRONG><a name="[a]"></a>WWDG_IRQHandler</STRONG> (Thumb, 0 bytes, Stack size 0 bytes, startup_stm32f103xe.o(.text))
<BR>[Address Reference Count : 1]<UL><LI> startup_stm32f103xe.o(RESET)
</UL>
<P><STRONG><a name="[66]"></a>__aeabi_llsr</STRONG> (Thumb, 32 bytes, Stack size 0 bytes, llushr.o(.text))
<BR><BR>[Called By]<UL><LI><a href="#[65]">&gt;&gt;</a>&nbsp;&nbsp;&nbsp;__aeabi_d2uiz
<LI><a href="#[5f]">&gt;&gt;</a>&nbsp;&nbsp;&nbsp;_double_epilogue
<LI><a href="#[71]">&gt;&gt;</a>&nbsp;&nbsp;&nbsp;__aeabi_d2ulz
<LI><a href="#[67]">&gt;&gt;</a>&nbsp;&nbsp;&nbsp;__aeabi_uldivmod
</UL>

<P><STRONG><a name="[116]"></a>_ll_ushift_r</STRONG> (Thumb, 0 bytes, Stack size 0 bytes, llushr.o(.text), UNUSED)

<P><STRONG><a name="[85]"></a>__aeabi_memcpy</STRONG> (Thumb, 36 bytes, Stack size 0 bytes, memcpya.o(.text))
<BR><BR>[Called By]<UL><LI><a href="#[e4]">&gt;&gt;</a>&nbsp;&nbsp;&nbsp;a_llcc68_spi_write_register
<LI><a href="#[e3]">&gt;&gt;</a>&nbsp;&nbsp;&nbsp;a_llcc68_spi_write_buffer
<LI><a href="#[e2]">&gt;&gt;</a>&nbsp;&nbsp;&nbsp;a_llcc68_spi_write
<LI><a href="#[e1]">&gt;&gt;</a>&nbsp;&nbsp;&nbsp;a_llcc68_spi_read_register
<LI><a href="#[e0]">&gt;&gt;</a>&nbsp;&nbsp;&nbsp;a_llcc68_spi_read_buffer
<LI><a href="#[83]">&gt;&gt;</a>&nbsp;&nbsp;&nbsp;App_update_receive_app_data
</UL>

<P><STRONG><a name="[117]"></a>__aeabi_memcpy4</STRONG> (Thumb, 0 bytes, Stack size 0 bytes, memcpya.o(.text), UNUSED)

<P><STRONG><a name="[118]"></a>__aeabi_memcpy8</STRONG> (Thumb, 0 bytes, Stack size 0 bytes, memcpya.o(.text), UNUSED)

<P><STRONG><a name="[5a]"></a>__aeabi_memset</STRONG> (Thumb, 14 bytes, Stack size 0 bytes, memseta.o(.text))
<BR><BR>[Called By]<UL><LI><a href="#[5b]">&gt;&gt;</a>&nbsp;&nbsp;&nbsp;_memset$wrapper
<LI><a href="#[59]">&gt;&gt;</a>&nbsp;&nbsp;&nbsp;__aeabi_memclr
</UL>

<P><STRONG><a name="[119]"></a>__aeabi_memset4</STRONG> (Thumb, 0 bytes, Stack size 0 bytes, memseta.o(.text), UNUSED)

<P><STRONG><a name="[11a]"></a>__aeabi_memset8</STRONG> (Thumb, 0 bytes, Stack size 0 bytes, memseta.o(.text), UNUSED)

<P><STRONG><a name="[59]"></a>__aeabi_memclr</STRONG> (Thumb, 4 bytes, Stack size 0 bytes, memseta.o(.text))
<BR><BR>[Calls]<UL><LI><a href="#[5a]">&gt;&gt;</a>&nbsp;&nbsp;&nbsp;__aeabi_memset
</UL>
<BR>[Called By]<UL><LI><a href="#[88]">&gt;&gt;</a>&nbsp;&nbsp;&nbsp;App_update_work
<LI><a href="#[e4]">&gt;&gt;</a>&nbsp;&nbsp;&nbsp;a_llcc68_spi_write_register
<LI><a href="#[e3]">&gt;&gt;</a>&nbsp;&nbsp;&nbsp;a_llcc68_spi_write_buffer
<LI><a href="#[e2]">&gt;&gt;</a>&nbsp;&nbsp;&nbsp;a_llcc68_spi_write
<LI><a href="#[e1]">&gt;&gt;</a>&nbsp;&nbsp;&nbsp;a_llcc68_spi_read_register
<LI><a href="#[e0]">&gt;&gt;</a>&nbsp;&nbsp;&nbsp;a_llcc68_spi_read_buffer
<LI><a href="#[83]">&gt;&gt;</a>&nbsp;&nbsp;&nbsp;App_update_receive_app_data
<LI><a href="#[7d]">&gt;&gt;</a>&nbsp;&nbsp;&nbsp;App_update_check_data
</UL>

<P><STRONG><a name="[cf]"></a>__aeabi_memclr4</STRONG> (Thumb, 0 bytes, Stack size 0 bytes, memseta.o(.text))
<BR><BR>[Called By]<UL><LI><a href="#[ce]">&gt;&gt;</a>&nbsp;&nbsp;&nbsp;SystemClock_Config
<LI><a href="#[82]">&gt;&gt;</a>&nbsp;&nbsp;&nbsp;llcc68_lora_init
</UL>

<P><STRONG><a name="[11b]"></a>__aeabi_memclr8</STRONG> (Thumb, 0 bytes, Stack size 0 bytes, memseta.o(.text), UNUSED)

<P><STRONG><a name="[5b]"></a>_memset$wrapper</STRONG> (Thumb, 18 bytes, Stack size 8 bytes, memseta.o(.text), UNUSED)
<BR><BR>[Calls]<UL><LI><a href="#[5a]">&gt;&gt;</a>&nbsp;&nbsp;&nbsp;__aeabi_memset
</UL>

<P><STRONG><a name="[ae]"></a>strstr</STRONG> (Thumb, 36 bytes, Stack size 12 bytes, strstr.o(.text))
<BR><BR>[Stack]<UL><LI>Max Depth = 12<LI>Call Chain = strstr
</UL>
<BR>[Called By]<UL><LI><a href="#[ad]">&gt;&gt;</a>&nbsp;&nbsp;&nbsp;HAL_UARTEx_RxEventCallback
</UL>

<P><STRONG><a name="[ec]"></a>__aeabi_fmul</STRONG> (Thumb, 100 bytes, Stack size 8 bytes, fmul.o(.text))
<BR><BR>[Stack]<UL><LI>Max Depth = 8<LI>Call Chain = __aeabi_fmul
</UL>
<BR>[Called By]<UL><LI><a href="#[ea]">&gt;&gt;</a>&nbsp;&nbsp;&nbsp;llcc68_frequency_convert_to_register
<LI><a href="#[eb]">&gt;&gt;</a>&nbsp;&nbsp;&nbsp;powf
</UL>

<P><STRONG><a name="[5c]"></a>__aeabi_fdiv</STRONG> (Thumb, 124 bytes, Stack size 8 bytes, fdiv.o(.text))
<BR><BR>[Stack]<UL><LI>Max Depth = 8<LI>Call Chain = __aeabi_fdiv
</UL>
<BR>[Calls]<UL><LI><a href="#[5d]">&gt;&gt;</a>&nbsp;&nbsp;&nbsp;_float_round
</UL>
<BR>[Called By]<UL><LI><a href="#[ea]">&gt;&gt;</a>&nbsp;&nbsp;&nbsp;llcc68_frequency_convert_to_register
<LI><a href="#[d7]">&gt;&gt;</a>&nbsp;&nbsp;&nbsp;__mathlib_flt_invalid
<LI><a href="#[d5]">&gt;&gt;</a>&nbsp;&nbsp;&nbsp;__mathlib_flt_divzero
<LI><a href="#[eb]">&gt;&gt;</a>&nbsp;&nbsp;&nbsp;powf
</UL>

<P><STRONG><a name="[5e]"></a>__aeabi_dmul</STRONG> (Thumb, 228 bytes, Stack size 48 bytes, dmul.o(.text), UNUSED)
<BR><BR>[Calls]<UL><LI><a href="#[5f]">&gt;&gt;</a>&nbsp;&nbsp;&nbsp;_double_epilogue
</UL>
<BR>[Called By]<UL><LI><a href="#[db]">&gt;&gt;</a>&nbsp;&nbsp;&nbsp;_fp_digits
</UL>

<P><STRONG><a name="[60]"></a>__aeabi_ddiv</STRONG> (Thumb, 222 bytes, Stack size 32 bytes, ddiv.o(.text))
<BR><BR>[Stack]<UL><LI>Max Depth = 40<LI>Call Chain = __aeabi_ddiv &rArr; _double_round
</UL>
<BR>[Calls]<UL><LI><a href="#[61]">&gt;&gt;</a>&nbsp;&nbsp;&nbsp;_double_round
</UL>
<BR>[Called By]<UL><LI><a href="#[109]">&gt;&gt;</a>&nbsp;&nbsp;&nbsp;llcc68_lora_transmit
<LI><a href="#[db]">&gt;&gt;</a>&nbsp;&nbsp;&nbsp;_fp_digits
</UL>

<P><STRONG><a name="[62]"></a>__aeabi_ui2f</STRONG> (Thumb, 10 bytes, Stack size 0 bytes, ffltui.o(.text))
<BR><BR>[Stack]<UL><LI>Max Depth = 4<LI>Call Chain = __aeabi_ui2f &rArr; _float_epilogue
</UL>
<BR>[Calls]<UL><LI><a href="#[63]">&gt;&gt;</a>&nbsp;&nbsp;&nbsp;_float_epilogue
</UL>
<BR>[Called By]<UL><LI><a href="#[ea]">&gt;&gt;</a>&nbsp;&nbsp;&nbsp;llcc68_frequency_convert_to_register
</UL>

<P><STRONG><a name="[64]"></a>__aeabi_ui2d</STRONG> (Thumb, 26 bytes, Stack size 16 bytes, dfltui.o(.text))
<BR><BR>[Stack]<UL><LI>Max Depth = 56<LI>Call Chain = __aeabi_ui2d &rArr; _double_epilogue &rArr; _double_round
</UL>
<BR>[Calls]<UL><LI><a href="#[5f]">&gt;&gt;</a>&nbsp;&nbsp;&nbsp;_double_epilogue
</UL>
<BR>[Called By]<UL><LI><a href="#[109]">&gt;&gt;</a>&nbsp;&nbsp;&nbsp;llcc68_lora_transmit
</UL>

<P><STRONG><a name="[ed]"></a>__aeabi_f2uiz</STRONG> (Thumb, 40 bytes, Stack size 0 bytes, ffixui.o(.text))
<BR><BR>[Called By]<UL><LI><a href="#[ea]">&gt;&gt;</a>&nbsp;&nbsp;&nbsp;llcc68_frequency_convert_to_register
</UL>

<P><STRONG><a name="[65]"></a>__aeabi_d2uiz</STRONG> (Thumb, 50 bytes, Stack size 8 bytes, dfixui.o(.text))
<BR><BR>[Stack]<UL><LI>Max Depth = 8<LI>Call Chain = __aeabi_d2uiz
</UL>
<BR>[Calls]<UL><LI><a href="#[66]">&gt;&gt;</a>&nbsp;&nbsp;&nbsp;__aeabi_llsr
</UL>
<BR>[Called By]<UL><LI><a href="#[109]">&gt;&gt;</a>&nbsp;&nbsp;&nbsp;llcc68_lora_transmit
</UL>

<P><STRONG><a name="[11c]"></a>__aeabi_uidiv</STRONG> (Thumb, 0 bytes, Stack size 12 bytes, uidiv.o(.text), UNUSED)

<P><STRONG><a name="[df]"></a>__aeabi_uidivmod</STRONG> (Thumb, 44 bytes, Stack size 12 bytes, uidiv.o(.text), UNUSED)
<BR><BR>[Called By]<UL><LI><a href="#[d3]">&gt;&gt;</a>&nbsp;&nbsp;&nbsp;_printf_core
</UL>

<P><STRONG><a name="[67]"></a>__aeabi_uldivmod</STRONG> (Thumb, 98 bytes, Stack size 40 bytes, uldiv.o(.text), UNUSED)
<BR><BR>[Calls]<UL><LI><a href="#[66]">&gt;&gt;</a>&nbsp;&nbsp;&nbsp;__aeabi_llsr
<LI><a href="#[68]">&gt;&gt;</a>&nbsp;&nbsp;&nbsp;__aeabi_llsl
</UL>
<BR>[Called By]<UL><LI><a href="#[d3]">&gt;&gt;</a>&nbsp;&nbsp;&nbsp;_printf_core
<LI><a href="#[db]">&gt;&gt;</a>&nbsp;&nbsp;&nbsp;_fp_digits
</UL>

<P><STRONG><a name="[11d]"></a>__I$use$fp</STRONG> (Thumb, 0 bytes, Stack size 0 bytes, iusefp.o(.text), UNUSED)

<P><STRONG><a name="[5d]"></a>_float_round</STRONG> (Thumb, 18 bytes, Stack size 0 bytes, fepilogue.o(.text))
<BR><BR>[Called By]<UL><LI><a href="#[5c]">&gt;&gt;</a>&nbsp;&nbsp;&nbsp;__aeabi_fdiv
<LI><a href="#[72]">&gt;&gt;</a>&nbsp;&nbsp;&nbsp;_ffix_r
<LI><a href="#[69]">&gt;&gt;</a>&nbsp;&nbsp;&nbsp;__aeabi_fadd
</UL>

<P><STRONG><a name="[63]"></a>_float_epilogue</STRONG> (Thumb, 92 bytes, Stack size 4 bytes, fepilogue.o(.text))
<BR><BR>[Stack]<UL><LI>Max Depth = 4<LI>Call Chain = _float_epilogue
</UL>
<BR>[Called By]<UL><LI><a href="#[62]">&gt;&gt;</a>&nbsp;&nbsp;&nbsp;__aeabi_ui2f
<LI><a href="#[70]">&gt;&gt;</a>&nbsp;&nbsp;&nbsp;__aeabi_i2f
<LI><a href="#[69]">&gt;&gt;</a>&nbsp;&nbsp;&nbsp;__aeabi_fadd
</UL>

<P><STRONG><a name="[69]"></a>__aeabi_fadd</STRONG> (Thumb, 164 bytes, Stack size 16 bytes, fadd.o(.text))
<BR><BR>[Stack]<UL><LI>Max Depth = 20<LI>Call Chain = __aeabi_fadd &rArr; _float_epilogue
</UL>
<BR>[Calls]<UL><LI><a href="#[63]">&gt;&gt;</a>&nbsp;&nbsp;&nbsp;_float_epilogue
<LI><a href="#[5d]">&gt;&gt;</a>&nbsp;&nbsp;&nbsp;_float_round
</UL>
<BR>[Called By]<UL><LI><a href="#[d6]">&gt;&gt;</a>&nbsp;&nbsp;&nbsp;__mathlib_flt_infnan2
<LI><a href="#[6a]">&gt;&gt;</a>&nbsp;&nbsp;&nbsp;__aeabi_fsub
<LI><a href="#[6b]">&gt;&gt;</a>&nbsp;&nbsp;&nbsp;__aeabi_frsub
<LI><a href="#[eb]">&gt;&gt;</a>&nbsp;&nbsp;&nbsp;powf
</UL>

<P><STRONG><a name="[6a]"></a>__aeabi_fsub</STRONG> (Thumb, 6 bytes, Stack size 0 bytes, fadd.o(.text))
<BR><BR>[Stack]<UL><LI>Max Depth = 20<LI>Call Chain = __aeabi_fsub &rArr; __aeabi_fadd &rArr; _float_epilogue
</UL>
<BR>[Calls]<UL><LI><a href="#[69]">&gt;&gt;</a>&nbsp;&nbsp;&nbsp;__aeabi_fadd
</UL>
<BR>[Called By]<UL><LI><a href="#[eb]">&gt;&gt;</a>&nbsp;&nbsp;&nbsp;powf
</UL>

<P><STRONG><a name="[6b]"></a>__aeabi_frsub</STRONG> (Thumb, 6 bytes, Stack size 0 bytes, fadd.o(.text))
<BR><BR>[Stack]<UL><LI>Max Depth = 20<LI>Call Chain = __aeabi_frsub &rArr; __aeabi_fadd &rArr; _float_epilogue
</UL>
<BR>[Calls]<UL><LI><a href="#[69]">&gt;&gt;</a>&nbsp;&nbsp;&nbsp;__aeabi_fadd
</UL>
<BR>[Called By]<UL><LI><a href="#[eb]">&gt;&gt;</a>&nbsp;&nbsp;&nbsp;powf
</UL>

<P><STRONG><a name="[d9]"></a>__ARM_scalbnf</STRONG> (Thumb, 24 bytes, Stack size 0 bytes, fscalb.o(.text))
<BR><BR>[Called By]<UL><LI><a href="#[da]">&gt;&gt;</a>&nbsp;&nbsp;&nbsp;__mathlib_flt_underflow
<LI><a href="#[d8]">&gt;&gt;</a>&nbsp;&nbsp;&nbsp;__mathlib_flt_overflow
<LI><a href="#[eb]">&gt;&gt;</a>&nbsp;&nbsp;&nbsp;powf
</UL>

<P><STRONG><a name="[11e]"></a>scalbnf</STRONG> (Thumb, 0 bytes, Stack size 0 bytes, fscalb.o(.text), UNUSED)

<P><STRONG><a name="[61]"></a>_double_round</STRONG> (Thumb, 30 bytes, Stack size 8 bytes, depilogue.o(.text))
<BR><BR>[Stack]<UL><LI>Max Depth = 8<LI>Call Chain = _double_round
</UL>
<BR>[Called By]<UL><LI><a href="#[60]">&gt;&gt;</a>&nbsp;&nbsp;&nbsp;__aeabi_ddiv
<LI><a href="#[5f]">&gt;&gt;</a>&nbsp;&nbsp;&nbsp;_double_epilogue
<LI><a href="#[6c]">&gt;&gt;</a>&nbsp;&nbsp;&nbsp;__aeabi_dadd
</UL>

<P><STRONG><a name="[5f]"></a>_double_epilogue</STRONG> (Thumb, 156 bytes, Stack size 32 bytes, depilogue.o(.text))
<BR><BR>[Stack]<UL><LI>Max Depth = 40<LI>Call Chain = _double_epilogue &rArr; _double_round
</UL>
<BR>[Calls]<UL><LI><a href="#[61]">&gt;&gt;</a>&nbsp;&nbsp;&nbsp;_double_round
<LI><a href="#[66]">&gt;&gt;</a>&nbsp;&nbsp;&nbsp;__aeabi_llsr
<LI><a href="#[68]">&gt;&gt;</a>&nbsp;&nbsp;&nbsp;__aeabi_llsl
</UL>
<BR>[Called By]<UL><LI><a href="#[64]">&gt;&gt;</a>&nbsp;&nbsp;&nbsp;__aeabi_ui2d
<LI><a href="#[5e]">&gt;&gt;</a>&nbsp;&nbsp;&nbsp;__aeabi_dmul
<LI><a href="#[6c]">&gt;&gt;</a>&nbsp;&nbsp;&nbsp;__aeabi_dadd
</UL>

<P><STRONG><a name="[6c]"></a>__aeabi_dadd</STRONG> (Thumb, 322 bytes, Stack size 48 bytes, dadd.o(.text), UNUSED)
<BR><BR>[Calls]<UL><LI><a href="#[61]">&gt;&gt;</a>&nbsp;&nbsp;&nbsp;_double_round
<LI><a href="#[5f]">&gt;&gt;</a>&nbsp;&nbsp;&nbsp;_double_epilogue
<LI><a href="#[6d]">&gt;&gt;</a>&nbsp;&nbsp;&nbsp;__aeabi_lasr
<LI><a href="#[68]">&gt;&gt;</a>&nbsp;&nbsp;&nbsp;__aeabi_llsl
</UL>
<BR>[Called By]<UL><LI><a href="#[db]">&gt;&gt;</a>&nbsp;&nbsp;&nbsp;_fp_digits
<LI><a href="#[6f]">&gt;&gt;</a>&nbsp;&nbsp;&nbsp;__aeabi_drsub
<LI><a href="#[6e]">&gt;&gt;</a>&nbsp;&nbsp;&nbsp;__aeabi_dsub
</UL>

<P><STRONG><a name="[6e]"></a>__aeabi_dsub</STRONG> (Thumb, 6 bytes, Stack size 0 bytes, dadd.o(.text), UNUSED)
<BR><BR>[Calls]<UL><LI><a href="#[6c]">&gt;&gt;</a>&nbsp;&nbsp;&nbsp;__aeabi_dadd
</UL>

<P><STRONG><a name="[6f]"></a>__aeabi_drsub</STRONG> (Thumb, 6 bytes, Stack size 0 bytes, dadd.o(.text), UNUSED)
<BR><BR>[Calls]<UL><LI><a href="#[6c]">&gt;&gt;</a>&nbsp;&nbsp;&nbsp;__aeabi_dadd
</UL>

<P><STRONG><a name="[70]"></a>__aeabi_i2f</STRONG> (Thumb, 18 bytes, Stack size 0 bytes, fflti.o(.text))
<BR><BR>[Stack]<UL><LI>Max Depth = 4<LI>Call Chain = __aeabi_i2f &rArr; _float_epilogue
</UL>
<BR>[Calls]<UL><LI><a href="#[63]">&gt;&gt;</a>&nbsp;&nbsp;&nbsp;_float_epilogue
</UL>
<BR>[Called By]<UL><LI><a href="#[eb]">&gt;&gt;</a>&nbsp;&nbsp;&nbsp;powf
</UL>

<P><STRONG><a name="[71]"></a>__aeabi_d2ulz</STRONG> (Thumb, 48 bytes, Stack size 0 bytes, dfixul.o(.text), UNUSED)
<BR><BR>[Calls]<UL><LI><a href="#[66]">&gt;&gt;</a>&nbsp;&nbsp;&nbsp;__aeabi_llsr
<LI><a href="#[68]">&gt;&gt;</a>&nbsp;&nbsp;&nbsp;__aeabi_llsl
</UL>
<BR>[Called By]<UL><LI><a href="#[db]">&gt;&gt;</a>&nbsp;&nbsp;&nbsp;_fp_digits
</UL>

<P><STRONG><a name="[72]"></a>_ffix_r</STRONG> (Thumb, 76 bytes, Stack size 8 bytes, ffixir.o(.text))
<BR><BR>[Stack]<UL><LI>Max Depth = 8<LI>Call Chain = _ffix_r
</UL>
<BR>[Calls]<UL><LI><a href="#[5d]">&gt;&gt;</a>&nbsp;&nbsp;&nbsp;_float_round
</UL>
<BR>[Called By]<UL><LI><a href="#[eb]">&gt;&gt;</a>&nbsp;&nbsp;&nbsp;powf
</UL>

<P><STRONG><a name="[dc]"></a>__aeabi_cdrcmple</STRONG> (Thumb, 48 bytes, Stack size 0 bytes, cdrcmple.o(.text), UNUSED)
<BR><BR>[Called By]<UL><LI><a href="#[db]">&gt;&gt;</a>&nbsp;&nbsp;&nbsp;_fp_digits
</UL>

<P><STRONG><a name="[11f]"></a>__fp_status</STRONG> (Thumb, 4 bytes, Stack size 0 bytes, fpstat.o(.text), UNUSED)

<P><STRONG><a name="[10d]"></a>__ieee_status</STRONG> (Thumb, 0 bytes, Stack size 0 bytes, fpstat.o(.text))
<BR><BR>[Called By]<UL><LI><a href="#[eb]">&gt;&gt;</a>&nbsp;&nbsp;&nbsp;powf
</UL>

<P><STRONG><a name="[58]"></a>__scatterload</STRONG> (Thumb, 28 bytes, Stack size 0 bytes, init.o(.text))
<BR><BR>[Calls]<UL><LI><a href="#[73]">&gt;&gt;</a>&nbsp;&nbsp;&nbsp;__main_after_scatterload
</UL>
<BR>[Called By]<UL><LI><a href="#[57]">&gt;&gt;</a>&nbsp;&nbsp;&nbsp;_main_scatterload
</UL>

<P><STRONG><a name="[120]"></a>__scatterload_rt2</STRONG> (Thumb, 0 bytes, Stack size 0 bytes, init.o(.text), UNUSED)

<P><STRONG><a name="[68]"></a>__aeabi_llsl</STRONG> (Thumb, 30 bytes, Stack size 0 bytes, llshl.o(.text))
<BR><BR>[Called By]<UL><LI><a href="#[5f]">&gt;&gt;</a>&nbsp;&nbsp;&nbsp;_double_epilogue
<LI><a href="#[6c]">&gt;&gt;</a>&nbsp;&nbsp;&nbsp;__aeabi_dadd
<LI><a href="#[71]">&gt;&gt;</a>&nbsp;&nbsp;&nbsp;__aeabi_d2ulz
<LI><a href="#[67]">&gt;&gt;</a>&nbsp;&nbsp;&nbsp;__aeabi_uldivmod
</UL>

<P><STRONG><a name="[121]"></a>_ll_shift_l</STRONG> (Thumb, 0 bytes, Stack size 0 bytes, llshl.o(.text), UNUSED)

<P><STRONG><a name="[6d]"></a>__aeabi_lasr</STRONG> (Thumb, 36 bytes, Stack size 0 bytes, llsshr.o(.text), UNUSED)
<BR><BR>[Called By]<UL><LI><a href="#[6c]">&gt;&gt;</a>&nbsp;&nbsp;&nbsp;__aeabi_dadd
</UL>

<P><STRONG><a name="[122]"></a>_ll_sshift_r</STRONG> (Thumb, 0 bytes, Stack size 0 bytes, llsshr.o(.text), UNUSED)

<P><STRONG><a name="[79]"></a>App_update_change_boot_mode</STRONG> (Thumb, 184 bytes, Stack size 24 bytes, app_update.o(i.App_update_change_boot_mode))
<BR><BR>[Stack]<UL><LI>Max Depth = 224<LI>Call Chain = App_update_change_boot_mode &rArr; Int_w25q32_write_data_with_32addr &rArr; Int_w25q32_write_enable &rArr; Int_w25q32_wait_busy &rArr; Int_w25q32_read_byte &rArr; HAL_SPI_Receive &rArr; HAL_SPI_TransmitReceive &rArr; SPI_EndRxTxTransaction &rArr; SPI_WaitFlagStateUntilTimeout
</UL>
<BR>[Calls]<UL><LI><a href="#[7b]">&gt;&gt;</a>&nbsp;&nbsp;&nbsp;Int_w25q32_write_data_with_32addr
<LI><a href="#[7a]">&gt;&gt;</a>&nbsp;&nbsp;&nbsp;Int_w25q32_erase_sector
<LI><a href="#[7c]">&gt;&gt;</a>&nbsp;&nbsp;&nbsp;Int_w24c02_write_bytes
</UL>
<BR>[Called By]<UL><LI><a href="#[88]">&gt;&gt;</a>&nbsp;&nbsp;&nbsp;App_update_work
</UL>

<P><STRONG><a name="[7d]"></a>App_update_check_data</STRONG> (Thumb, 132 bytes, Stack size 16 bytes, app_update.o(i.App_update_check_data))
<BR><BR>[Stack]<UL><LI>Max Depth = 104<LI>Call Chain = App_update_check_data &rArr; llcc68_lora_receive &rArr; llcc68_irq_handler &rArr; a_llcc68_spi_read
</UL>
<BR>[Calls]<UL><LI><a href="#[7e]">&gt;&gt;</a>&nbsp;&nbsp;&nbsp;llcc68_lora_receive
<LI><a href="#[74]">&gt;&gt;</a>&nbsp;&nbsp;&nbsp;App_crc_cal
<LI><a href="#[7f]">&gt;&gt;</a>&nbsp;&nbsp;&nbsp;__2printf
<LI><a href="#[59]">&gt;&gt;</a>&nbsp;&nbsp;&nbsp;__aeabi_memclr
</UL>
<BR>[Called By]<UL><LI><a href="#[88]">&gt;&gt;</a>&nbsp;&nbsp;&nbsp;App_update_work
</UL>

<P><STRONG><a name="[80]"></a>App_update_init</STRONG> (Thumb, 70 bytes, Stack size 8 bytes, app_update.o(i.App_update_init))
<BR><BR>[Stack]<UL><LI>Max Depth = 140<LI>Call Chain = App_update_init &rArr; llcc68_lora_init &rArr; llcc68_frequency_convert_to_register &rArr; powf &rArr; __mathlib_flt_infnan2 &rArr; __aeabi_fadd &rArr; _float_epilogue
</UL>
<BR>[Calls]<UL><LI><a href="#[82]">&gt;&gt;</a>&nbsp;&nbsp;&nbsp;llcc68_lora_init
<LI><a href="#[81]">&gt;&gt;</a>&nbsp;&nbsp;&nbsp;HAL_UARTEx_ReceiveToIdle_IT
</UL>
<BR>[Called By]<UL><LI><a href="#[46]">&gt;&gt;</a>&nbsp;&nbsp;&nbsp;main
</UL>

<P><STRONG><a name="[83]"></a>App_update_receive_app_data</STRONG> (Thumb, 114 bytes, Stack size 8 bytes, app_update.o(i.App_update_receive_app_data))
<BR><BR>[Stack]<UL><LI>Max Depth = 96<LI>Call Chain = App_update_receive_app_data &rArr; llcc68_lora_receive &rArr; llcc68_irq_handler &rArr; a_llcc68_spi_read
</UL>
<BR>[Calls]<UL><LI><a href="#[84]">&gt;&gt;</a>&nbsp;&nbsp;&nbsp;HAL_GetTick
<LI><a href="#[7e]">&gt;&gt;</a>&nbsp;&nbsp;&nbsp;llcc68_lora_receive
<LI><a href="#[7f]">&gt;&gt;</a>&nbsp;&nbsp;&nbsp;__2printf
<LI><a href="#[59]">&gt;&gt;</a>&nbsp;&nbsp;&nbsp;__aeabi_memclr
<LI><a href="#[85]">&gt;&gt;</a>&nbsp;&nbsp;&nbsp;__aeabi_memcpy
</UL>
<BR>[Called By]<UL><LI><a href="#[88]">&gt;&gt;</a>&nbsp;&nbsp;&nbsp;App_update_work
</UL>

<P><STRONG><a name="[86]"></a>App_update_send_update_cmd</STRONG> (Thumb, 18 bytes, Stack size 8 bytes, app_update.o(i.App_update_send_update_cmd))
<BR><BR>[Stack]<UL><LI>Max Depth = 184<LI>Call Chain = App_update_send_update_cmd &rArr; llcc68_lora_send &rArr; llcc68_lora_transmit &rArr; llcc68_irq_handler &rArr; a_llcc68_spi_read
</UL>
<BR>[Calls]<UL><LI><a href="#[87]">&gt;&gt;</a>&nbsp;&nbsp;&nbsp;llcc68_lora_send
</UL>
<BR>[Called By]<UL><LI><a href="#[88]">&gt;&gt;</a>&nbsp;&nbsp;&nbsp;App_update_work
</UL>

<P><STRONG><a name="[88]"></a>App_update_work</STRONG> (Thumb, 98 bytes, Stack size 8 bytes, app_update.o(i.App_update_work))
<BR><BR>[Stack]<UL><LI>Max Depth = 232<LI>Call Chain = App_update_work &rArr; App_update_change_boot_mode &rArr; Int_w25q32_write_data_with_32addr &rArr; Int_w25q32_write_enable &rArr; Int_w25q32_wait_busy &rArr; Int_w25q32_read_byte &rArr; HAL_SPI_Receive &rArr; HAL_SPI_TransmitReceive &rArr; SPI_EndRxTxTransaction &rArr; SPI_WaitFlagStateUntilTimeout
</UL>
<BR>[Calls]<UL><LI><a href="#[89]">&gt;&gt;</a>&nbsp;&nbsp;&nbsp;HAL_NVIC_SystemReset
<LI><a href="#[78]">&gt;&gt;</a>&nbsp;&nbsp;&nbsp;HAL_Delay
<LI><a href="#[86]">&gt;&gt;</a>&nbsp;&nbsp;&nbsp;App_update_send_update_cmd
<LI><a href="#[83]">&gt;&gt;</a>&nbsp;&nbsp;&nbsp;App_update_receive_app_data
<LI><a href="#[7d]">&gt;&gt;</a>&nbsp;&nbsp;&nbsp;App_update_check_data
<LI><a href="#[79]">&gt;&gt;</a>&nbsp;&nbsp;&nbsp;App_update_change_boot_mode
<LI><a href="#[76]">&gt;&gt;</a>&nbsp;&nbsp;&nbsp;App_run
<LI><a href="#[7f]">&gt;&gt;</a>&nbsp;&nbsp;&nbsp;__2printf
<LI><a href="#[59]">&gt;&gt;</a>&nbsp;&nbsp;&nbsp;__aeabi_memclr
</UL>
<BR>[Called By]<UL><LI><a href="#[46]">&gt;&gt;</a>&nbsp;&nbsp;&nbsp;main
</UL>

<P><STRONG><a name="[4]"></a>BusFault_Handler</STRONG> (Thumb, 4 bytes, Stack size 0 bytes, stm32f1xx_it.o(i.BusFault_Handler))
<BR>[Address Reference Count : 1]<UL><LI> startup_stm32f103xe.o(RESET)
</UL>
<P><STRONG><a name="[7]"></a>DebugMon_Handler</STRONG> (Thumb, 2 bytes, Stack size 0 bytes, stm32f1xx_it.o(i.DebugMon_Handler))
<BR>[Address Reference Count : 1]<UL><LI> startup_stm32f103xe.o(RESET)
</UL>
<P><STRONG><a name="[c6]"></a>Error_Handler</STRONG> (Thumb, 6 bytes, Stack size 0 bytes, main.o(i.Error_Handler))
<BR><BR>[Called By]<UL><LI><a href="#[cb]">&gt;&gt;</a>&nbsp;&nbsp;&nbsp;MX_USART1_UART_Init
<LI><a href="#[ca]">&gt;&gt;</a>&nbsp;&nbsp;&nbsp;MX_SPI1_Init
<LI><a href="#[c9]">&gt;&gt;</a>&nbsp;&nbsp;&nbsp;MX_I2C2_Init
<LI><a href="#[c7]">&gt;&gt;</a>&nbsp;&nbsp;&nbsp;MX_CRC_Init
<LI><a href="#[c5]">&gt;&gt;</a>&nbsp;&nbsp;&nbsp;MX_CAN_Init
<LI><a href="#[ce]">&gt;&gt;</a>&nbsp;&nbsp;&nbsp;SystemClock_Config
</UL>

<P><STRONG><a name="[8a]"></a>HAL_CAN_Init</STRONG> (Thumb, 372 bytes, Stack size 16 bytes, stm32f1xx_hal_can.o(i.HAL_CAN_Init))
<BR><BR>[Stack]<UL><LI>Max Depth = 84<LI>Call Chain = HAL_CAN_Init &rArr; HAL_CAN_MspInit &rArr; HAL_GPIO_Init
</UL>
<BR>[Calls]<UL><LI><a href="#[8b]">&gt;&gt;</a>&nbsp;&nbsp;&nbsp;HAL_CAN_MspInit
<LI><a href="#[84]">&gt;&gt;</a>&nbsp;&nbsp;&nbsp;HAL_GetTick
</UL>
<BR>[Called By]<UL><LI><a href="#[c5]">&gt;&gt;</a>&nbsp;&nbsp;&nbsp;MX_CAN_Init
</UL>

<P><STRONG><a name="[8b]"></a>HAL_CAN_MspInit</STRONG> (Thumb, 144 bytes, Stack size 32 bytes, can.o(i.HAL_CAN_MspInit))
<BR><BR>[Stack]<UL><LI>Max Depth = 68<LI>Call Chain = HAL_CAN_MspInit &rArr; HAL_GPIO_Init
</UL>
<BR>[Calls]<UL><LI><a href="#[8c]">&gt;&gt;</a>&nbsp;&nbsp;&nbsp;HAL_GPIO_Init
</UL>
<BR>[Called By]<UL><LI><a href="#[8a]">&gt;&gt;</a>&nbsp;&nbsp;&nbsp;HAL_CAN_Init
</UL>

<P><STRONG><a name="[75]"></a>HAL_CRC_Calculate</STRONG> (Thumb, 52 bytes, Stack size 16 bytes, stm32f1xx_hal_crc.o(i.HAL_CRC_Calculate))
<BR><BR>[Stack]<UL><LI>Max Depth = 16<LI>Call Chain = HAL_CRC_Calculate
</UL>
<BR>[Called By]<UL><LI><a href="#[74]">&gt;&gt;</a>&nbsp;&nbsp;&nbsp;App_crc_cal
</UL>

<P><STRONG><a name="[8d]"></a>HAL_CRC_Init</STRONG> (Thumb, 32 bytes, Stack size 8 bytes, stm32f1xx_hal_crc.o(i.HAL_CRC_Init))
<BR><BR>[Stack]<UL><LI>Max Depth = 16<LI>Call Chain = HAL_CRC_Init &rArr; HAL_CRC_MspInit
</UL>
<BR>[Calls]<UL><LI><a href="#[8e]">&gt;&gt;</a>&nbsp;&nbsp;&nbsp;HAL_CRC_MspInit
</UL>
<BR>[Called By]<UL><LI><a href="#[c7]">&gt;&gt;</a>&nbsp;&nbsp;&nbsp;MX_CRC_Init
</UL>

<P><STRONG><a name="[8e]"></a>HAL_CRC_MspInit</STRONG> (Thumb, 40 bytes, Stack size 8 bytes, crc.o(i.HAL_CRC_MspInit))
<BR><BR>[Stack]<UL><LI>Max Depth = 8<LI>Call Chain = HAL_CRC_MspInit
</UL>
<BR>[Called By]<UL><LI><a href="#[8d]">&gt;&gt;</a>&nbsp;&nbsp;&nbsp;HAL_CRC_Init
</UL>

<P><STRONG><a name="[b4]"></a>HAL_DMA_Abort</STRONG> (Thumb, 86 bytes, Stack size 0 bytes, stm32f1xx_hal_dma.o(i.HAL_DMA_Abort))
<BR><BR>[Called By]<UL><LI><a href="#[af]">&gt;&gt;</a>&nbsp;&nbsp;&nbsp;HAL_UART_IRQHandler
</UL>

<P><STRONG><a name="[b2]"></a>HAL_DMA_Abort_IT</STRONG> (Thumb, 414 bytes, Stack size 16 bytes, stm32f1xx_hal_dma.o(i.HAL_DMA_Abort_IT))
<BR><BR>[Stack]<UL><LI>Max Depth = 16<LI>Call Chain = HAL_DMA_Abort_IT
</UL>
<BR>[Called By]<UL><LI><a href="#[af]">&gt;&gt;</a>&nbsp;&nbsp;&nbsp;HAL_UART_IRQHandler
</UL>

<P><STRONG><a name="[78]"></a>HAL_Delay</STRONG> (Thumb, 36 bytes, Stack size 16 bytes, stm32f1xx_hal.o(i.HAL_Delay))
<BR><BR>[Stack]<UL><LI>Max Depth = 16<LI>Call Chain = HAL_Delay
</UL>
<BR>[Calls]<UL><LI><a href="#[84]">&gt;&gt;</a>&nbsp;&nbsp;&nbsp;HAL_GetTick
</UL>
<BR>[Called By]<UL><LI><a href="#[88]">&gt;&gt;</a>&nbsp;&nbsp;&nbsp;App_update_work
<LI><a href="#[76]">&gt;&gt;</a>&nbsp;&nbsp;&nbsp;App_run
<LI><a href="#[7c]">&gt;&gt;</a>&nbsp;&nbsp;&nbsp;Int_w24c02_write_bytes
<LI><a href="#[54]">&gt;&gt;</a>&nbsp;&nbsp;&nbsp;llcc68_interface_delay_ms
</UL>

<P><STRONG><a name="[8c]"></a>HAL_GPIO_Init</STRONG> (Thumb, 792 bytes, Stack size 36 bytes, stm32f1xx_hal_gpio.o(i.HAL_GPIO_Init))
<BR><BR>[Stack]<UL><LI>Max Depth = 36<LI>Call Chain = HAL_GPIO_Init
</UL>
<BR>[Called By]<UL><LI><a href="#[b8]">&gt;&gt;</a>&nbsp;&nbsp;&nbsp;HAL_UART_MspInit
<LI><a href="#[a6]">&gt;&gt;</a>&nbsp;&nbsp;&nbsp;HAL_SPI_MspInit
<LI><a href="#[90]">&gt;&gt;</a>&nbsp;&nbsp;&nbsp;HAL_I2C_MspInit
<LI><a href="#[8b]">&gt;&gt;</a>&nbsp;&nbsp;&nbsp;HAL_CAN_MspInit
<LI><a href="#[c8]">&gt;&gt;</a>&nbsp;&nbsp;&nbsp;MX_GPIO_Init
</UL>

<P><STRONG><a name="[f3]"></a>HAL_GPIO_ReadPin</STRONG> (Thumb, 16 bytes, Stack size 0 bytes, stm32f1xx_hal_gpio.o(i.HAL_GPIO_ReadPin))
<BR><BR>[Called By]<UL><LI><a href="#[53]">&gt;&gt;</a>&nbsp;&nbsp;&nbsp;llcc68_interface_busy_gpio_read
</UL>

<P><STRONG><a name="[77]"></a>HAL_GPIO_WritePin</STRONG> (Thumb, 12 bytes, Stack size 0 bytes, stm32f1xx_hal_gpio.o(i.HAL_GPIO_WritePin))
<BR><BR>[Called By]<UL><LI><a href="#[c8]">&gt;&gt;</a>&nbsp;&nbsp;&nbsp;MX_GPIO_Init
<LI><a href="#[76]">&gt;&gt;</a>&nbsp;&nbsp;&nbsp;App_run
<LI><a href="#[c2]">&gt;&gt;</a>&nbsp;&nbsp;&nbsp;Int_w25q32_stop
<LI><a href="#[c0]">&gt;&gt;</a>&nbsp;&nbsp;&nbsp;Int_w25q32_start
<LI><a href="#[108]">&gt;&gt;</a>&nbsp;&nbsp;&nbsp;llcc68_lora_set_send_mode
<LI><a href="#[107]">&gt;&gt;</a>&nbsp;&nbsp;&nbsp;llcc68_lora_set_continuous_receive_mode
<LI><a href="#[4d]">&gt;&gt;</a>&nbsp;&nbsp;&nbsp;llcc68_interface_spi_write_read
<LI><a href="#[50]">&gt;&gt;</a>&nbsp;&nbsp;&nbsp;llcc68_interface_reset_gpio_write
</UL>

<P><STRONG><a name="[84]"></a>HAL_GetTick</STRONG> (Thumb, 6 bytes, Stack size 0 bytes, stm32f1xx_hal.o(i.HAL_GetTick))
<BR><BR>[Called By]<UL><LI><a href="#[bb]">&gt;&gt;</a>&nbsp;&nbsp;&nbsp;HAL_UART_Transmit
<LI><a href="#[8a]">&gt;&gt;</a>&nbsp;&nbsp;&nbsp;HAL_CAN_Init
<LI><a href="#[a3]">&gt;&gt;</a>&nbsp;&nbsp;&nbsp;HAL_RCC_OscConfig
<LI><a href="#[9f]">&gt;&gt;</a>&nbsp;&nbsp;&nbsp;HAL_RCC_ClockConfig
<LI><a href="#[78]">&gt;&gt;</a>&nbsp;&nbsp;&nbsp;HAL_Delay
<LI><a href="#[92]">&gt;&gt;</a>&nbsp;&nbsp;&nbsp;HAL_I2C_Mem_Write
<LI><a href="#[95]">&gt;&gt;</a>&nbsp;&nbsp;&nbsp;I2C_WaitOnTXEFlagUntilTimeout
<LI><a href="#[bd]">&gt;&gt;</a>&nbsp;&nbsp;&nbsp;I2C_WaitOnMasterAddressFlagUntilTimeout
<LI><a href="#[93]">&gt;&gt;</a>&nbsp;&nbsp;&nbsp;I2C_WaitOnFlagUntilTimeout
<LI><a href="#[96]">&gt;&gt;</a>&nbsp;&nbsp;&nbsp;I2C_WaitOnBTFFlagUntilTimeout
<LI><a href="#[83]">&gt;&gt;</a>&nbsp;&nbsp;&nbsp;App_update_receive_app_data
<LI><a href="#[bc]">&gt;&gt;</a>&nbsp;&nbsp;&nbsp;UART_WaitOnFlagUntilTimeout
<LI><a href="#[a8]">&gt;&gt;</a>&nbsp;&nbsp;&nbsp;HAL_SPI_TransmitReceive
<LI><a href="#[aa]">&gt;&gt;</a>&nbsp;&nbsp;&nbsp;HAL_SPI_Transmit
<LI><a href="#[a7]">&gt;&gt;</a>&nbsp;&nbsp;&nbsp;HAL_SPI_Receive
<LI><a href="#[cc]">&gt;&gt;</a>&nbsp;&nbsp;&nbsp;SPI_WaitFlagStateUntilTimeout
</UL>

<P><STRONG><a name="[8f]"></a>HAL_I2C_Init</STRONG> (Thumb, 446 bytes, Stack size 16 bytes, stm32f1xx_hal_i2c.o(i.HAL_I2C_Init))
<BR><BR>[Stack]<UL><LI>Max Depth = 84<LI>Call Chain = HAL_I2C_Init &rArr; HAL_I2C_MspInit &rArr; HAL_GPIO_Init
</UL>
<BR>[Calls]<UL><LI><a href="#[90]">&gt;&gt;</a>&nbsp;&nbsp;&nbsp;HAL_I2C_MspInit
<LI><a href="#[91]">&gt;&gt;</a>&nbsp;&nbsp;&nbsp;HAL_RCC_GetPCLK1Freq
</UL>
<BR>[Called By]<UL><LI><a href="#[c9]">&gt;&gt;</a>&nbsp;&nbsp;&nbsp;MX_I2C2_Init
</UL>

<P><STRONG><a name="[92]"></a>HAL_I2C_Mem_Write</STRONG> (Thumb, 348 bytes, Stack size 48 bytes, stm32f1xx_hal_i2c.o(i.HAL_I2C_Mem_Write))
<BR><BR>[Stack]<UL><LI>Max Depth = 104<LI>Call Chain = HAL_I2C_Mem_Write &rArr; I2C_RequestMemoryWrite &rArr; I2C_WaitOnMasterAddressFlagUntilTimeout
</UL>
<BR>[Calls]<UL><LI><a href="#[84]">&gt;&gt;</a>&nbsp;&nbsp;&nbsp;HAL_GetTick
<LI><a href="#[95]">&gt;&gt;</a>&nbsp;&nbsp;&nbsp;I2C_WaitOnTXEFlagUntilTimeout
<LI><a href="#[93]">&gt;&gt;</a>&nbsp;&nbsp;&nbsp;I2C_WaitOnFlagUntilTimeout
<LI><a href="#[96]">&gt;&gt;</a>&nbsp;&nbsp;&nbsp;I2C_WaitOnBTFFlagUntilTimeout
<LI><a href="#[94]">&gt;&gt;</a>&nbsp;&nbsp;&nbsp;I2C_RequestMemoryWrite
</UL>
<BR>[Called By]<UL><LI><a href="#[7c]">&gt;&gt;</a>&nbsp;&nbsp;&nbsp;Int_w24c02_write_bytes
</UL>

<P><STRONG><a name="[90]"></a>HAL_I2C_MspInit</STRONG> (Thumb, 106 bytes, Stack size 32 bytes, i2c.o(i.HAL_I2C_MspInit))
<BR><BR>[Stack]<UL><LI>Max Depth = 68<LI>Call Chain = HAL_I2C_MspInit &rArr; HAL_GPIO_Init
</UL>
<BR>[Calls]<UL><LI><a href="#[8c]">&gt;&gt;</a>&nbsp;&nbsp;&nbsp;HAL_GPIO_Init
</UL>
<BR>[Called By]<UL><LI><a href="#[8f]">&gt;&gt;</a>&nbsp;&nbsp;&nbsp;HAL_I2C_Init
</UL>

<P><STRONG><a name="[cd]"></a>HAL_IncTick</STRONG> (Thumb, 16 bytes, Stack size 0 bytes, stm32f1xx_hal.o(i.HAL_IncTick))
<BR><BR>[Called By]<UL><LI><a href="#[9]">&gt;&gt;</a>&nbsp;&nbsp;&nbsp;SysTick_Handler
</UL>

<P><STRONG><a name="[97]"></a>HAL_Init</STRONG> (Thumb, 34 bytes, Stack size 8 bytes, stm32f1xx_hal.o(i.HAL_Init))
<BR><BR>[Stack]<UL><LI>Max Depth = 72<LI>Call Chain = HAL_Init &rArr; HAL_InitTick &rArr; HAL_NVIC_SetPriority &rArr; __NVIC_SetPriority
</UL>
<BR>[Calls]<UL><LI><a href="#[9a]">&gt;&gt;</a>&nbsp;&nbsp;&nbsp;HAL_MspInit
<LI><a href="#[99]">&gt;&gt;</a>&nbsp;&nbsp;&nbsp;HAL_InitTick
<LI><a href="#[98]">&gt;&gt;</a>&nbsp;&nbsp;&nbsp;HAL_NVIC_SetPriorityGrouping
</UL>
<BR>[Called By]<UL><LI><a href="#[46]">&gt;&gt;</a>&nbsp;&nbsp;&nbsp;main
</UL>

<P><STRONG><a name="[99]"></a>HAL_InitTick</STRONG> (Thumb, 64 bytes, Stack size 16 bytes, stm32f1xx_hal.o(i.HAL_InitTick))
<BR><BR>[Stack]<UL><LI>Max Depth = 64<LI>Call Chain = HAL_InitTick &rArr; HAL_NVIC_SetPriority &rArr; __NVIC_SetPriority
</UL>
<BR>[Calls]<UL><LI><a href="#[9c]">&gt;&gt;</a>&nbsp;&nbsp;&nbsp;HAL_NVIC_SetPriority
<LI><a href="#[9b]">&gt;&gt;</a>&nbsp;&nbsp;&nbsp;HAL_SYSTICK_Config
</UL>
<BR>[Called By]<UL><LI><a href="#[9f]">&gt;&gt;</a>&nbsp;&nbsp;&nbsp;HAL_RCC_ClockConfig
<LI><a href="#[97]">&gt;&gt;</a>&nbsp;&nbsp;&nbsp;HAL_Init
</UL>

<P><STRONG><a name="[9a]"></a>HAL_MspInit</STRONG> (Thumb, 76 bytes, Stack size 8 bytes, stm32f1xx_hal_msp.o(i.HAL_MspInit))
<BR><BR>[Stack]<UL><LI>Max Depth = 8<LI>Call Chain = HAL_MspInit
</UL>
<BR>[Called By]<UL><LI><a href="#[97]">&gt;&gt;</a>&nbsp;&nbsp;&nbsp;HAL_Init
</UL>

<P><STRONG><a name="[ba]"></a>HAL_NVIC_EnableIRQ</STRONG> (Thumb, 32 bytes, Stack size 0 bytes, stm32f1xx_hal_cortex.o(i.HAL_NVIC_EnableIRQ))
<BR><BR>[Called By]<UL><LI><a href="#[b8]">&gt;&gt;</a>&nbsp;&nbsp;&nbsp;HAL_UART_MspInit
</UL>

<P><STRONG><a name="[9c]"></a>HAL_NVIC_SetPriority</STRONG> (Thumb, 124 bytes, Stack size 40 bytes, stm32f1xx_hal_cortex.o(i.HAL_NVIC_SetPriority))
<BR><BR>[Stack]<UL><LI>Max Depth = 48<LI>Call Chain = HAL_NVIC_SetPriority &rArr; __NVIC_SetPriority
</UL>
<BR>[Calls]<UL><LI><a href="#[9e]">&gt;&gt;</a>&nbsp;&nbsp;&nbsp;__NVIC_SetPriority
<LI><a href="#[9d]">&gt;&gt;</a>&nbsp;&nbsp;&nbsp;__NVIC_GetPriorityGrouping
</UL>
<BR>[Called By]<UL><LI><a href="#[b8]">&gt;&gt;</a>&nbsp;&nbsp;&nbsp;HAL_UART_MspInit
<LI><a href="#[99]">&gt;&gt;</a>&nbsp;&nbsp;&nbsp;HAL_InitTick
</UL>

<P><STRONG><a name="[98]"></a>HAL_NVIC_SetPriorityGrouping</STRONG> (Thumb, 32 bytes, Stack size 0 bytes, stm32f1xx_hal_cortex.o(i.HAL_NVIC_SetPriorityGrouping))
<BR><BR>[Called By]<UL><LI><a href="#[97]">&gt;&gt;</a>&nbsp;&nbsp;&nbsp;HAL_Init
</UL>

<P><STRONG><a name="[89]"></a>HAL_NVIC_SystemReset</STRONG> (Thumb, 60 bytes, Stack size 0 bytes, stm32f1xx_hal_cortex.o(i.HAL_NVIC_SystemReset))
<BR><BR>[Called By]<UL><LI><a href="#[88]">&gt;&gt;</a>&nbsp;&nbsp;&nbsp;App_update_work
</UL>

<P><STRONG><a name="[9f]"></a>HAL_RCC_ClockConfig</STRONG> (Thumb, 376 bytes, Stack size 16 bytes, stm32f1xx_hal_rcc.o(i.HAL_RCC_ClockConfig))
<BR><BR>[Stack]<UL><LI>Max Depth = 80<LI>Call Chain = HAL_RCC_ClockConfig &rArr; HAL_InitTick &rArr; HAL_NVIC_SetPriority &rArr; __NVIC_SetPriority
</UL>
<BR>[Calls]<UL><LI><a href="#[a0]">&gt;&gt;</a>&nbsp;&nbsp;&nbsp;HAL_RCC_GetSysClockFreq
<LI><a href="#[99]">&gt;&gt;</a>&nbsp;&nbsp;&nbsp;HAL_InitTick
<LI><a href="#[84]">&gt;&gt;</a>&nbsp;&nbsp;&nbsp;HAL_GetTick
</UL>
<BR>[Called By]<UL><LI><a href="#[ce]">&gt;&gt;</a>&nbsp;&nbsp;&nbsp;SystemClock_Config
</UL>

<P><STRONG><a name="[a1]"></a>HAL_RCC_GetHCLKFreq</STRONG> (Thumb, 6 bytes, Stack size 0 bytes, stm32f1xx_hal_rcc.o(i.HAL_RCC_GetHCLKFreq))
<BR><BR>[Called By]<UL><LI><a href="#[a2]">&gt;&gt;</a>&nbsp;&nbsp;&nbsp;HAL_RCC_GetPCLK2Freq
<LI><a href="#[91]">&gt;&gt;</a>&nbsp;&nbsp;&nbsp;HAL_RCC_GetPCLK1Freq
</UL>

<P><STRONG><a name="[91]"></a>HAL_RCC_GetPCLK1Freq</STRONG> (Thumb, 22 bytes, Stack size 4 bytes, stm32f1xx_hal_rcc.o(i.HAL_RCC_GetPCLK1Freq))
<BR><BR>[Stack]<UL><LI>Max Depth = 4<LI>Call Chain = HAL_RCC_GetPCLK1Freq
</UL>
<BR>[Calls]<UL><LI><a href="#[a1]">&gt;&gt;</a>&nbsp;&nbsp;&nbsp;HAL_RCC_GetHCLKFreq
</UL>
<BR>[Called By]<UL><LI><a href="#[8f]">&gt;&gt;</a>&nbsp;&nbsp;&nbsp;HAL_I2C_Init
<LI><a href="#[b9]">&gt;&gt;</a>&nbsp;&nbsp;&nbsp;UART_SetConfig
</UL>

<P><STRONG><a name="[a2]"></a>HAL_RCC_GetPCLK2Freq</STRONG> (Thumb, 22 bytes, Stack size 4 bytes, stm32f1xx_hal_rcc.o(i.HAL_RCC_GetPCLK2Freq))
<BR><BR>[Stack]<UL><LI>Max Depth = 4<LI>Call Chain = HAL_RCC_GetPCLK2Freq
</UL>
<BR>[Calls]<UL><LI><a href="#[a1]">&gt;&gt;</a>&nbsp;&nbsp;&nbsp;HAL_RCC_GetHCLKFreq
</UL>
<BR>[Called By]<UL><LI><a href="#[b9]">&gt;&gt;</a>&nbsp;&nbsp;&nbsp;UART_SetConfig
</UL>

<P><STRONG><a name="[a0]"></a>HAL_RCC_GetSysClockFreq</STRONG> (Thumb, 92 bytes, Stack size 16 bytes, stm32f1xx_hal_rcc.o(i.HAL_RCC_GetSysClockFreq))
<BR><BR>[Stack]<UL><LI>Max Depth = 16<LI>Call Chain = HAL_RCC_GetSysClockFreq
</UL>
<BR>[Called By]<UL><LI><a href="#[9f]">&gt;&gt;</a>&nbsp;&nbsp;&nbsp;HAL_RCC_ClockConfig
</UL>

<P><STRONG><a name="[a3]"></a>HAL_RCC_OscConfig</STRONG> (Thumb, 1114 bytes, Stack size 24 bytes, stm32f1xx_hal_rcc.o(i.HAL_RCC_OscConfig))
<BR><BR>[Stack]<UL><LI>Max Depth = 32<LI>Call Chain = HAL_RCC_OscConfig &rArr; RCC_Delay
</UL>
<BR>[Calls]<UL><LI><a href="#[a4]">&gt;&gt;</a>&nbsp;&nbsp;&nbsp;RCC_Delay
<LI><a href="#[84]">&gt;&gt;</a>&nbsp;&nbsp;&nbsp;HAL_GetTick
</UL>
<BR>[Called By]<UL><LI><a href="#[ce]">&gt;&gt;</a>&nbsp;&nbsp;&nbsp;SystemClock_Config
</UL>

<P><STRONG><a name="[a5]"></a>HAL_SPI_Init</STRONG> (Thumb, 190 bytes, Stack size 8 bytes, stm32f1xx_hal_spi.o(i.HAL_SPI_Init))
<BR><BR>[Stack]<UL><LI>Max Depth = 76<LI>Call Chain = HAL_SPI_Init &rArr; HAL_SPI_MspInit &rArr; HAL_GPIO_Init
</UL>
<BR>[Calls]<UL><LI><a href="#[a6]">&gt;&gt;</a>&nbsp;&nbsp;&nbsp;HAL_SPI_MspInit
</UL>
<BR>[Called By]<UL><LI><a href="#[ca]">&gt;&gt;</a>&nbsp;&nbsp;&nbsp;MX_SPI1_Init
</UL>

<P><STRONG><a name="[a6]"></a>HAL_SPI_MspInit</STRONG> (Thumb, 120 bytes, Stack size 32 bytes, spi.o(i.HAL_SPI_MspInit))
<BR><BR>[Stack]<UL><LI>Max Depth = 68<LI>Call Chain = HAL_SPI_MspInit &rArr; HAL_GPIO_Init
</UL>
<BR>[Calls]<UL><LI><a href="#[8c]">&gt;&gt;</a>&nbsp;&nbsp;&nbsp;HAL_GPIO_Init
</UL>
<BR>[Called By]<UL><LI><a href="#[a5]">&gt;&gt;</a>&nbsp;&nbsp;&nbsp;HAL_SPI_Init
</UL>

<P><STRONG><a name="[a7]"></a>HAL_SPI_Receive</STRONG> (Thumb, 382 bytes, Stack size 32 bytes, stm32f1xx_hal_spi.o(i.HAL_SPI_Receive))
<BR><BR>[Stack]<UL><LI>Max Depth = 152<LI>Call Chain = HAL_SPI_Receive &rArr; HAL_SPI_TransmitReceive &rArr; SPI_EndRxTxTransaction &rArr; SPI_WaitFlagStateUntilTimeout
</UL>
<BR>[Calls]<UL><LI><a href="#[84]">&gt;&gt;</a>&nbsp;&nbsp;&nbsp;HAL_GetTick
<LI><a href="#[a8]">&gt;&gt;</a>&nbsp;&nbsp;&nbsp;HAL_SPI_TransmitReceive
<LI><a href="#[a9]">&gt;&gt;</a>&nbsp;&nbsp;&nbsp;SPI_EndRxTransaction
</UL>
<BR>[Called By]<UL><LI><a href="#[c3]">&gt;&gt;</a>&nbsp;&nbsp;&nbsp;Int_w25q32_read_byte
<LI><a href="#[4d]">&gt;&gt;</a>&nbsp;&nbsp;&nbsp;llcc68_interface_spi_write_read
</UL>

<P><STRONG><a name="[aa]"></a>HAL_SPI_Transmit</STRONG> (Thumb, 444 bytes, Stack size 40 bytes, stm32f1xx_hal_spi.o(i.HAL_SPI_Transmit))
<BR><BR>[Stack]<UL><LI>Max Depth = 104<LI>Call Chain = HAL_SPI_Transmit &rArr; SPI_EndRxTxTransaction &rArr; SPI_WaitFlagStateUntilTimeout
</UL>
<BR>[Calls]<UL><LI><a href="#[84]">&gt;&gt;</a>&nbsp;&nbsp;&nbsp;HAL_GetTick
<LI><a href="#[ab]">&gt;&gt;</a>&nbsp;&nbsp;&nbsp;SPI_EndRxTxTransaction
</UL>
<BR>[Called By]<UL><LI><a href="#[c1]">&gt;&gt;</a>&nbsp;&nbsp;&nbsp;Int_w25q32_write_byte
<LI><a href="#[4d]">&gt;&gt;</a>&nbsp;&nbsp;&nbsp;llcc68_interface_spi_write_read
</UL>

<P><STRONG><a name="[a8]"></a>HAL_SPI_TransmitReceive</STRONG> (Thumb, 576 bytes, Stack size 56 bytes, stm32f1xx_hal_spi.o(i.HAL_SPI_TransmitReceive))
<BR><BR>[Stack]<UL><LI>Max Depth = 120<LI>Call Chain = HAL_SPI_TransmitReceive &rArr; SPI_EndRxTxTransaction &rArr; SPI_WaitFlagStateUntilTimeout
</UL>
<BR>[Calls]<UL><LI><a href="#[84]">&gt;&gt;</a>&nbsp;&nbsp;&nbsp;HAL_GetTick
<LI><a href="#[ab]">&gt;&gt;</a>&nbsp;&nbsp;&nbsp;SPI_EndRxTxTransaction
</UL>
<BR>[Called By]<UL><LI><a href="#[a7]">&gt;&gt;</a>&nbsp;&nbsp;&nbsp;HAL_SPI_Receive
</UL>

<P><STRONG><a name="[9b]"></a>HAL_SYSTICK_Config</STRONG> (Thumb, 52 bytes, Stack size 16 bytes, stm32f1xx_hal_cortex.o(i.HAL_SYSTICK_Config))
<BR><BR>[Stack]<UL><LI>Max Depth = 24<LI>Call Chain = HAL_SYSTICK_Config &rArr; __NVIC_SetPriority
</UL>
<BR>[Calls]<UL><LI><a href="#[9e]">&gt;&gt;</a>&nbsp;&nbsp;&nbsp;__NVIC_SetPriority
</UL>
<BR>[Called By]<UL><LI><a href="#[99]">&gt;&gt;</a>&nbsp;&nbsp;&nbsp;HAL_InitTick
</UL>

<P><STRONG><a name="[81]"></a>HAL_UARTEx_ReceiveToIdle_IT</STRONG> (Thumb, 114 bytes, Stack size 24 bytes, stm32f1xx_hal_uart.o(i.HAL_UARTEx_ReceiveToIdle_IT))
<BR><BR>[Stack]<UL><LI>Max Depth = 32<LI>Call Chain = HAL_UARTEx_ReceiveToIdle_IT &rArr; UART_Start_Receive_IT
</UL>
<BR>[Calls]<UL><LI><a href="#[ac]">&gt;&gt;</a>&nbsp;&nbsp;&nbsp;UART_Start_Receive_IT
</UL>
<BR>[Called By]<UL><LI><a href="#[80]">&gt;&gt;</a>&nbsp;&nbsp;&nbsp;App_update_init
<LI><a href="#[ad]">&gt;&gt;</a>&nbsp;&nbsp;&nbsp;HAL_UARTEx_RxEventCallback
</UL>

<P><STRONG><a name="[ad]"></a>HAL_UARTEx_RxEventCallback</STRONG> (Thumb, 100 bytes, Stack size 16 bytes, app_update.o(i.HAL_UARTEx_RxEventCallback))
<BR><BR>[Stack]<UL><LI>Max Depth = 48<LI>Call Chain = HAL_UARTEx_RxEventCallback &rArr; HAL_UARTEx_ReceiveToIdle_IT &rArr; UART_Start_Receive_IT
</UL>
<BR>[Calls]<UL><LI><a href="#[81]">&gt;&gt;</a>&nbsp;&nbsp;&nbsp;HAL_UARTEx_ReceiveToIdle_IT
<LI><a href="#[ae]">&gt;&gt;</a>&nbsp;&nbsp;&nbsp;strstr
</UL>
<BR>[Called By]<UL><LI><a href="#[af]">&gt;&gt;</a>&nbsp;&nbsp;&nbsp;HAL_UART_IRQHandler
<LI><a href="#[b0]">&gt;&gt;</a>&nbsp;&nbsp;&nbsp;UART_Receive_IT
</UL>

<P><STRONG><a name="[b3]"></a>HAL_UART_ErrorCallback</STRONG> (Thumb, 2 bytes, Stack size 0 bytes, stm32f1xx_hal_uart.o(i.HAL_UART_ErrorCallback))
<BR><BR>[Called By]<UL><LI><a href="#[af]">&gt;&gt;</a>&nbsp;&nbsp;&nbsp;HAL_UART_IRQHandler
<LI><a href="#[49]">&gt;&gt;</a>&nbsp;&nbsp;&nbsp;UART_DMAAbortOnError
</UL>

<P><STRONG><a name="[af]"></a>HAL_UART_IRQHandler</STRONG> (Thumb, 736 bytes, Stack size 40 bytes, stm32f1xx_hal_uart.o(i.HAL_UART_IRQHandler))
<BR><BR>[Stack]<UL><LI>Max Depth = 112<LI>Call Chain = HAL_UART_IRQHandler &rArr; UART_Receive_IT &rArr; HAL_UARTEx_RxEventCallback &rArr; HAL_UARTEx_ReceiveToIdle_IT &rArr; UART_Start_Receive_IT
</UL>
<BR>[Calls]<UL><LI><a href="#[b2]">&gt;&gt;</a>&nbsp;&nbsp;&nbsp;HAL_DMA_Abort_IT
<LI><a href="#[b4]">&gt;&gt;</a>&nbsp;&nbsp;&nbsp;HAL_DMA_Abort
<LI><a href="#[ad]">&gt;&gt;</a>&nbsp;&nbsp;&nbsp;HAL_UARTEx_RxEventCallback
<LI><a href="#[b3]">&gt;&gt;</a>&nbsp;&nbsp;&nbsp;HAL_UART_ErrorCallback
<LI><a href="#[b5]">&gt;&gt;</a>&nbsp;&nbsp;&nbsp;UART_Transmit_IT
<LI><a href="#[b0]">&gt;&gt;</a>&nbsp;&nbsp;&nbsp;UART_Receive_IT
<LI><a href="#[b6]">&gt;&gt;</a>&nbsp;&nbsp;&nbsp;UART_EndTransmit_IT
<LI><a href="#[b1]">&gt;&gt;</a>&nbsp;&nbsp;&nbsp;UART_EndRxTransfer
</UL>
<BR>[Called By]<UL><LI><a href="#[2f]">&gt;&gt;</a>&nbsp;&nbsp;&nbsp;USART1_IRQHandler
</UL>

<P><STRONG><a name="[b7]"></a>HAL_UART_Init</STRONG> (Thumb, 118 bytes, Stack size 8 bytes, stm32f1xx_hal_uart.o(i.HAL_UART_Init))
<BR><BR>[Stack]<UL><LI>Max Depth = 88<LI>Call Chain = HAL_UART_Init &rArr; HAL_UART_MspInit &rArr; HAL_NVIC_SetPriority &rArr; __NVIC_SetPriority
</UL>
<BR>[Calls]<UL><LI><a href="#[b8]">&gt;&gt;</a>&nbsp;&nbsp;&nbsp;HAL_UART_MspInit
<LI><a href="#[b9]">&gt;&gt;</a>&nbsp;&nbsp;&nbsp;UART_SetConfig
</UL>
<BR>[Called By]<UL><LI><a href="#[cb]">&gt;&gt;</a>&nbsp;&nbsp;&nbsp;MX_USART1_UART_Init
</UL>

<P><STRONG><a name="[b8]"></a>HAL_UART_MspInit</STRONG> (Thumb, 138 bytes, Stack size 32 bytes, usart.o(i.HAL_UART_MspInit))
<BR><BR>[Stack]<UL><LI>Max Depth = 80<LI>Call Chain = HAL_UART_MspInit &rArr; HAL_NVIC_SetPriority &rArr; __NVIC_SetPriority
</UL>
<BR>[Calls]<UL><LI><a href="#[9c]">&gt;&gt;</a>&nbsp;&nbsp;&nbsp;HAL_NVIC_SetPriority
<LI><a href="#[ba]">&gt;&gt;</a>&nbsp;&nbsp;&nbsp;HAL_NVIC_EnableIRQ
<LI><a href="#[8c]">&gt;&gt;</a>&nbsp;&nbsp;&nbsp;HAL_GPIO_Init
</UL>
<BR>[Called By]<UL><LI><a href="#[b7]">&gt;&gt;</a>&nbsp;&nbsp;&nbsp;HAL_UART_Init
</UL>

<P><STRONG><a name="[d1]"></a>HAL_UART_RxCpltCallback</STRONG> (Thumb, 2 bytes, Stack size 0 bytes, stm32f1xx_hal_uart.o(i.HAL_UART_RxCpltCallback))
<BR><BR>[Called By]<UL><LI><a href="#[b0]">&gt;&gt;</a>&nbsp;&nbsp;&nbsp;UART_Receive_IT
</UL>

<P><STRONG><a name="[bb]"></a>HAL_UART_Transmit</STRONG> (Thumb, 178 bytes, Stack size 40 bytes, stm32f1xx_hal_uart.o(i.HAL_UART_Transmit))
<BR><BR>[Stack]<UL><LI>Max Depth = 64<LI>Call Chain = HAL_UART_Transmit &rArr; UART_WaitOnFlagUntilTimeout
</UL>
<BR>[Calls]<UL><LI><a href="#[84]">&gt;&gt;</a>&nbsp;&nbsp;&nbsp;HAL_GetTick
<LI><a href="#[bc]">&gt;&gt;</a>&nbsp;&nbsp;&nbsp;UART_WaitOnFlagUntilTimeout
</UL>
<BR>[Called By]<UL><LI><a href="#[4a]">&gt;&gt;</a>&nbsp;&nbsp;&nbsp;fputc
</UL>

<P><STRONG><a name="[d0]"></a>HAL_UART_TxCpltCallback</STRONG> (Thumb, 2 bytes, Stack size 0 bytes, stm32f1xx_hal_uart.o(i.HAL_UART_TxCpltCallback))
<BR><BR>[Called By]<UL><LI><a href="#[b6]">&gt;&gt;</a>&nbsp;&nbsp;&nbsp;UART_EndTransmit_IT
</UL>

<P><STRONG><a name="[2]"></a>HardFault_Handler</STRONG> (Thumb, 4 bytes, Stack size 0 bytes, stm32f1xx_it.o(i.HardFault_Handler))
<BR>[Address Reference Count : 1]<UL><LI> startup_stm32f103xe.o(RESET)
</UL>
<P><STRONG><a name="[7c]"></a>Int_w24c02_write_bytes</STRONG> (Thumb, 168 bytes, Stack size 40 bytes, int_w24c02.o(i.Int_w24c02_write_bytes))
<BR><BR>[Stack]<UL><LI>Max Depth = 144<LI>Call Chain = Int_w24c02_write_bytes &rArr; HAL_I2C_Mem_Write &rArr; I2C_RequestMemoryWrite &rArr; I2C_WaitOnMasterAddressFlagUntilTimeout
</UL>
<BR>[Calls]<UL><LI><a href="#[78]">&gt;&gt;</a>&nbsp;&nbsp;&nbsp;HAL_Delay
<LI><a href="#[92]">&gt;&gt;</a>&nbsp;&nbsp;&nbsp;HAL_I2C_Mem_Write
<LI><a href="#[7f]">&gt;&gt;</a>&nbsp;&nbsp;&nbsp;__2printf
</UL>
<BR>[Called By]<UL><LI><a href="#[79]">&gt;&gt;</a>&nbsp;&nbsp;&nbsp;App_update_change_boot_mode
</UL>

<P><STRONG><a name="[7a]"></a>Int_w25q32_erase_sector</STRONG> (Thumb, 54 bytes, Stack size 16 bytes, int_w25q32.o(i.Int_w25q32_erase_sector))
<BR><BR>[Stack]<UL><LI>Max Depth = 192<LI>Call Chain = Int_w25q32_erase_sector &rArr; Int_w25q32_write_enable &rArr; Int_w25q32_wait_busy &rArr; Int_w25q32_read_byte &rArr; HAL_SPI_Receive &rArr; HAL_SPI_TransmitReceive &rArr; SPI_EndRxTxTransaction &rArr; SPI_WaitFlagStateUntilTimeout
</UL>
<BR>[Calls]<UL><LI><a href="#[c1]">&gt;&gt;</a>&nbsp;&nbsp;&nbsp;Int_w25q32_write_byte
<LI><a href="#[c2]">&gt;&gt;</a>&nbsp;&nbsp;&nbsp;Int_w25q32_stop
<LI><a href="#[c0]">&gt;&gt;</a>&nbsp;&nbsp;&nbsp;Int_w25q32_start
<LI><a href="#[bf]">&gt;&gt;</a>&nbsp;&nbsp;&nbsp;Int_w25q32_write_enable
</UL>
<BR>[Called By]<UL><LI><a href="#[79]">&gt;&gt;</a>&nbsp;&nbsp;&nbsp;App_update_change_boot_mode
</UL>

<P><STRONG><a name="[c3]"></a>Int_w25q32_read_byte</STRONG> (Thumb, 20 bytes, Stack size 8 bytes, int_w25q32.o(i.Int_w25q32_read_byte))
<BR><BR>[Stack]<UL><LI>Max Depth = 160<LI>Call Chain = Int_w25q32_read_byte &rArr; HAL_SPI_Receive &rArr; HAL_SPI_TransmitReceive &rArr; SPI_EndRxTxTransaction &rArr; SPI_WaitFlagStateUntilTimeout
</UL>
<BR>[Calls]<UL><LI><a href="#[a7]">&gt;&gt;</a>&nbsp;&nbsp;&nbsp;HAL_SPI_Receive
</UL>
<BR>[Called By]<UL><LI><a href="#[c4]">&gt;&gt;</a>&nbsp;&nbsp;&nbsp;Int_w25q32_wait_busy
</UL>

<P><STRONG><a name="[c0]"></a>Int_w25q32_start</STRONG> (Thumb, 16 bytes, Stack size 8 bytes, int_w25q32.o(i.Int_w25q32_start))
<BR><BR>[Stack]<UL><LI>Max Depth = 8<LI>Call Chain = Int_w25q32_start
</UL>
<BR>[Calls]<UL><LI><a href="#[77]">&gt;&gt;</a>&nbsp;&nbsp;&nbsp;HAL_GPIO_WritePin
</UL>
<BR>[Called By]<UL><LI><a href="#[7b]">&gt;&gt;</a>&nbsp;&nbsp;&nbsp;Int_w25q32_write_data_with_32addr
<LI><a href="#[7a]">&gt;&gt;</a>&nbsp;&nbsp;&nbsp;Int_w25q32_erase_sector
<LI><a href="#[bf]">&gt;&gt;</a>&nbsp;&nbsp;&nbsp;Int_w25q32_write_enable
<LI><a href="#[c4]">&gt;&gt;</a>&nbsp;&nbsp;&nbsp;Int_w25q32_wait_busy
</UL>

<P><STRONG><a name="[c2]"></a>Int_w25q32_stop</STRONG> (Thumb, 14 bytes, Stack size 8 bytes, int_w25q32.o(i.Int_w25q32_stop))
<BR><BR>[Stack]<UL><LI>Max Depth = 8<LI>Call Chain = Int_w25q32_stop
</UL>
<BR>[Calls]<UL><LI><a href="#[77]">&gt;&gt;</a>&nbsp;&nbsp;&nbsp;HAL_GPIO_WritePin
</UL>
<BR>[Called By]<UL><LI><a href="#[7b]">&gt;&gt;</a>&nbsp;&nbsp;&nbsp;Int_w25q32_write_data_with_32addr
<LI><a href="#[7a]">&gt;&gt;</a>&nbsp;&nbsp;&nbsp;Int_w25q32_erase_sector
<LI><a href="#[bf]">&gt;&gt;</a>&nbsp;&nbsp;&nbsp;Int_w25q32_write_enable
<LI><a href="#[c4]">&gt;&gt;</a>&nbsp;&nbsp;&nbsp;Int_w25q32_wait_busy
</UL>

<P><STRONG><a name="[c1]"></a>Int_w25q32_write_byte</STRONG> (Thumb, 16 bytes, Stack size 8 bytes, int_w25q32.o(i.Int_w25q32_write_byte))
<BR><BR>[Stack]<UL><LI>Max Depth = 112<LI>Call Chain = Int_w25q32_write_byte &rArr; HAL_SPI_Transmit &rArr; SPI_EndRxTxTransaction &rArr; SPI_WaitFlagStateUntilTimeout
</UL>
<BR>[Calls]<UL><LI><a href="#[aa]">&gt;&gt;</a>&nbsp;&nbsp;&nbsp;HAL_SPI_Transmit
</UL>
<BR>[Called By]<UL><LI><a href="#[7b]">&gt;&gt;</a>&nbsp;&nbsp;&nbsp;Int_w25q32_write_data_with_32addr
<LI><a href="#[7a]">&gt;&gt;</a>&nbsp;&nbsp;&nbsp;Int_w25q32_erase_sector
<LI><a href="#[bf]">&gt;&gt;</a>&nbsp;&nbsp;&nbsp;Int_w25q32_write_enable
<LI><a href="#[c4]">&gt;&gt;</a>&nbsp;&nbsp;&nbsp;Int_w25q32_wait_busy
</UL>

<P><STRONG><a name="[7b]"></a>Int_w25q32_write_data_with_32addr</STRONG> (Thumb, 72 bytes, Stack size 24 bytes, int_w25q32.o(i.Int_w25q32_write_data_with_32addr))
<BR><BR>[Stack]<UL><LI>Max Depth = 200<LI>Call Chain = Int_w25q32_write_data_with_32addr &rArr; Int_w25q32_write_enable &rArr; Int_w25q32_wait_busy &rArr; Int_w25q32_read_byte &rArr; HAL_SPI_Receive &rArr; HAL_SPI_TransmitReceive &rArr; SPI_EndRxTxTransaction &rArr; SPI_WaitFlagStateUntilTimeout
</UL>
<BR>[Calls]<UL><LI><a href="#[c1]">&gt;&gt;</a>&nbsp;&nbsp;&nbsp;Int_w25q32_write_byte
<LI><a href="#[c2]">&gt;&gt;</a>&nbsp;&nbsp;&nbsp;Int_w25q32_stop
<LI><a href="#[c0]">&gt;&gt;</a>&nbsp;&nbsp;&nbsp;Int_w25q32_start
<LI><a href="#[bf]">&gt;&gt;</a>&nbsp;&nbsp;&nbsp;Int_w25q32_write_enable
</UL>
<BR>[Called By]<UL><LI><a href="#[79]">&gt;&gt;</a>&nbsp;&nbsp;&nbsp;App_update_change_boot_mode
</UL>

<P><STRONG><a name="[c5]"></a>MX_CAN_Init</STRONG> (Thumb, 60 bytes, Stack size 8 bytes, can.o(i.MX_CAN_Init))
<BR><BR>[Stack]<UL><LI>Max Depth = 92<LI>Call Chain = MX_CAN_Init &rArr; HAL_CAN_Init &rArr; HAL_CAN_MspInit &rArr; HAL_GPIO_Init
</UL>
<BR>[Calls]<UL><LI><a href="#[8a]">&gt;&gt;</a>&nbsp;&nbsp;&nbsp;HAL_CAN_Init
<LI><a href="#[c6]">&gt;&gt;</a>&nbsp;&nbsp;&nbsp;Error_Handler
</UL>
<BR>[Called By]<UL><LI><a href="#[46]">&gt;&gt;</a>&nbsp;&nbsp;&nbsp;main
</UL>

<P><STRONG><a name="[c7]"></a>MX_CRC_Init</STRONG> (Thumb, 22 bytes, Stack size 8 bytes, crc.o(i.MX_CRC_Init))
<BR><BR>[Stack]<UL><LI>Max Depth = 24<LI>Call Chain = MX_CRC_Init &rArr; HAL_CRC_Init &rArr; HAL_CRC_MspInit
</UL>
<BR>[Calls]<UL><LI><a href="#[8d]">&gt;&gt;</a>&nbsp;&nbsp;&nbsp;HAL_CRC_Init
<LI><a href="#[c6]">&gt;&gt;</a>&nbsp;&nbsp;&nbsp;Error_Handler
</UL>
<BR>[Called By]<UL><LI><a href="#[46]">&gt;&gt;</a>&nbsp;&nbsp;&nbsp;main
</UL>

<P><STRONG><a name="[c8]"></a>MX_GPIO_Init</STRONG> (Thumb, 314 bytes, Stack size 24 bytes, gpio.o(i.MX_GPIO_Init))
<BR><BR>[Stack]<UL><LI>Max Depth = 60<LI>Call Chain = MX_GPIO_Init &rArr; HAL_GPIO_Init
</UL>
<BR>[Calls]<UL><LI><a href="#[77]">&gt;&gt;</a>&nbsp;&nbsp;&nbsp;HAL_GPIO_WritePin
<LI><a href="#[8c]">&gt;&gt;</a>&nbsp;&nbsp;&nbsp;HAL_GPIO_Init
</UL>
<BR>[Called By]<UL><LI><a href="#[46]">&gt;&gt;</a>&nbsp;&nbsp;&nbsp;main
</UL>

<P><STRONG><a name="[c9]"></a>MX_I2C2_Init</STRONG> (Thumb, 48 bytes, Stack size 8 bytes, i2c.o(i.MX_I2C2_Init))
<BR><BR>[Stack]<UL><LI>Max Depth = 92<LI>Call Chain = MX_I2C2_Init &rArr; HAL_I2C_Init &rArr; HAL_I2C_MspInit &rArr; HAL_GPIO_Init
</UL>
<BR>[Calls]<UL><LI><a href="#[8f]">&gt;&gt;</a>&nbsp;&nbsp;&nbsp;HAL_I2C_Init
<LI><a href="#[c6]">&gt;&gt;</a>&nbsp;&nbsp;&nbsp;Error_Handler
</UL>
<BR>[Called By]<UL><LI><a href="#[46]">&gt;&gt;</a>&nbsp;&nbsp;&nbsp;main
</UL>

<P><STRONG><a name="[ca]"></a>MX_SPI1_Init</STRONG> (Thumb, 60 bytes, Stack size 8 bytes, spi.o(i.MX_SPI1_Init))
<BR><BR>[Stack]<UL><LI>Max Depth = 84<LI>Call Chain = MX_SPI1_Init &rArr; HAL_SPI_Init &rArr; HAL_SPI_MspInit &rArr; HAL_GPIO_Init
</UL>
<BR>[Calls]<UL><LI><a href="#[a5]">&gt;&gt;</a>&nbsp;&nbsp;&nbsp;HAL_SPI_Init
<LI><a href="#[c6]">&gt;&gt;</a>&nbsp;&nbsp;&nbsp;Error_Handler
</UL>
<BR>[Called By]<UL><LI><a href="#[46]">&gt;&gt;</a>&nbsp;&nbsp;&nbsp;main
</UL>

<P><STRONG><a name="[cb]"></a>MX_USART1_UART_Init</STRONG> (Thumb, 46 bytes, Stack size 8 bytes, usart.o(i.MX_USART1_UART_Init))
<BR><BR>[Stack]<UL><LI>Max Depth = 96<LI>Call Chain = MX_USART1_UART_Init &rArr; HAL_UART_Init &rArr; HAL_UART_MspInit &rArr; HAL_NVIC_SetPriority &rArr; __NVIC_SetPriority
</UL>
<BR>[Calls]<UL><LI><a href="#[b7]">&gt;&gt;</a>&nbsp;&nbsp;&nbsp;HAL_UART_Init
<LI><a href="#[c6]">&gt;&gt;</a>&nbsp;&nbsp;&nbsp;Error_Handler
</UL>
<BR>[Called By]<UL><LI><a href="#[46]">&gt;&gt;</a>&nbsp;&nbsp;&nbsp;main
</UL>

<P><STRONG><a name="[3]"></a>MemManage_Handler</STRONG> (Thumb, 4 bytes, Stack size 0 bytes, stm32f1xx_it.o(i.MemManage_Handler))
<BR>[Address Reference Count : 1]<UL><LI> startup_stm32f103xe.o(RESET)
</UL>
<P><STRONG><a name="[1]"></a>NMI_Handler</STRONG> (Thumb, 4 bytes, Stack size 0 bytes, stm32f1xx_it.o(i.NMI_Handler))
<BR>[Address Reference Count : 1]<UL><LI> startup_stm32f103xe.o(RESET)
</UL>
<P><STRONG><a name="[8]"></a>PendSV_Handler</STRONG> (Thumb, 2 bytes, Stack size 0 bytes, stm32f1xx_it.o(i.PendSV_Handler))
<BR>[Address Reference Count : 1]<UL><LI> startup_stm32f103xe.o(RESET)
</UL>
<P><STRONG><a name="[6]"></a>SVC_Handler</STRONG> (Thumb, 2 bytes, Stack size 0 bytes, stm32f1xx_it.o(i.SVC_Handler))
<BR>[Address Reference Count : 1]<UL><LI> startup_stm32f103xe.o(RESET)
</UL>
<P><STRONG><a name="[9]"></a>SysTick_Handler</STRONG> (Thumb, 8 bytes, Stack size 8 bytes, stm32f1xx_it.o(i.SysTick_Handler))
<BR><BR>[Stack]<UL><LI>Max Depth = 8<LI>Call Chain = SysTick_Handler
</UL>
<BR>[Calls]<UL><LI><a href="#[cd]">&gt;&gt;</a>&nbsp;&nbsp;&nbsp;HAL_IncTick
</UL>
<BR>[Address Reference Count : 1]<UL><LI> startup_stm32f103xe.o(RESET)
</UL>
<P><STRONG><a name="[ce]"></a>SystemClock_Config</STRONG> (Thumb, 102 bytes, Stack size 64 bytes, main.o(i.SystemClock_Config))
<BR><BR>[Stack]<UL><LI>Max Depth = 144<LI>Call Chain = SystemClock_Config &rArr; HAL_RCC_ClockConfig &rArr; HAL_InitTick &rArr; HAL_NVIC_SetPriority &rArr; __NVIC_SetPriority
</UL>
<BR>[Calls]<UL><LI><a href="#[a3]">&gt;&gt;</a>&nbsp;&nbsp;&nbsp;HAL_RCC_OscConfig
<LI><a href="#[9f]">&gt;&gt;</a>&nbsp;&nbsp;&nbsp;HAL_RCC_ClockConfig
<LI><a href="#[c6]">&gt;&gt;</a>&nbsp;&nbsp;&nbsp;Error_Handler
<LI><a href="#[cf]">&gt;&gt;</a>&nbsp;&nbsp;&nbsp;__aeabi_memclr4
</UL>
<BR>[Called By]<UL><LI><a href="#[46]">&gt;&gt;</a>&nbsp;&nbsp;&nbsp;main
</UL>

<P><STRONG><a name="[47]"></a>SystemInit</STRONG> (Thumb, 2 bytes, Stack size 0 bytes, system_stm32f1xx.o(i.SystemInit))
<BR>[Address Reference Count : 1]<UL><LI> startup_stm32f103xe.o(.text)
</UL>
<P><STRONG><a name="[ac]"></a>UART_Start_Receive_IT</STRONG> (Thumb, 64 bytes, Stack size 8 bytes, stm32f1xx_hal_uart.o(i.UART_Start_Receive_IT))
<BR><BR>[Stack]<UL><LI>Max Depth = 8<LI>Call Chain = UART_Start_Receive_IT
</UL>
<BR>[Called By]<UL><LI><a href="#[81]">&gt;&gt;</a>&nbsp;&nbsp;&nbsp;HAL_UARTEx_ReceiveToIdle_IT
</UL>

<P><STRONG><a name="[2f]"></a>USART1_IRQHandler</STRONG> (Thumb, 10 bytes, Stack size 8 bytes, stm32f1xx_it.o(i.USART1_IRQHandler))
<BR><BR>[Stack]<UL><LI>Max Depth = 120<LI>Call Chain = USART1_IRQHandler &rArr; HAL_UART_IRQHandler &rArr; UART_Receive_IT &rArr; HAL_UARTEx_RxEventCallback &rArr; HAL_UARTEx_ReceiveToIdle_IT &rArr; UART_Start_Receive_IT
</UL>
<BR>[Calls]<UL><LI><a href="#[af]">&gt;&gt;</a>&nbsp;&nbsp;&nbsp;HAL_UART_IRQHandler
</UL>
<BR>[Address Reference Count : 1]<UL><LI> startup_stm32f103xe.o(RESET)
</UL>
<P><STRONG><a name="[5]"></a>UsageFault_Handler</STRONG> (Thumb, 4 bytes, Stack size 0 bytes, stm32f1xx_it.o(i.UsageFault_Handler))
<BR>[Address Reference Count : 1]<UL><LI> startup_stm32f103xe.o(RESET)
</UL>
<P><STRONG><a name="[d2]"></a>__0printf</STRONG> (Thumb, 22 bytes, Stack size 24 bytes, printfa.o(i.__0printf), UNUSED)
<BR><BR>[Calls]<UL><LI><a href="#[d3]">&gt;&gt;</a>&nbsp;&nbsp;&nbsp;_printf_core
</UL>

<P><STRONG><a name="[123]"></a>__1printf</STRONG> (Thumb, 0 bytes, Stack size 24 bytes, printfa.o(i.__0printf), UNUSED)

<P><STRONG><a name="[7f]"></a>__2printf</STRONG> (Thumb, 0 bytes, Stack size 24 bytes, printfa.o(i.__0printf))
<BR><BR>[Stack]<UL><LI>Max Depth = 24<LI>Call Chain = __2printf
</UL>
<BR>[Called By]<UL><LI><a href="#[88]">&gt;&gt;</a>&nbsp;&nbsp;&nbsp;App_update_work
<LI><a href="#[83]">&gt;&gt;</a>&nbsp;&nbsp;&nbsp;App_update_receive_app_data
<LI><a href="#[7d]">&gt;&gt;</a>&nbsp;&nbsp;&nbsp;App_update_check_data
<LI><a href="#[7c]">&gt;&gt;</a>&nbsp;&nbsp;&nbsp;Int_w24c02_write_bytes
</UL>

<P><STRONG><a name="[124]"></a>__c89printf</STRONG> (Thumb, 0 bytes, Stack size 24 bytes, printfa.o(i.__0printf), UNUSED)

<P><STRONG><a name="[125]"></a>printf</STRONG> (Thumb, 0 bytes, Stack size 24 bytes, printfa.o(i.__0printf), UNUSED)

<P><STRONG><a name="[d4]"></a>__0vprintf</STRONG> (Thumb, 8 bytes, Stack size 0 bytes, printfa.o(i.__0vprintf), UNUSED)
<BR><BR>[Calls]<UL><LI><a href="#[d3]">&gt;&gt;</a>&nbsp;&nbsp;&nbsp;_printf_core
</UL>

<P><STRONG><a name="[126]"></a>__1vprintf</STRONG> (Thumb, 0 bytes, Stack size 0 bytes, printfa.o(i.__0vprintf), UNUSED)

<P><STRONG><a name="[127]"></a>__2vprintf</STRONG> (Thumb, 0 bytes, Stack size 0 bytes, printfa.o(i.__0vprintf), UNUSED)

[...]
</UL>
<P>
<H3>
Local Symbols
</H3>
<P><STRONG><a name="[a4]"></a>RCC_Delay</STRONG> (Thumb, 36 bytes, Stack size 8 bytes, stm32f1xx_hal_rcc.o(i.RCC_Delay))
<BR><BR>[Stack]<UL><LI>Max Depth = 8<LI>Call Chain = RCC_Delay
</UL>
<BR>[Called By]<UL><LI><a href="#[a3]">&gt;&gt;</a>&nbsp;&nbsp;&nbsp;HAL_RCC_OscConfig
</UL>

<P><STRONG><a name="[9d]"></a>__NVIC_GetPriorityGrouping</STRONG> (Thumb, 10 bytes, Stack size 0 bytes, stm32f1xx_hal_cortex.o(i.__NVIC_GetPriorityGrouping))
<BR><BR>[Called By]<UL><LI><a href="#[9c]">&gt;&gt;</a>&nbsp;&nbsp;&nbsp;HAL_NVIC_SetPriority
</UL>

<P><STRONG><a name="[9e]"></a>__NVIC_SetPriority</STRONG> (Thumb, 32 bytes, Stack size 8 bytes, stm32f1xx_hal_cortex.o(i.__NVIC_SetPriority))
<BR><BR>[Stack]<UL><LI>Max Depth = 8<LI>Call Chain = __NVIC_SetPriority
</UL>
<BR>[Called By]<UL><LI><a href="#[9c]">&gt;&gt;</a>&nbsp;&nbsp;&nbsp;HAL_NVIC_SetPriority
<LI><a href="#[9b]">&gt;&gt;</a>&nbsp;&nbsp;&nbsp;HAL_SYSTICK_Config
</UL>

<P><STRONG><a name="[be]"></a>I2C_IsAcknowledgeFailed</STRONG> (Thumb, 62 bytes, Stack size 0 bytes, stm32f1xx_hal_i2c.o(i.I2C_IsAcknowledgeFailed))
<BR><BR>[Called By]<UL><LI><a href="#[95]">&gt;&gt;</a>&nbsp;&nbsp;&nbsp;I2C_WaitOnTXEFlagUntilTimeout
<LI><a href="#[96]">&gt;&gt;</a>&nbsp;&nbsp;&nbsp;I2C_WaitOnBTFFlagUntilTimeout
</UL>

<P><STRONG><a name="[94]"></a>I2C_RequestMemoryWrite</STRONG> (Thumb, 220 bytes, Stack size 32 bytes, stm32f1xx_hal_i2c.o(i.I2C_RequestMemoryWrite))
<BR><BR>[Stack]<UL><LI>Max Depth = 56<LI>Call Chain = I2C_RequestMemoryWrite &rArr; I2C_WaitOnMasterAddressFlagUntilTimeout
</UL>
<BR>[Calls]<UL><LI><a href="#[95]">&gt;&gt;</a>&nbsp;&nbsp;&nbsp;I2C_WaitOnTXEFlagUntilTimeout
<LI><a href="#[bd]">&gt;&gt;</a>&nbsp;&nbsp;&nbsp;I2C_WaitOnMasterAddressFlagUntilTimeout
<LI><a href="#[93]">&gt;&gt;</a>&nbsp;&nbsp;&nbsp;I2C_WaitOnFlagUntilTimeout
</UL>
<BR>[Called By]<UL><LI><a href="#[92]">&gt;&gt;</a>&nbsp;&nbsp;&nbsp;HAL_I2C_Mem_Write
</UL>

<P><STRONG><a name="[96]"></a>I2C_WaitOnBTFFlagUntilTimeout</STRONG> (Thumb, 102 bytes, Stack size 16 bytes, stm32f1xx_hal_i2c.o(i.I2C_WaitOnBTFFlagUntilTimeout))
<BR><BR>[Stack]<UL><LI>Max Depth = 16<LI>Call Chain = I2C_WaitOnBTFFlagUntilTimeout
</UL>
<BR>[Calls]<UL><LI><a href="#[84]">&gt;&gt;</a>&nbsp;&nbsp;&nbsp;HAL_GetTick
<LI><a href="#[be]">&gt;&gt;</a>&nbsp;&nbsp;&nbsp;I2C_IsAcknowledgeFailed
</UL>
<BR>[Called By]<UL><LI><a href="#[92]">&gt;&gt;</a>&nbsp;&nbsp;&nbsp;HAL_I2C_Mem_Write
</UL>

<P><STRONG><a name="[93]"></a>I2C_WaitOnFlagUntilTimeout</STRONG> (Thumb, 190 bytes, Stack size 24 bytes, stm32f1xx_hal_i2c.o(i.I2C_WaitOnFlagUntilTimeout))
<BR><BR>[Stack]<UL><LI>Max Depth = 24<LI>Call Chain = I2C_WaitOnFlagUntilTimeout
</UL>
<BR>[Calls]<UL><LI><a href="#[84]">&gt;&gt;</a>&nbsp;&nbsp;&nbsp;HAL_GetTick
</UL>
<BR>[Called By]<UL><LI><a href="#[92]">&gt;&gt;</a>&nbsp;&nbsp;&nbsp;HAL_I2C_Mem_Write
<LI><a href="#[94]">&gt;&gt;</a>&nbsp;&nbsp;&nbsp;I2C_RequestMemoryWrite
</UL>

<P><STRONG><a name="[bd]"></a>I2C_WaitOnMasterAddressFlagUntilTimeout</STRONG> (Thumb, 250 bytes, Stack size 24 bytes, stm32f1xx_hal_i2c.o(i.I2C_WaitOnMasterAddressFlagUntilTimeout))
<BR><BR>[Stack]<UL><LI>Max Depth = 24<LI>Call Chain = I2C_WaitOnMasterAddressFlagUntilTimeout
</UL>
<BR>[Calls]<UL><LI><a href="#[84]">&gt;&gt;</a>&nbsp;&nbsp;&nbsp;HAL_GetTick
</UL>
<BR>[Called By]<UL><LI><a href="#[94]">&gt;&gt;</a>&nbsp;&nbsp;&nbsp;I2C_RequestMemoryWrite
</UL>

<P><STRONG><a name="[95]"></a>I2C_WaitOnTXEFlagUntilTimeout</STRONG> (Thumb, 102 bytes, Stack size 16 bytes, stm32f1xx_hal_i2c.o(i.I2C_WaitOnTXEFlagUntilTimeout))
<BR><BR>[Stack]<UL><LI>Max Depth = 16<LI>Call Chain = I2C_WaitOnTXEFlagUntilTimeout
</UL>
<BR>[Calls]<UL><LI><a href="#[84]">&gt;&gt;</a>&nbsp;&nbsp;&nbsp;HAL_GetTick
<LI><a href="#[be]">&gt;&gt;</a>&nbsp;&nbsp;&nbsp;I2C_IsAcknowledgeFailed
</UL>
<BR>[Called By]<UL><LI><a href="#[92]">&gt;&gt;</a>&nbsp;&nbsp;&nbsp;HAL_I2C_Mem_Write
<LI><a href="#[94]">&gt;&gt;</a>&nbsp;&nbsp;&nbsp;I2C_RequestMemoryWrite
</UL>

<P><STRONG><a name="[a9]"></a>SPI_EndRxTransaction</STRONG> (Thumb, 120 bytes, Stack size 24 bytes, stm32f1xx_hal_spi.o(i.SPI_EndRxTransaction))
<BR><BR>[Stack]<UL><LI>Max Depth = 64<LI>Call Chain = SPI_EndRxTransaction &rArr; SPI_WaitFlagStateUntilTimeout
</UL>
<BR>[Calls]<UL><LI><a href="#[cc]">&gt;&gt;</a>&nbsp;&nbsp;&nbsp;SPI_WaitFlagStateUntilTimeout
</UL>
<BR>[Called By]<UL><LI><a href="#[a7]">&gt;&gt;</a>&nbsp;&nbsp;&nbsp;HAL_SPI_Receive
</UL>

<P><STRONG><a name="[ab]"></a>SPI_EndRxTxTransaction</STRONG> (Thumb, 40 bytes, Stack size 24 bytes, stm32f1xx_hal_spi.o(i.SPI_EndRxTxTransaction))
<BR><BR>[Stack]<UL><LI>Max Depth = 64<LI>Call Chain = SPI_EndRxTxTransaction &rArr; SPI_WaitFlagStateUntilTimeout
</UL>
<BR>[Calls]<UL><LI><a href="#[cc]">&gt;&gt;</a>&nbsp;&nbsp;&nbsp;SPI_WaitFlagStateUntilTimeout
</UL>
<BR>[Called By]<UL><LI><a href="#[a8]">&gt;&gt;</a>&nbsp;&nbsp;&nbsp;HAL_SPI_TransmitReceive
<LI><a href="#[aa]">&gt;&gt;</a>&nbsp;&nbsp;&nbsp;HAL_SPI_Transmit
</UL>

<P><STRONG><a name="[cc]"></a>SPI_WaitFlagStateUntilTimeout</STRONG> (Thumb, 210 bytes, Stack size 40 bytes, stm32f1xx_hal_spi.o(i.SPI_WaitFlagStateUntilTimeout))
<BR><BR>[Stack]<UL><LI>Max Depth = 40<LI>Call Chain = SPI_WaitFlagStateUntilTimeout
</UL>
<BR>[Calls]<UL><LI><a href="#[84]">&gt;&gt;</a>&nbsp;&nbsp;&nbsp;HAL_GetTick
</UL>
<BR>[Called By]<UL><LI><a href="#[ab]">&gt;&gt;</a>&nbsp;&nbsp;&nbsp;SPI_EndRxTxTransaction
<LI><a href="#[a9]">&gt;&gt;</a>&nbsp;&nbsp;&nbsp;SPI_EndRxTransaction
</UL>

<P><STRONG><a name="[49]"></a>UART_DMAAbortOnError</STRONG> (Thumb, 20 bytes, Stack size 16 bytes, stm32f1xx_hal_uart.o(i.UART_DMAAbortOnError))
<BR><BR>[Stack]<UL><LI>Max Depth = 16<LI>Call Chain = UART_DMAAbortOnError
</UL>
<BR>[Calls]<UL><LI><a href="#[b3]">&gt;&gt;</a>&nbsp;&nbsp;&nbsp;HAL_UART_ErrorCallback
</UL>
<BR>[Address Reference Count : 1]<UL><LI> stm32f1xx_hal_uart.o(i.HAL_UART_IRQHandler)
</UL>
<P><STRONG><a name="[b1]"></a>UART_EndRxTransfer</STRONG> (Thumb, 108 bytes, Stack size 0 bytes, stm32f1xx_hal_uart.o(i.UART_EndRxTransfer))
<BR><BR>[Called By]<UL><LI><a href="#[af]">&gt;&gt;</a>&nbsp;&nbsp;&nbsp;HAL_UART_IRQHandler
</UL>

<P><STRONG><a name="[b6]"></a>UART_EndTransmit_IT</STRONG> (Thumb, 32 bytes, Stack size 8 bytes, stm32f1xx_hal_uart.o(i.UART_EndTransmit_IT))
<BR><BR>[Stack]<UL><LI>Max Depth = 8<LI>Call Chain = UART_EndTransmit_IT
</UL>
<BR>[Calls]<UL><LI><a href="#[d0]">&gt;&gt;</a>&nbsp;&nbsp;&nbsp;HAL_UART_TxCpltCallback
</UL>
<BR>[Called By]<UL><LI><a href="#[af]">&gt;&gt;</a>&nbsp;&nbsp;&nbsp;HAL_UART_IRQHandler
</UL>

<P><STRONG><a name="[b0]"></a>UART_Receive_IT</STRONG> (Thumb, 252 bytes, Stack size 24 bytes, stm32f1xx_hal_uart.o(i.UART_Receive_IT))
<BR><BR>[Stack]<UL><LI>Max Depth = 72<LI>Call Chain = UART_Receive_IT &rArr; HAL_UARTEx_RxEventCallback &rArr; HAL_UARTEx_ReceiveToIdle_IT &rArr; UART_Start_Receive_IT
</UL>
<BR>[Calls]<UL><LI><a href="#[ad]">&gt;&gt;</a>&nbsp;&nbsp;&nbsp;HAL_UARTEx_RxEventCallback
<LI><a href="#[d1]">&gt;&gt;</a>&nbsp;&nbsp;&nbsp;HAL_UART_RxCpltCallback
</UL>
<BR>[Called By]<UL><LI><a href="#[af]">&gt;&gt;</a>&nbsp;&nbsp;&nbsp;HAL_UART_IRQHandler
</UL>

<P><STRONG><a name="[b9]"></a>UART_SetConfig</STRONG> (Thumb, 248 bytes, Stack size 16 bytes, stm32f1xx_hal_uart.o(i.UART_SetConfig))
<BR><BR>[Stack]<UL><LI>Max Depth = 20<LI>Call Chain = UART_SetConfig &rArr; HAL_RCC_GetPCLK2Freq
</UL>
<BR>[Calls]<UL><LI><a href="#[a2]">&gt;&gt;</a>&nbsp;&nbsp;&nbsp;HAL_RCC_GetPCLK2Freq
<LI><a href="#[91]">&gt;&gt;</a>&nbsp;&nbsp;&nbsp;HAL_RCC_GetPCLK1Freq
</UL>
<BR>[Called By]<UL><LI><a href="#[b7]">&gt;&gt;</a>&nbsp;&nbsp;&nbsp;HAL_UART_Init
</UL>

<P><STRONG><a name="[b5]"></a>UART_Transmit_IT</STRONG> (Thumb, 96 bytes, Stack size 0 bytes, stm32f1xx_hal_uart.o(i.UART_Transmit_IT))
<BR><BR>[Called By]<UL><LI><a href="#[af]">&gt;&gt;</a>&nbsp;&nbsp;&nbsp;HAL_UART_IRQHandler
</UL>

<P><STRONG><a name="[bc]"></a>UART_WaitOnFlagUntilTimeout</STRONG> (Thumb, 146 bytes, Stack size 24 bytes, stm32f1xx_hal_uart.o(i.UART_WaitOnFlagUntilTimeout))
<BR><BR>[Stack]<UL><LI>Max Depth = 24<LI>Call Chain = UART_WaitOnFlagUntilTimeout
</UL>
<BR>[Calls]<UL><LI><a href="#[84]">&gt;&gt;</a>&nbsp;&nbsp;&nbsp;HAL_GetTick
</UL>
<BR>[Called By]<UL><LI><a href="#[bb]">&gt;&gt;</a>&nbsp;&nbsp;&nbsp;HAL_UART_Transmit
</UL>

<P><STRONG><a name="[c4]"></a>Int_w25q32_wait_busy</STRONG> (Thumb, 40 bytes, Stack size 8 bytes, int_w25q32.o(i.Int_w25q32_wait_busy))
<BR><BR>[Stack]<UL><LI>Max Depth = 168<LI>Call Chain = Int_w25q32_wait_busy &rArr; Int_w25q32_read_byte &rArr; HAL_SPI_Receive &rArr; HAL_SPI_TransmitReceive &rArr; SPI_EndRxTxTransaction &rArr; SPI_WaitFlagStateUntilTimeout
</UL>
<BR>[Calls]<UL><LI><a href="#[c1]">&gt;&gt;</a>&nbsp;&nbsp;&nbsp;Int_w25q32_write_byte
<LI><a href="#[c2]">&gt;&gt;</a>&nbsp;&nbsp;&nbsp;Int_w25q32_stop
<LI><a href="#[c0]">&gt;&gt;</a>&nbsp;&nbsp;&nbsp;Int_w25q32_start
<LI><a href="#[c3]">&gt;&gt;</a>&nbsp;&nbsp;&nbsp;Int_w25q32_read_byte
</UL>
<BR>[Called By]<UL><LI><a href="#[bf]">&gt;&gt;</a>&nbsp;&nbsp;&nbsp;Int_w25q32_write_enable
</UL>

<P><STRONG><a name="[bf]"></a>Int_w25q32_write_enable</STRONG> (Thumb, 22 bytes, Stack size 8 bytes, int_w25q32.o(i.Int_w25q32_write_enable))
<BR><BR>[Stack]<UL><LI>Max Depth = 176<LI>Call Chain = Int_w25q32_write_enable &rArr; Int_w25q32_wait_busy &rArr; Int_w25q32_read_byte &rArr; HAL_SPI_Receive &rArr; HAL_SPI_TransmitReceive &rArr; SPI_EndRxTxTransaction &rArr; SPI_WaitFlagStateUntilTimeout
</UL>
<BR>[Calls]<UL><LI><a href="#[c1]">&gt;&gt;</a>&nbsp;&nbsp;&nbsp;Int_w25q32_write_byte
<LI><a href="#[c2]">&gt;&gt;</a>&nbsp;&nbsp;&nbsp;Int_w25q32_stop
<LI><a href="#[c0]">&gt;&gt;</a>&nbsp;&nbsp;&nbsp;Int_w25q32_start
<LI><a href="#[c4]">&gt;&gt;</a>&nbsp;&nbsp;&nbsp;Int_w25q32_wait_busy
</UL>
<BR>[Called By]<UL><LI><a href="#[7b]">&gt;&gt;</a>&nbsp;&nbsp;&nbsp;Int_w25q32_write_data_with_32addr
<LI><a href="#[7a]">&gt;&gt;</a>&nbsp;&nbsp;&nbsp;Int_w25q32_erase_sector
</UL>

<P><STRONG><a name="[74]"></a>App_crc_cal</STRONG> (Thumb, 54 bytes, Stack size 24 bytes, app_update.o(i.App_crc_cal))
<BR><BR>[Stack]<UL><LI>Max Depth = 40<LI>Call Chain = App_crc_cal &rArr; HAL_CRC_Calculate
</UL>
<BR>[Calls]<UL><LI><a href="#[75]">&gt;&gt;</a>&nbsp;&nbsp;&nbsp;HAL_CRC_Calculate
</UL>
<BR>[Called By]<UL><LI><a href="#[7d]">&gt;&gt;</a>&nbsp;&nbsp;&nbsp;App_update_check_data
</UL>

<P><STRONG><a name="[76]"></a>App_run</STRONG> (Thumb, 84 bytes, Stack size 8 bytes, app_update.o(i.App_run))
<BR><BR>[Stack]<UL><LI>Max Depth = 24<LI>Call Chain = App_run &rArr; HAL_Delay
</UL>
<BR>[Calls]<UL><LI><a href="#[77]">&gt;&gt;</a>&nbsp;&nbsp;&nbsp;HAL_GPIO_WritePin
<LI><a href="#[78]">&gt;&gt;</a>&nbsp;&nbsp;&nbsp;HAL_Delay
</UL>
<BR>[Called By]<UL><LI><a href="#[88]">&gt;&gt;</a>&nbsp;&nbsp;&nbsp;App_update_work
</UL>

<P><STRONG><a name="[e6]"></a>a_llcc68_check_busy</STRONG> (Thumb, 64 bytes, Stack size 16 bytes, driver_llcc68.o(i.a_llcc68_check_busy))
<BR><BR>[Stack]<UL><LI>Max Depth = 16<LI>Call Chain = a_llcc68_check_busy
</UL>
<BR>[Called By]<UL><LI><a href="#[fc]">&gt;&gt;</a>&nbsp;&nbsp;&nbsp;llcc68_set_tx_params
<LI><a href="#[103]">&gt;&gt;</a>&nbsp;&nbsp;&nbsp;llcc68_set_tx_modulation
<LI><a href="#[106]">&gt;&gt;</a>&nbsp;&nbsp;&nbsp;llcc68_set_tx_clamp_config
<LI><a href="#[f7]">&gt;&gt;</a>&nbsp;&nbsp;&nbsp;llcc68_set_stop_timer_on_preamble
<LI><a href="#[f6]">&gt;&gt;</a>&nbsp;&nbsp;&nbsp;llcc68_set_standby
<LI><a href="#[fa]">&gt;&gt;</a>&nbsp;&nbsp;&nbsp;llcc68_set_rx_tx_fallback_mode
<LI><a href="#[104]">&gt;&gt;</a>&nbsp;&nbsp;&nbsp;llcc68_set_rx_gain
<LI><a href="#[fe]">&gt;&gt;</a>&nbsp;&nbsp;&nbsp;llcc68_set_rf_frequency
<LI><a href="#[f8]">&gt;&gt;</a>&nbsp;&nbsp;&nbsp;llcc68_set_regulator_mode
<LI><a href="#[fb]">&gt;&gt;</a>&nbsp;&nbsp;&nbsp;llcc68_set_packet_type
<LI><a href="#[f9]">&gt;&gt;</a>&nbsp;&nbsp;&nbsp;llcc68_set_pa_config
<LI><a href="#[105]">&gt;&gt;</a>&nbsp;&nbsp;&nbsp;llcc68_set_ocp
<LI><a href="#[102]">&gt;&gt;</a>&nbsp;&nbsp;&nbsp;llcc68_set_lora_sync_word
<LI><a href="#[100]">&gt;&gt;</a>&nbsp;&nbsp;&nbsp;llcc68_set_lora_symb_num_timeout
<LI><a href="#[10b]">&gt;&gt;</a>&nbsp;&nbsp;&nbsp;llcc68_set_lora_packet_params
<LI><a href="#[fd]">&gt;&gt;</a>&nbsp;&nbsp;&nbsp;llcc68_set_lora_modulation_params
<LI><a href="#[10c]">&gt;&gt;</a>&nbsp;&nbsp;&nbsp;llcc68_set_iq_polarity
<LI><a href="#[10a]">&gt;&gt;</a>&nbsp;&nbsp;&nbsp;llcc68_set_dio_irq_params
<LI><a href="#[ff]">&gt;&gt;</a>&nbsp;&nbsp;&nbsp;llcc68_set_buffer_base_address
<LI><a href="#[101]">&gt;&gt;</a>&nbsp;&nbsp;&nbsp;llcc68_reset_stats
<LI><a href="#[109]">&gt;&gt;</a>&nbsp;&nbsp;&nbsp;llcc68_lora_transmit
<LI><a href="#[f0]">&gt;&gt;</a>&nbsp;&nbsp;&nbsp;llcc68_get_tx_modulation
<LI><a href="#[ef]">&gt;&gt;</a>&nbsp;&nbsp;&nbsp;llcc68_get_tx_clamp_config
<LI><a href="#[ee]">&gt;&gt;</a>&nbsp;&nbsp;&nbsp;llcc68_get_iq_polarity
<LI><a href="#[e9]">&gt;&gt;</a>&nbsp;&nbsp;&nbsp;llcc68_deinit
<LI><a href="#[e8]">&gt;&gt;</a>&nbsp;&nbsp;&nbsp;llcc68_continuous_receive
<LI><a href="#[e7]">&gt;&gt;</a>&nbsp;&nbsp;&nbsp;llcc68_clear_irq_status
<LI><a href="#[e5]">&gt;&gt;</a>&nbsp;&nbsp;&nbsp;llcc68_clear_device_errors
</UL>

<P><STRONG><a name="[f2]"></a>a_llcc68_spi_read</STRONG> (Thumb, 36 bytes, Stack size 40 bytes, driver_llcc68.o(i.a_llcc68_spi_read))
<BR><BR>[Stack]<UL><LI>Max Depth = 40<LI>Call Chain = a_llcc68_spi_read
</UL>
<BR>[Called By]<UL><LI><a href="#[f5]">&gt;&gt;</a>&nbsp;&nbsp;&nbsp;llcc68_irq_handler
<LI><a href="#[f1]">&gt;&gt;</a>&nbsp;&nbsp;&nbsp;llcc68_init
</UL>

<P><STRONG><a name="[e0]"></a>a_llcc68_spi_read_buffer</STRONG> (Thumb, 86 bytes, Stack size 24 bytes, driver_llcc68.o(i.a_llcc68_spi_read_buffer))
<BR><BR>[Stack]<UL><LI>Max Depth = 24<LI>Call Chain = a_llcc68_spi_read_buffer
</UL>
<BR>[Calls]<UL><LI><a href="#[59]">&gt;&gt;</a>&nbsp;&nbsp;&nbsp;__aeabi_memclr
<LI><a href="#[85]">&gt;&gt;</a>&nbsp;&nbsp;&nbsp;__aeabi_memcpy
</UL>
<BR>[Called By]<UL><LI><a href="#[f5]">&gt;&gt;</a>&nbsp;&nbsp;&nbsp;llcc68_irq_handler
</UL>

<P><STRONG><a name="[e1]"></a>a_llcc68_spi_read_register</STRONG> (Thumb, 94 bytes, Stack size 24 bytes, driver_llcc68.o(i.a_llcc68_spi_read_register))
<BR><BR>[Stack]<UL><LI>Max Depth = 24<LI>Call Chain = a_llcc68_spi_read_register
</UL>
<BR>[Calls]<UL><LI><a href="#[59]">&gt;&gt;</a>&nbsp;&nbsp;&nbsp;__aeabi_memclr
<LI><a href="#[85]">&gt;&gt;</a>&nbsp;&nbsp;&nbsp;__aeabi_memcpy
</UL>
<BR>[Called By]<UL><LI><a href="#[109]">&gt;&gt;</a>&nbsp;&nbsp;&nbsp;llcc68_lora_transmit
<LI><a href="#[f5]">&gt;&gt;</a>&nbsp;&nbsp;&nbsp;llcc68_irq_handler
<LI><a href="#[f0]">&gt;&gt;</a>&nbsp;&nbsp;&nbsp;llcc68_get_tx_modulation
<LI><a href="#[ef]">&gt;&gt;</a>&nbsp;&nbsp;&nbsp;llcc68_get_tx_clamp_config
<LI><a href="#[ee]">&gt;&gt;</a>&nbsp;&nbsp;&nbsp;llcc68_get_iq_polarity
</UL>

<P><STRONG><a name="[e2]"></a>a_llcc68_spi_write</STRONG> (Thumb, 84 bytes, Stack size 24 bytes, driver_llcc68.o(i.a_llcc68_spi_write))
<BR><BR>[Stack]<UL><LI>Max Depth = 24<LI>Call Chain = a_llcc68_spi_write
</UL>
<BR>[Calls]<UL><LI><a href="#[59]">&gt;&gt;</a>&nbsp;&nbsp;&nbsp;__aeabi_memclr
<LI><a href="#[85]">&gt;&gt;</a>&nbsp;&nbsp;&nbsp;__aeabi_memcpy
</UL>
<BR>[Called By]<UL><LI><a href="#[fc]">&gt;&gt;</a>&nbsp;&nbsp;&nbsp;llcc68_set_tx_params
<LI><a href="#[f7]">&gt;&gt;</a>&nbsp;&nbsp;&nbsp;llcc68_set_stop_timer_on_preamble
<LI><a href="#[f6]">&gt;&gt;</a>&nbsp;&nbsp;&nbsp;llcc68_set_standby
<LI><a href="#[fa]">&gt;&gt;</a>&nbsp;&nbsp;&nbsp;llcc68_set_rx_tx_fallback_mode
<LI><a href="#[fe]">&gt;&gt;</a>&nbsp;&nbsp;&nbsp;llcc68_set_rf_frequency
<LI><a href="#[f8]">&gt;&gt;</a>&nbsp;&nbsp;&nbsp;llcc68_set_regulator_mode
<LI><a href="#[fb]">&gt;&gt;</a>&nbsp;&nbsp;&nbsp;llcc68_set_packet_type
<LI><a href="#[f9]">&gt;&gt;</a>&nbsp;&nbsp;&nbsp;llcc68_set_pa_config
<LI><a href="#[100]">&gt;&gt;</a>&nbsp;&nbsp;&nbsp;llcc68_set_lora_symb_num_timeout
<LI><a href="#[10b]">&gt;&gt;</a>&nbsp;&nbsp;&nbsp;llcc68_set_lora_packet_params
<LI><a href="#[fd]">&gt;&gt;</a>&nbsp;&nbsp;&nbsp;llcc68_set_lora_modulation_params
<LI><a href="#[10a]">&gt;&gt;</a>&nbsp;&nbsp;&nbsp;llcc68_set_dio_irq_params
<LI><a href="#[ff]">&gt;&gt;</a>&nbsp;&nbsp;&nbsp;llcc68_set_buffer_base_address
<LI><a href="#[101]">&gt;&gt;</a>&nbsp;&nbsp;&nbsp;llcc68_reset_stats
<LI><a href="#[109]">&gt;&gt;</a>&nbsp;&nbsp;&nbsp;llcc68_lora_transmit
<LI><a href="#[f5]">&gt;&gt;</a>&nbsp;&nbsp;&nbsp;llcc68_irq_handler
<LI><a href="#[f1]">&gt;&gt;</a>&nbsp;&nbsp;&nbsp;llcc68_init
<LI><a href="#[e9]">&gt;&gt;</a>&nbsp;&nbsp;&nbsp;llcc68_deinit
<LI><a href="#[e8]">&gt;&gt;</a>&nbsp;&nbsp;&nbsp;llcc68_continuous_receive
<LI><a href="#[e7]">&gt;&gt;</a>&nbsp;&nbsp;&nbsp;llcc68_clear_irq_status
<LI><a href="#[e5]">&gt;&gt;</a>&nbsp;&nbsp;&nbsp;llcc68_clear_device_errors
</UL>

<P><STRONG><a name="[e3]"></a>a_llcc68_spi_write_buffer</STRONG> (Thumb, 90 bytes, Stack size 24 bytes, driver_llcc68.o(i.a_llcc68_spi_write_buffer))
<BR><BR>[Stack]<UL><LI>Max Depth = 24<LI>Call Chain = a_llcc68_spi_write_buffer
</UL>
<BR>[Calls]<UL><LI><a href="#[59]">&gt;&gt;</a>&nbsp;&nbsp;&nbsp;__aeabi_memclr
<LI><a href="#[85]">&gt;&gt;</a>&nbsp;&nbsp;&nbsp;__aeabi_memcpy
</UL>
<BR>[Called By]<UL><LI><a href="#[109]">&gt;&gt;</a>&nbsp;&nbsp;&nbsp;llcc68_lora_transmit
</UL>

<P><STRONG><a name="[e4]"></a>a_llcc68_spi_write_register</STRONG> (Thumb, 96 bytes, Stack size 24 bytes, driver_llcc68.o(i.a_llcc68_spi_write_register))
<BR><BR>[Stack]<UL><LI>Max Depth = 24<LI>Call Chain = a_llcc68_spi_write_register
</UL>
<BR>[Calls]<UL><LI><a href="#[59]">&gt;&gt;</a>&nbsp;&nbsp;&nbsp;__aeabi_memclr
<LI><a href="#[85]">&gt;&gt;</a>&nbsp;&nbsp;&nbsp;__aeabi_memcpy
</UL>
<BR>[Called By]<UL><LI><a href="#[103]">&gt;&gt;</a>&nbsp;&nbsp;&nbsp;llcc68_set_tx_modulation
<LI><a href="#[106]">&gt;&gt;</a>&nbsp;&nbsp;&nbsp;llcc68_set_tx_clamp_config
<LI><a href="#[104]">&gt;&gt;</a>&nbsp;&nbsp;&nbsp;llcc68_set_rx_gain
<LI><a href="#[105]">&gt;&gt;</a>&nbsp;&nbsp;&nbsp;llcc68_set_ocp
<LI><a href="#[102]">&gt;&gt;</a>&nbsp;&nbsp;&nbsp;llcc68_set_lora_sync_word
<LI><a href="#[10c]">&gt;&gt;</a>&nbsp;&nbsp;&nbsp;llcc68_set_iq_polarity
<LI><a href="#[109]">&gt;&gt;</a>&nbsp;&nbsp;&nbsp;llcc68_lora_transmit
<LI><a href="#[f5]">&gt;&gt;</a>&nbsp;&nbsp;&nbsp;llcc68_irq_handler
</UL>

<P><STRONG><a name="[db]"></a>_fp_digits</STRONG> (Thumb, 366 bytes, Stack size 64 bytes, printfa.o(i._fp_digits), UNUSED)
<BR><BR>[Calls]<UL><LI><a href="#[5e]">&gt;&gt;</a>&nbsp;&nbsp;&nbsp;__aeabi_dmul
<LI><a href="#[60]">&gt;&gt;</a>&nbsp;&nbsp;&nbsp;__aeabi_ddiv
<LI><a href="#[6c]">&gt;&gt;</a>&nbsp;&nbsp;&nbsp;__aeabi_dadd
<LI><a href="#[71]">&gt;&gt;</a>&nbsp;&nbsp;&nbsp;__aeabi_d2ulz
<LI><a href="#[dc]">&gt;&gt;</a>&nbsp;&nbsp;&nbsp;__aeabi_cdrcmple
<LI><a href="#[67]">&gt;&gt;</a>&nbsp;&nbsp;&nbsp;__aeabi_uldivmod
</UL>
<BR>[Called By]<UL><LI><a href="#[d3]">&gt;&gt;</a>&nbsp;&nbsp;&nbsp;_printf_core
</UL>

<P><STRONG><a name="[d3]"></a>_printf_core</STRONG> (Thumb, 1744 bytes, Stack size 136 bytes, printfa.o(i._printf_core), UNUSED)
<BR><BR>[Calls]<UL><LI><a href="#[dd]">&gt;&gt;</a>&nbsp;&nbsp;&nbsp;_printf_pre_padding
<LI><a href="#[de]">&gt;&gt;</a>&nbsp;&nbsp;&nbsp;_printf_post_padding
<LI><a href="#[db]">&gt;&gt;</a>&nbsp;&nbsp;&nbsp;_fp_digits
<LI><a href="#[67]">&gt;&gt;</a>&nbsp;&nbsp;&nbsp;__aeabi_uldivmod
<LI><a href="#[df]">&gt;&gt;</a>&nbsp;&nbsp;&nbsp;__aeabi_uidivmod
</UL>
<BR>[Called By]<UL><LI><a href="#[d4]">&gt;&gt;</a>&nbsp;&nbsp;&nbsp;__0vprintf
<LI><a href="#[d2]">&gt;&gt;</a>&nbsp;&nbsp;&nbsp;__0printf
</UL>

<P><STRONG><a name="[de]"></a>_printf_post_padding</STRONG> (Thumb, 36 bytes, Stack size 24 bytes, printfa.o(i._printf_post_padding), UNUSED)
<BR><BR>[Called By]<UL><LI><a href="#[d3]">&gt;&gt;</a>&nbsp;&nbsp;&nbsp;_printf_core
</UL>

<P><STRONG><a name="[dd]"></a>_printf_pre_padding</STRONG> (Thumb, 46 bytes, Stack size 24 bytes, printfa.o(i._printf_pre_padding), UNUSED)
<BR><BR>[Called By]<UL><LI><a href="#[d3]">&gt;&gt;</a>&nbsp;&nbsp;&nbsp;_printf_core
</UL>
<P>
<H3>
Undefined Global Symbols
</H3><HR></body></html>
