Component: ARM Compiler 5.06 update 5 (build 528) Tool: armlink [4d35e2]

==============================================================================

Section Cross References

    startup_stm32f103xb.o(RESET) refers to startup_stm32f103xb.o(STACK) for __initial_sp
    startup_stm32f103xb.o(RESET) refers to startup_stm32f103xb.o(.text) for Reset_Handler
    startup_stm32f103xb.o(RESET) refers to stm32f1xx_it.o(i.NMI_Handler) for NMI_Handler
    startup_stm32f103xb.o(RESET) refers to stm32f1xx_it.o(i.HardFault_Handler) for HardFault_Handler
    startup_stm32f103xb.o(RESET) refers to stm32f1xx_it.o(i.MemManage_Handler) for MemManage_Handler
    startup_stm32f103xb.o(RESET) refers to stm32f1xx_it.o(i.BusFault_Handler) for BusFault_Handler
    startup_stm32f103xb.o(RESET) refers to stm32f1xx_it.o(i.UsageFault_Handler) for UsageFault_Handler
    startup_stm32f103xb.o(RESET) refers to stm32f1xx_it.o(i.SVC_Handler) for SVC_Handler
    startup_stm32f103xb.o(RESET) refers to stm32f1xx_it.o(i.DebugMon_Handler) for DebugMon_Handler
    startup_stm32f103xb.o(RESET) refers to stm32f1xx_it.o(i.PendSV_Handler) for PendSV_Handler
    startup_stm32f103xb.o(RESET) refers to stm32f1xx_it.o(i.SysTick_Handler) for SysTick_Handler
    startup_stm32f103xb.o(RESET) refers to stm32f1xx_it.o(i.USART1_IRQHandler) for USART1_IRQHandler
    startup_stm32f103xb.o(.text) refers to system_stm32f1xx.o(i.SystemInit) for SystemInit
    startup_stm32f103xb.o(.text) refers to entry.o(.ARM.Collect$$$$00000000) for __main
    main.o(i.SystemClock_Config) refers to memseta.o(.text) for __aeabi_memclr4
    main.o(i.SystemClock_Config) refers to stm32f1xx_hal_rcc.o(i.HAL_RCC_OscConfig) for HAL_RCC_OscConfig
    main.o(i.SystemClock_Config) refers to main.o(i.Error_Handler) for Error_Handler
    main.o(i.SystemClock_Config) refers to stm32f1xx_hal_rcc.o(i.HAL_RCC_ClockConfig) for HAL_RCC_ClockConfig
    main.o(i.main) refers to stm32f1xx_hal.o(i.HAL_Init) for HAL_Init
    main.o(i.main) refers to main.o(i.SystemClock_Config) for SystemClock_Config
    main.o(i.main) refers to gpio.o(i.MX_GPIO_Init) for MX_GPIO_Init
    main.o(i.main) refers to can.o(i.MX_CAN_Init) for MX_CAN_Init
    main.o(i.main) refers to usart.o(i.MX_USART1_UART_Init) for MX_USART1_UART_Init
    main.o(i.main) refers to crc.o(i.MX_CRC_Init) for MX_CRC_Init
    main.o(i.main) refers to spi.o(i.MX_SPI1_Init) for MX_SPI1_Init
    main.o(i.main) refers to app_update.o(i.App_update_init) for App_update_init
    main.o(i.main) refers to app_update.o(i.App_update_work) for App_update_work
    gpio.o(i.MX_GPIO_Init) refers to stm32f1xx_hal_gpio.o(i.HAL_GPIO_WritePin) for HAL_GPIO_WritePin
    gpio.o(i.MX_GPIO_Init) refers to stm32f1xx_hal_gpio.o(i.HAL_GPIO_Init) for HAL_GPIO_Init
    can.o(i.HAL_CAN_MspDeInit) refers to stm32f1xx_hal_gpio.o(i.HAL_GPIO_DeInit) for HAL_GPIO_DeInit
    can.o(i.HAL_CAN_MspInit) refers to stm32f1xx_hal_gpio.o(i.HAL_GPIO_Init) for HAL_GPIO_Init
    can.o(i.MX_CAN_Init) refers to stm32f1xx_hal_can.o(i.HAL_CAN_Init) for HAL_CAN_Init
    can.o(i.MX_CAN_Init) refers to main.o(i.Error_Handler) for Error_Handler
    can.o(i.MX_CAN_Init) refers to can.o(.bss) for hcan
    crc.o(i.MX_CRC_Init) refers to stm32f1xx_hal_crc.o(i.HAL_CRC_Init) for HAL_CRC_Init
    crc.o(i.MX_CRC_Init) refers to main.o(i.Error_Handler) for Error_Handler
    crc.o(i.MX_CRC_Init) refers to crc.o(.data) for hcrc
    spi.o(i.HAL_SPI_MspDeInit) refers to stm32f1xx_hal_gpio.o(i.HAL_GPIO_DeInit) for HAL_GPIO_DeInit
    spi.o(i.HAL_SPI_MspInit) refers to stm32f1xx_hal_gpio.o(i.HAL_GPIO_Init) for HAL_GPIO_Init
    spi.o(i.MX_SPI1_Init) refers to stm32f1xx_hal_spi.o(i.HAL_SPI_Init) for HAL_SPI_Init
    spi.o(i.MX_SPI1_Init) refers to main.o(i.Error_Handler) for Error_Handler
    spi.o(i.MX_SPI1_Init) refers to spi.o(.bss) for hspi1
    usart.o(i.HAL_UART_MspDeInit) refers to stm32f1xx_hal_gpio.o(i.HAL_GPIO_DeInit) for HAL_GPIO_DeInit
    usart.o(i.HAL_UART_MspDeInit) refers to stm32f1xx_hal_cortex.o(i.HAL_NVIC_DisableIRQ) for HAL_NVIC_DisableIRQ
    usart.o(i.HAL_UART_MspInit) refers to stm32f1xx_hal_gpio.o(i.HAL_GPIO_Init) for HAL_GPIO_Init
    usart.o(i.HAL_UART_MspInit) refers to stm32f1xx_hal_cortex.o(i.HAL_NVIC_SetPriority) for HAL_NVIC_SetPriority
    usart.o(i.HAL_UART_MspInit) refers to stm32f1xx_hal_cortex.o(i.HAL_NVIC_EnableIRQ) for HAL_NVIC_EnableIRQ
    usart.o(i.MX_USART1_UART_Init) refers to stm32f1xx_hal_uart.o(i.HAL_UART_Init) for HAL_UART_Init
    usart.o(i.MX_USART1_UART_Init) refers to main.o(i.Error_Handler) for Error_Handler
    usart.o(i.MX_USART1_UART_Init) refers to usart.o(.bss) for huart1
    usart.o(i.fputc) refers to stm32f1xx_hal_uart.o(i.HAL_UART_Transmit) for HAL_UART_Transmit
    usart.o(i.fputc) refers to usart.o(.bss) for huart1
    stm32f1xx_it.o(i.SysTick_Handler) refers to stm32f1xx_hal.o(i.HAL_IncTick) for HAL_IncTick
    stm32f1xx_it.o(i.USART1_IRQHandler) refers to stm32f1xx_hal_uart.o(i.HAL_UART_IRQHandler) for HAL_UART_IRQHandler
[...]
    .text                                    0x0800018c   Section        0  strstr.o(.text)
    .text                                    0x080001b0   Section        0  fmul.o(.text)
    .text                                    0x08000214   Section        0  fdiv.o(.text)
    .text                                    0x08000290   Section        0  dmul.o(.text)
    .text                                    0x08000374   Section        0  ddiv.o(.text)
    .text                                    0x08000452   Section        0  ffltui.o(.text)
    .text                                    0x0800045c   Section        0  dfltui.o(.text)
    .text                                    0x08000476   Section        0  ffixui.o(.text)
    .text                                    0x0800049e   Section        0  dfixui.o(.text)
    .text                                    0x080004d0   Section        0  uidiv.o(.text)
    .text                                    0x080004fc   Section        0  uldiv.o(.text)
    .text                                    0x0800055e   Section        0  iusefp.o(.text)
    .text                                    0x0800055e   Section        0  fepilogue.o(.text)
    .text                                    0x080005cc   Section        0  fadd.o(.text)
    .text                                    0x0800067c   Section        0  fscalb.o(.text)
    .text                                    0x08000694   Section        0  depilogue.o(.text)
    .text                                    0x0800074e   Section        0  dadd.o(.text)
    .text                                    0x0800089c   Section        0  fflti.o(.text)
    .text                                    0x080008ae   Section        0  dfixul.o(.text)
    .text                                    0x080008de   Section        0  ffixir.o(.text)
    .text                                    0x0800092c   Section       48  cdrcmple.o(.text)
    .text                                    0x0800095c   Section        0  fpstat.o(.text)
    .text                                    0x08000960   Section       36  init.o(.text)
    .text                                    0x08000984   Section        0  llshl.o(.text)
    .text                                    0x080009a2   Section        0  llsshr.o(.text)
    i.App_crc_cal                            0x080009c8   Section        0  app_update.o(i.App_crc_cal)
    App_crc_cal                              0x080009c9   Thumb Code    54  app_update.o(i.App_crc_cal)
    i.App_update_init                        0x08000a04   Section        0  app_update.o(i.App_update_init)
    i.App_update_send_app                    0x08000a60   Section        0  app_update.o(i.App_update_send_app)
    i.App_update_wait_cmd                    0x08000b40   Section        0  app_update.o(i.App_update_wait_cmd)
    i.App_update_work                        0x08000ba4   Section        0  app_update.o(i.App_update_work)
    i.BusFault_Handler                       0x08000bc8   Section        0  stm32f1xx_it.o(i.BusFault_Handler)
    i.DebugMon_Handler                       0x08000bcc   Section        0  stm32f1xx_it.o(i.DebugMon_Handler)
    i.Error_Handler                          0x08000bce   Section        0  main.o(i.Error_Handler)
    i.FLASH_MassErase                        0x08000bd4   Section        0  stm32f1xx_hal_flash_ex.o(i.FLASH_MassErase)
    FLASH_MassErase                          0x08000bd5   Thumb Code    30  stm32f1xx_hal_flash_ex.o(i.FLASH_MassErase)
    i.FLASH_PageErase                        0x08000bfc   Section        0  stm32f1xx_hal_flash_ex.o(i.FLASH_PageErase)
    i.FLASH_Program_HalfWord                 0x08000c24   Section        0  stm32f1xx_hal_flash.o(i.FLASH_Program_HalfWord)
    FLASH_Program_HalfWord                   0x08000c25   Thumb Code    22  stm32f1xx_hal_flash.o(i.FLASH_Program_HalfWord)
    i.FLASH_SetErrorCode                     0x08000c44   Section        0  stm32f1xx_hal_flash.o(i.FLASH_SetErrorCode)
    FLASH_SetErrorCode                       0x08000c45   Thumb Code   124  stm32f1xx_hal_flash.o(i.FLASH_SetErrorCode)
    i.FLASH_WaitForLastOperation             0x08000cc8   Section        0  stm32f1xx_hal_flash.o(i.FLASH_WaitForLastOperation)
    i.HAL_CAN_Init                           0x08000d38   Section        0  stm32f1xx_hal_can.o(i.HAL_CAN_Init)
    i.HAL_CAN_MspInit                        0x08000eac   Section        0  can.o(i.HAL_CAN_MspInit)
    i.HAL_CRC_Calculate                      0x08000f4c   Section        0  stm32f1xx_hal_crc.o(i.HAL_CRC_Calculate)
    i.HAL_CRC_Init                           0x08000f80   Section        0  stm32f1xx_hal_crc.o(i.HAL_CRC_Init)
    i.HAL_CRC_MspInit                        0x08000fa0   Section        0  crc.o(i.HAL_CRC_MspInit)
    i.HAL_DMA_Abort                          0x08000fd0   Section        0  stm32f1xx_hal_dma.o(i.HAL_DMA_Abort)
    i.HAL_DMA_Abort_IT                       0x08001028   Section        0  stm32f1xx_hal_dma.o(i.HAL_DMA_Abort_IT)
    i.HAL_Delay                              0x080010d8   Section        0  stm32f1xx_hal.o(i.HAL_Delay)
    i.HAL_FLASHEx_Erase                      0x08001100   Section        0  stm32f1xx_hal_flash_ex.o(i.HAL_FLASHEx_Erase)
    i.HAL_FLASH_Lock                         0x080011b0   Section        0  stm32f1xx_hal_flash.o(i.HAL_FLASH_Lock)
    i.HAL_FLASH_Program                      0x080011c4   Section        0  stm32f1xx_hal_flash.o(i.HAL_FLASH_Program)
    i.HAL_FLASH_Unlock                       0x08001274   Section        0  stm32f1xx_hal_flash.o(i.HAL_FLASH_Unlock)
    i.HAL_GPIO_Init                          0x080012a4   Section        0  stm32f1xx_hal_gpio.o(i.HAL_GPIO_Init)
    i.HAL_GPIO_ReadPin                       0x080015c4   Section        0  stm32f1xx_hal_gpio.o(i.HAL_GPIO_ReadPin)
    i.HAL_GPIO_WritePin                      0x080015d4   Section        0  stm32f1xx_hal_gpio.o(i.HAL_GPIO_WritePin)
    i.HAL_GetTick                            0x080015e0   Section        0  stm32f1xx_hal.o(i.HAL_GetTick)
    i.HAL_IncTick                            0x080015ec   Section        0  stm32f1xx_hal.o(i.HAL_IncTick)
    i.HAL_Init                               0x08001604   Section        0  stm32f1xx_hal.o(i.HAL_Init)
    i.HAL_InitTick                           0x0800162c   Section        0  stm32f1xx_hal.o(i.HAL_InitTick)
    i.HAL_MspInit                            0x08001678   Section        0  stm32f1xx_hal_msp.o(i.HAL_MspInit)
    i.HAL_NVIC_EnableIRQ                     0x080016cc   Section        0  stm32f1xx_hal_cortex.o(i.HAL_NVIC_EnableIRQ)
    i.HAL_NVIC_SetPriority                   0x080016ec   Section        0  stm32f1xx_hal_cortex.o(i.HAL_NVIC_SetPriority)
    i.HAL_NVIC_SetPriorityGrouping           0x08001768   Section        0  stm32f1xx_hal_cortex.o(i.HAL_NVIC_SetPriorityGrouping)
    i.HAL_RCC_ClockConfig                    0x08001790   Section        0  stm32f1xx_hal_rcc.o(i.HAL_RCC_ClockConfig)
    i.HAL_RCC_GetHCLKFreq                    0x0800191c   Section        0  stm32f1xx_hal_rcc.o(i.HAL_RCC_GetHCLKFreq)
    i.HAL_RCC_GetPCLK1Freq                   0x08001928   Section        0  stm32f1xx_hal_rcc.o(i.HAL_RCC_GetPCLK1Freq)
    i.HAL_RCC_GetPCLK2Freq                   0x08001948   Section        0  stm32f1xx_hal_rcc.o(i.HAL_RCC_GetPCLK2Freq)
    i.HAL_RCC_GetSysClockFreq                0x08001968   Section        0  stm32f1xx_hal_rcc.o(i.HAL_RCC_GetSysClockFreq)
    i.HAL_RCC_OscConfig                      0x080019d8   Section        0  stm32f1xx_hal_rcc.o(i.HAL_RCC_OscConfig)
    i.HAL_SPI_Init                           0x08001e3c   Section        0  stm32f1xx_hal_spi.o(i.HAL_SPI_Init)
    i.HAL_SPI_MspInit                        0x08001efc   Section        0  spi.o(i.HAL_SPI_MspInit)
    i.HAL_SPI_Receive                        0x08001f80   Section        0  stm32f1xx_hal_spi.o(i.HAL_SPI_Receive)
    i.HAL_SPI_Transmit                       0x080020fe   Section        0  stm32f1xx_hal_spi.o(i.HAL_SPI_Transmit)
    i.HAL_SPI_TransmitReceive                0x080022ba   Section        0  stm32f1xx_hal_spi.o(i.HAL_SPI_TransmitReceive)
    i.HAL_SYSTICK_Config                     0x080024fa   Section        0  stm32f1xx_hal_cortex.o(i.HAL_SYSTICK_Config)
    i.HAL_UARTEx_ReceiveToIdle_IT            0x0800252e   Section        0  stm32f1xx_hal_uart.o(i.HAL_UARTEx_ReceiveToIdle_IT)
    i.HAL_UARTEx_RxEventCallback             0x080025a0   Section        0  int_bootloader.o(i.HAL_UARTEx_RxEventCallback)
    i.HAL_UART_ErrorCallback                 0x0800263c   Section        0  stm32f1xx_hal_uart.o(i.HAL_UART_ErrorCallback)
    i.HAL_UART_IRQHandler                    0x08002640   Section        0  stm32f1xx_hal_uart.o(i.HAL_UART_IRQHandler)
    i.HAL_UART_Init                          0x08002924   Section        0  stm32f1xx_hal_uart.o(i.HAL_UART_Init)
    i.HAL_UART_MspInit                       0x0800299c   Section        0  usart.o(i.HAL_UART_MspInit)
    i.HAL_UART_RxCpltCallback                0x08002a34   Section        0  stm32f1xx_hal_uart.o(i.HAL_UART_RxCpltCallback)
    i.HAL_UART_Transmit                      0x08002a36   Section        0  stm32f1xx_hal_uart.o(i.HAL_UART_Transmit)
    i.HAL_UART_TxCpltCallback                0x08002ae8   Section        0  stm32f1xx_hal_uart.o(i.HAL_UART_TxCpltCallback)
    i.HardFault_Handler                      0x08002aea   Section        0  stm32f1xx_it.o(i.HardFault_Handler)
    i.Int_flash_erase                        0x08002af0   Section        0  int_bootloader.o(i.Int_flash_erase)
    Int_flash_erase                          0x08002af1   Thumb Code    98  int_bootloader.o(i.Int_flash_erase)
    i.Int_flash_write_halfword               0x08002b60   Section        0  int_bootloader.o(i.Int_flash_write_halfword)
    Int_flash_write_halfword                 0x08002b61   Thumb Code   160  int_bootloader.o(i.Int_flash_write_halfword)
    i.Int_flash_write_no_last                0x08002c14   Section        0  int_bootloader.o(i.Int_flash_write_no_last)
    Int_flash_write_no_last                  0x08002c15   Thumb Code    66  int_bootloader.o(i.Int_flash_write_no_last)
    i.Int_flash_write_with_last              0x08002c68   Section        0  int_bootloader.o(i.Int_flash_write_with_last)
    Int_flash_write_with_last                0x08002c69   Thumb Code    70  int_bootloader.o(i.Int_flash_write_with_last)
    i.MX_CAN_Init                            0x08002cc4   Section        0  can.o(i.MX_CAN_Init)
    i.MX_CRC_Init                            0x08002d08   Section        0  crc.o(i.MX_CRC_Init)
    i.MX_GPIO_Init                           0x08002d28   Section        0  gpio.o(i.MX_GPIO_Init)
    i.MX_SPI1_Init                           0x08002e04   Section        0  spi.o(i.MX_SPI1_Init)
    i.MX_USART1_UART_Init                    0x08002e48   Section        0  usart.o(i.MX_USART1_UART_Init)
    i.MemManage_Handler                      0x08002e80   Section        0  stm32f1xx_it.o(i.MemManage_Handler)
    i.NMI_Handler                            0x08002e84   Section        0  stm32f1xx_it.o(i.NMI_Handler)
    i.PendSV_Handler                         0x08002e88   Section        0  stm32f1xx_it.o(i.PendSV_Handler)
    i.RCC_Delay                              0x08002e8c   Section        0  stm32f1xx_hal_rcc.o(i.RCC_Delay)
    RCC_Delay                                0x08002e8d   Thumb Code    36  stm32f1xx_hal_rcc.o(i.RCC_Delay)
    i.SPI_EndRxTransaction                   0x08002eb4   Section        0  stm32f1xx_hal_spi.o(i.SPI_EndRxTransaction)
    SPI_EndRxTransaction                     0x08002eb5   Thumb Code   120  stm32f1xx_hal_spi.o(i.SPI_EndRxTransaction)
    i.SPI_EndRxTxTransaction                 0x08002f2c   Section        0  stm32f1xx_hal_spi.o(i.SPI_EndRxTxTransaction)
    SPI_EndRxTxTransaction                   0x08002f2d   Thumb Code    40  stm32f1xx_hal_spi.o(i.SPI_EndRxTxTransaction)
    i.SPI_WaitFlagStateUntilTimeout          0x08002f54   Section        0  stm32f1xx_hal_spi.o(i.SPI_WaitFlagStateUntilTimeout)
    SPI_WaitFlagStateUntilTimeout            0x08002f55   Thumb Code   210  stm32f1xx_hal_spi.o(i.SPI_WaitFlagStateUntilTimeout)
    i.SVC_Handler                            0x0800302c   Section        0  stm32f1xx_it.o(i.SVC_Handler)
    i.SysTick_Handler                        0x0800302e   Section        0  stm32f1xx_it.o(i.SysTick_Handler)
    i.SystemClock_Config                     0x08003036   Section        0  main.o(i.SystemClock_Config)
    i.SystemInit                             0x0800309c   Section        0  system_stm32f1xx.o(i.SystemInit)
    i.UART_DMAAbortOnError                   0x0800309e   Section        0  stm32f1xx_hal_uart.o(i.UART_DMAAbortOnError)
    UART_DMAAbortOnError                     0x0800309f   Thumb Code    20  stm32f1xx_hal_uart.o(i.UART_DMAAbortOnError)
    i.UART_EndRxTransfer                     0x080030b2   Section        0  stm32f1xx_hal_uart.o(i.UART_EndRxTransfer)
    UART_EndRxTransfer                       0x080030b3   Thumb Code   108  stm32f1xx_hal_uart.o(i.UART_EndRxTransfer)
    i.UART_EndTransmit_IT                    0x0800311e   Section        0  stm32f1xx_hal_uart.o(i.UART_EndTransmit_IT)
    UART_EndTransmit_IT                      0x0800311f   Thumb Code    32  stm32f1xx_hal_uart.o(i.UART_EndTransmit_IT)
    i.UART_Receive_IT                        0x0800313e   Section        0  stm32f1xx_hal_uart.o(i.UART_Receive_IT)
    UART_Receive_IT                          0x0800313f   Thumb Code   252  stm32f1xx_hal_uart.o(i.UART_Receive_IT)
    i.UART_SetConfig                         0x0800323c   Section        0  stm32f1xx_hal_uart.o(i.UART_SetConfig)
    UART_SetConfig                           0x0800323d   Thumb Code   248  stm32f1xx_hal_uart.o(i.UART_SetConfig)
    i.UART_Start_Receive_IT                  0x08003338   Section        0  stm32f1xx_hal_uart.o(i.UART_Start_Receive_IT)
    i.UART_Transmit_IT                       0x08003378   Section        0  stm32f1xx_hal_uart.o(i.UART_Transmit_IT)
    UART_Transmit_IT                         0x08003379   Thumb Code    96  stm32f1xx_hal_uart.o(i.UART_Transmit_IT)
    i.UART_WaitOnFlagUntilTimeout            0x080033d8   Section        0  stm32f1xx_hal_uart.o(i.UART_WaitOnFlagUntilTimeout)
    UART_WaitOnFlagUntilTimeout              0x080033d9   Thumb Code   146  stm32f1xx_hal_uart.o(i.UART_WaitOnFlagUntilTimeout)
    i.USART1_IRQHandler                      0x0800346c   Section        0  stm32f1xx_it.o(i.USART1_IRQHandler)
    i.UsageFault_Handler                     0x0800347c   Section        0  stm32f1xx_it.o(i.UsageFault_Handler)
    i.__0printf                              0x08003480   Section        0  printfa.o(i.__0printf)
    i.__0vprintf                             0x080034a0   Section        0  printfa.o(i.__0vprintf)
    i.__ARM_fpclassifyf                      0x080034b0   Section        0  fpclassifyf.o(i.__ARM_fpclassifyf)
    i.__NVIC_GetPriorityGrouping             0x080034d8   Section        0  stm32f1xx_hal_cortex.o(i.__NVIC_GetPriorityGrouping)
    __NVIC_GetPriorityGrouping               0x080034d9   Thumb Code    10  stm32f1xx_hal_cortex.o(i.__NVIC_GetPriorityGrouping)
    i.__NVIC_SetPriority                     0x080034e8   Section        0  stm32f1xx_hal_cortex.o(i.__NVIC_SetPriority)
    __NVIC_SetPriority                       0x080034e9   Thumb Code    32  stm32f1xx_hal_cortex.o(i.__NVIC_SetPriority)
    i.__mathlib_flt_divzero                  0x08003510   Section        0  funder.o(i.__mathlib_flt_divzero)
    i.__mathlib_flt_infnan2                  0x0800351a   Section        0  funder.o(i.__mathlib_flt_infnan2)
    i.__mathlib_flt_invalid                  0x0800351e   Section        0  funder.o(i.__mathlib_flt_invalid)
    i.__mathlib_flt_overflow                 0x08003526   Section        0  funder.o(i.__mathlib_flt_overflow)
    i.__mathlib_flt_underflow                0x08003530   Section        0  funder.o(i.__mathlib_flt_underflow)
    i.__scatterload_copy                     0x0800353a   Section       14  handlers.o(i.__scatterload_copy)
    i.__scatterload_null                     0x08003548   Section        2  handlers.o(i.__scatterload_null)
    i.__scatterload_zeroinit                 0x0800354a   Section       14  handlers.o(i.__scatterload_zeroinit)
    i.__set_errno                            0x08003558   Section        0  errno.o(i.__set_errno)
    i._fp_digits                             0x08003564   Section        0  printfa.o(i._fp_digits)
    _fp_digits                               0x08003565   Thumb Code   366  printfa.o(i._fp_digits)
    i._printf_core                           0x080036e8   Section        0  printfa.o(i._printf_core)
    _printf_core                             0x080036e9   Thumb Code  1744  printfa.o(i._printf_core)
    i._printf_post_padding                   0x08003dc4   Section        0  printfa.o(i._printf_post_padding)
    _printf_post_padding                     0x08003dc5   Thumb Code    36  printfa.o(i._printf_post_padding)
    i._printf_pre_padding                    0x08003de8   Section        0  printfa.o(i._printf_pre_padding)
    _printf_pre_padding                      0x08003de9   Thumb Code    46  printfa.o(i._printf_pre_padding)
    i.a_llcc68_check_busy                    0x08003e16   Section        0  driver_llcc68.o(i.a_llcc68_check_busy)
    a_llcc68_check_busy                      0x08003e17   Thumb Code    64  driver_llcc68.o(i.a_llcc68_check_busy)
    i.a_llcc68_spi_read                      0x08003e56   Section        0  driver_llcc68.o(i.a_llcc68_spi_read)
    a_llcc68_spi_read                        0x08003e57   Thumb Code    36  driver_llcc68.o(i.a_llcc68_spi_read)
    i.a_llcc68_spi_read_buffer               0x08003e7c   Section        0  driver_llcc68.o(i.a_llcc68_spi_read_buffer)
    a_llcc68_spi_read_buffer                 0x08003e7d   Thumb Code    86  driver_llcc68.o(i.a_llcc68_spi_read_buffer)
    i.a_llcc68_spi_read_register             0x08003ef0   Section        0  driver_llcc68.o(i.a_llcc68_spi_read_register)
    a_llcc68_spi_read_register               0x08003ef1   Thumb Code    94  driver_llcc68.o(i.a_llcc68_spi_read_register)
    i.a_llcc68_spi_write                     0x08003f6c   Section        0  driver_llcc68.o(i.a_llcc68_spi_write)
    a_llcc68_spi_write                       0x08003f6d   Thumb Code    84  driver_llcc68.o(i.a_llcc68_spi_write)
    i.a_llcc68_spi_write_buffer              0x08003fdc   Section        0  driver_llcc68.o(i.a_llcc68_spi_write_buffer)
    a_llcc68_spi_write_buffer                0x08003fdd   Thumb Code    90  driver_llcc68.o(i.a_llcc68_spi_write_buffer)
    i.a_llcc68_spi_write_register            0x08004054   Section        0  driver_llcc68.o(i.a_llcc68_spi_write_register)
    a_llcc68_spi_write_register              0x08004055   Thumb Code    96  driver_llcc68.o(i.a_llcc68_spi_write_register)
    i.fputc                                  0x080040d0   Section        0  usart.o(i.fputc)
    i.llcc68_clear_device_errors             0x080040ec   Section        0  driver_llcc68.o(i.llcc68_clear_device_errors)
    i.llcc68_clear_irq_status                0x08004180   Section        0  driver_llcc68.o(i.llcc68_clear_irq_status)
    i.llcc68_continuous_receive              0x08004214   Section        0  driver_llcc68.o(i.llcc68_continuous_receive)
    i.llcc68_deinit                          0x080042fc   Section        0  driver_llcc68.o(i.llcc68_deinit)
    i.llcc68_frequency_convert_to_register   0x08004418   Section        0  driver_llcc68.o(i.llcc68_frequency_convert_to_register)
    i.llcc68_get_iq_polarity                 0x08004484   Section        0  driver_llcc68.o(i.llcc68_get_iq_polarity)
    i.llcc68_get_tx_clamp_config             0x08004508   Section        0  driver_llcc68.o(i.llcc68_get_tx_clamp_config)
    i.llcc68_get_tx_modulation               0x0800458c   Section        0  driver_llcc68.o(i.llcc68_get_tx_modulation)
    i.llcc68_init                            0x08004610   Section        0  driver_llcc68.o(i.llcc68_init)
    i.llcc68_interface_busy_gpio_deinit      0x08004a08   Section        0  driver_llcc68_interface.o(i.llcc68_interface_busy_gpio_deinit)
    i.llcc68_interface_busy_gpio_init        0x08004a0c   Section        0  driver_llcc68_interface.o(i.llcc68_interface_busy_gpio_init)
    i.llcc68_interface_busy_gpio_read        0x08004a10   Section        0  driver_llcc68_interface.o(i.llcc68_interface_busy_gpio_read)
    i.llcc68_interface_debug_print           0x08004a28   Section        0  driver_llcc68_interface.o(i.llcc68_interface_debug_print)
    i.llcc68_interface_delay_ms              0x08004a42   Section        0  driver_llcc68_interface.o(i.llcc68_interface_delay_ms)
    i.llcc68_interface_receive_callback      0x08004a50   Section        0  driver_llcc68_interface.o(i.llcc68_interface_receive_callback)
    i.llcc68_interface_reset_gpio_deinit     0x08004c18   Section        0  driver_llcc68_interface.o(i.llcc68_interface_reset_gpio_deinit)
    i.llcc68_interface_reset_gpio_init       0x08004c1c   Section        0  driver_llcc68_interface.o(i.llcc68_interface_reset_gpio_init)
    i.llcc68_interface_reset_gpio_write      0x08004c20   Section        0  driver_llcc68_interface.o(i.llcc68_interface_reset_gpio_write)
    i.llcc68_interface_spi_deinit            0x08004c44   Section        0  driver_llcc68_interface.o(i.llcc68_interface_spi_deinit)
    i.llcc68_interface_spi_init              0x08004c48   Section        0  driver_llcc68_interface.o(i.llcc68_interface_spi_init)
    i.llcc68_interface_spi_write_read        0x08004c4c   Section        0  driver_llcc68_interface.o(i.llcc68_interface_spi_write_read)
    i.llcc68_irq_handler                     0x08004ccc   Section        0  driver_llcc68.o(i.llcc68_irq_handler)
    i.llcc68_lora_init                       0x08004fb0   Section        0  int_llcc68.o(i.llcc68_lora_init)
    i.llcc68_lora_receive                    0x080055e0   Section        0  int_llcc68.o(i.llcc68_lora_receive)
    i.llcc68_lora_send                       0x08005600   Section        0  int_llcc68.o(i.llcc68_lora_send)
    i.llcc68_lora_set_continuous_receive_mode 0x08005638   Section        0  int_llcc68.o(i.llcc68_lora_set_continuous_receive_mode)
    i.llcc68_lora_set_send_mode              0x080056b8   Section        0  int_llcc68.o(i.llcc68_lora_set_send_mode)
    i.llcc68_lora_transmit                   0x080056ec   Section        0  driver_llcc68.o(i.llcc68_lora_transmit)
    i.llcc68_reset_stats                     0x08005ac0   Section        0  driver_llcc68.o(i.llcc68_reset_stats)
    i.llcc68_set_buffer_base_address         0x08005b74   Section        0  driver_llcc68.o(i.llcc68_set_buffer_base_address)
    i.llcc68_set_dio_irq_params              0x08005c0c   Section        0  driver_llcc68.o(i.llcc68_set_dio_irq_params)
    i.llcc68_set_iq_polarity                 0x08005cd8   Section        0  driver_llcc68.o(i.llcc68_set_iq_polarity)
    i.llcc68_set_lora_modulation_params      0x08005d5c   Section        0  driver_llcc68.o(i.llcc68_set_lora_modulation_params)
    i.llcc68_set_lora_packet_params          0x08005e08   Section        0  driver_llcc68.o(i.llcc68_set_lora_packet_params)
    i.llcc68_set_lora_symb_num_timeout       0x08005ec0   Section        0  driver_llcc68.o(i.llcc68_set_lora_symb_num_timeout)
    i.llcc68_set_lora_sync_word              0x08005f50   Section        0  driver_llcc68.o(i.llcc68_set_lora_sync_word)
    i.llcc68_set_ocp                         0x08005fe0   Section        0  driver_llcc68.o(i.llcc68_set_ocp)
    i.llcc68_set_pa_config                   0x08006064   Section        0  driver_llcc68.o(i.llcc68_set_pa_config)
    i.llcc68_set_packet_type                 0x080060fc   Section        0  driver_llcc68.o(i.llcc68_set_packet_type)
    i.llcc68_set_regulator_mode              0x08006184   Section        0  driver_llcc68.o(i.llcc68_set_regulator_mode)
    i.llcc68_set_rf_frequency                0x0800620c   Section        0  driver_llcc68.o(i.llcc68_set_rf_frequency)
    i.llcc68_set_rx_gain                     0x080062ac   Section        0  driver_llcc68.o(i.llcc68_set_rx_gain)
    i.llcc68_set_rx_tx_fallback_mode         0x08006330   Section        0  driver_llcc68.o(i.llcc68_set_rx_tx_fallback_mode)
    i.llcc68_set_standby                     0x080063c0   Section        0  driver_llcc68.o(i.llcc68_set_standby)
    i.llcc68_set_stop_timer_on_preamble      0x08006444   Section        0  driver_llcc68.o(i.llcc68_set_stop_timer_on_preamble)
    i.llcc68_set_tx_clamp_config             0x080064d4   Section        0  driver_llcc68.o(i.llcc68_set_tx_clamp_config)
    i.llcc68_set_tx_modulation               0x08006558   Section        0  driver_llcc68.o(i.llcc68_set_tx_modulation)
    i.llcc68_set_tx_params                   0x080065dc   Section        0  driver_llcc68.o(i.llcc68_set_tx_params)
    i.main                                   0x0800666c   Section        0  main.o(i.main)
    i.powf                                   0x08006694   Section        0  powf.o(i.powf)
    .constdata                               0x08006cb4   Section       18  stm32f1xx_hal_rcc.o(.constdata)
    aPLLMULFactorTable                       0x08006cb4   Data          16  stm32f1xx_hal_rcc.o(.constdata)
    aPredivFactorTable                       0x08006cc4   Data           2  stm32f1xx_hal_rcc.o(.constdata)
    .constdata                               0x08006cc6   Section       24  system_stm32f1xx.o(.constdata)
    .constdata                               0x08006ce0   Section      320  powf.o(.constdata)
    table                                    0x08006ce0   Data         128  powf.o(.constdata)
    powersof2to1over16top                    0x08006d60   Data          64  powf.o(.constdata)
    powersof2to1over16bot                    0x08006da0   Data          64  powf.o(.constdata)
    powersof2to1over16all                    0x08006de0   Data          64  powf.o(.constdata)
    .data                                    0x20000000   Section        8  crc.o(.data)
    .data                                    0x20000008   Section        9  stm32f1xx_hal.o(.data)
    .data                                    0x20000014   Section        4  system_stm32f1xx.o(.data)
    .data                                    0x20000018   Section       14  int_bootloader.o(.data)
    .data                                    0x20000026   Section        4  app_update.o(.data)
    .data                                    0x2000002c   Section        4  stdout.o(.data)
    .data                                    0x20000030   Section        4  errno.o(.data)
    _errno                                   0x20000030   Data           4  errno.o(.data)
    .bss                                     0x20000034   Section       40  can.o(.bss)
    .bss                                     0x2000005c   Section       88  spi.o(.bss)
    .bss                                     0x200000b4   Section       72  usart.o(.bss)
    .bss                                     0x20000100   Section       32  stm32f1xx_hal_flash.o(.bss)
    .bss                                     0x20000120   Section      512  int_bootloader.o(.bss)
    .bss                                     0x20000320   Section      256  app_update.o(.bss)
    .bss                                     0x20000420   Section      696  int_llcc68.o(.bss)
    STACK                                    0x200006d8   Section     1024  startup_stm32f103xb.o(STACK)

    Global Symbols

    Symbol Name                              Value     Ov Type        Size  Object(Section)

    BuildAttributes$$THM_ISAv4$P$D$K$B$S$PE$A:L22UL41UL21$X:L11$S22US41US21$IEEE1$IW$USESV6$~STKCKD$USESV7$~SHL$OTIME$ROPI$IEEEX$EBA8$MICROLIB$REQ8$PRES8$EABIv2 0x00000000   Number         0  anon$$obj.o ABSOLUTE
    __ARM_use_no_argv                        0x00000000   Number         0  main.o ABSOLUTE
    _printf_a                                0x00000000   Number         0  stubs.o ABSOLUTE
    _printf_c                                0x00000000   Number         0  stubs.o ABSOLUTE
    _printf_charcount                        0x00000000   Number         0  stubs.o ABSOLUTE
    _printf_d                                0x00000000   Number         0  stubs.o ABSOLUTE
    _printf_e                                0x00000000   Number         0  stubs.o ABSOLUTE
    _printf_f                                0x00000000   Number         0  stubs.o ABSOLUTE
    _printf_flags                            0x00000000   Number         0  stubs.o ABSOLUTE
    _printf_fp_dec                           0x00000000   Number         0  stubs.o ABSOLUTE
    _printf_fp_hex                           0x00000000   Number         0  stubs.o ABSOLUTE
    _printf_g                                0x00000000   Number         0  stubs.o ABSOLUTE
    _printf_i                                0x00000000   Number         0  stubs.o ABSOLUTE
    _printf_int_dec                          0x00000000   Number         0  stubs.o ABSOLUTE
    _printf_l                                0x00000000   Number         0  stubs.o ABSOLUTE
    _printf_lc                               0x00000000   Number         0  stubs.o ABSOLUTE
    _printf_ll                               0x00000000   Number         0  stubs.o ABSOLUTE
    _printf_lld                              0x00000000   Number         0  stubs.o ABSOLUTE
    _printf_lli                              0x00000000   Number         0  stubs.o ABSOLUTE
    _printf_llo                              0x00000000   Number         0  stubs.o ABSOLUTE
    _printf_llu                              0x00000000   Number         0  stubs.o ABSOLUTE
    _printf_llx                              0x00000000   Number         0  stubs.o ABSOLUTE
    _printf_longlong_dec                     0x00000000   Number         0  stubs.o ABSOLUTE
    _printf_longlong_hex                     0x00000000   Number         0  stubs.o ABSOLUTE
    _printf_longlong_oct                     0x00000000   Number         0  stubs.o ABSOLUTE
    _printf_ls                               0x00000000   Number         0  stubs.o ABSOLUTE
    _printf_mbtowc                           0x00000000   Number         0  stubs.o ABSOLUTE
    _printf_n                                0x00000000   Number         0  stubs.o ABSOLUTE
    _printf_o                                0x00000000   Number         0  stubs.o ABSOLUTE
    _printf_p                                0x00000000   Number         0  stubs.o ABSOLUTE
    _printf_percent                          0x00000000   Number         0  stubs.o ABSOLUTE
    _printf_pre_padding                      0x00000000   Number         0  stubs.o ABSOLUTE
    _printf_return_value                     0x00000000   Number         0  stubs.o ABSOLUTE
    _printf_s                                0x00000000   Number         0  stubs.o ABSOLUTE
    _printf_sizespec                         0x00000000   Number         0  stubs.o ABSOLUTE
    _printf_str                              0x00000000   Number         0  stubs.o ABSOLUTE
    _printf_truncate_signed                  0x00000000   Number         0  stubs.o ABSOLUTE
    _printf_truncate_unsigned                0x00000000   Number         0  stubs.o ABSOLUTE
    _printf_u                                0x00000000   Number         0  stubs.o ABSOLUTE
    _printf_wc                               0x00000000   Number         0  stubs.o ABSOLUTE
    _printf_wctomb                           0x00000000   Number         0  stubs.o ABSOLUTE
    _printf_widthprec                        0x00000000   Number         0  stubs.o ABSOLUTE
    _printf_x                                0x00000000   Number         0  stubs.o ABSOLUTE
    __cpp_initialize__aeabi_                  - Undefined Weak Reference
    __cxa_finalize                            - Undefined Weak Reference
    __decompress                              - Undefined Weak Reference
    _clock_init                               - Undefined Weak Reference
    _microlib_exit                            - Undefined Weak Reference
    __Vectors_Size                           0x000000ec   Number         0  startup_stm32f103xb.o ABSOLUTE
    __Vectors                                0x08000000   Data           4  startup_stm32f103xb.o(RESET)
    __Vectors_End                            0x080000ec   Data           0  startup_stm32f103xb.o(RESET)
    __main                                   0x080000ed   Thumb Code     0  entry.o(.ARM.Collect$$$$00000000)
    _main_stk                                0x080000ed   Thumb Code     0  entry2.o(.ARM.Collect$$$$00000001)
    _main_scatterload                        0x080000f1   Thumb Code     0  entry5.o(.ARM.Collect$$$$00000004)
    __main_after_scatterload                 0x080000f5   Thumb Code     0  entry5.o(.ARM.Collect$$$$00000004)
    _main_clock                              0x080000f5   Thumb Code     0  entry7b.o(.ARM.Collect$$$$00000008)
    _main_cpp_init                           0x080000f5   Thumb Code     0  entry8b.o(.ARM.Collect$$$$0000000A)
    _main_init                               0x080000f5   Thumb Code     0  entry9a.o(.ARM.Collect$$$$0000000B)
    __rt_final_cpp                           0x080000fd   Thumb Code     0  entry10a.o(.ARM.Collect$$$$0000000D)
    __rt_final_exit                          0x080000fd   Thumb Code     0  entry11a.o(.ARM.Collect$$$$0000000F)
    Reset_Handler                            0x08000101   Thumb Code     8  startup_stm32f103xb.o(.text)
    ADC1_2_IRQHandler                        0x0800011b   Thumb Code     0  startup_stm32f103xb.o(.text)
    CAN1_RX1_IRQHandler                      0x0800011b   Thumb Code     0  startup_stm32f103xb.o(.text)
    CAN1_SCE_IRQHandler                      0x0800011b   Thumb Code     0  startup_stm32f103xb.o(.text)
    DMA1_Channel1_IRQHandler                 0x0800011b   Thumb Code     0  startup_stm32f103xb.o(.text)
    DMA1_Channel2_IRQHandler                 0x0800011b   Thumb Code     0  startup_stm32f103xb.o(.text)
    DMA1_Channel3_IRQHandler                 0x0800011b   Thumb Code     0  startup_stm32f103xb.o(.text)
    DMA1_Channel4_IRQHandler                 0x0800011b   Thumb Code     0  startup_stm32f103xb.o(.text)
    DMA1_Channel5_IRQHandler                 0x0800011b   Thumb Code     0  startup_stm32f103xb.o(.text)
    DMA1_Channel6_IRQHandler                 0x0800011b   Thumb Code     0  startup_stm32f103xb.o(.text)
    DMA1_Channel7_IRQHandler                 0x0800011b   Thumb Code     0  startup_stm32f103xb.o(.text)
    EXTI0_IRQHandler                         0x0800011b   Thumb Code     0  startup_stm32f103xb.o(.text)
    EXTI15_10_IRQHandler                     0x0800011b   Thumb Code     0  startup_stm32f103xb.o(.text)
    EXTI1_IRQHandler                         0x0800011b   Thumb Code     0  startup_stm32f103xb.o(.text)
    EXTI2_IRQHandler                         0x0800011b   Thumb Code     0  startup_stm32f103xb.o(.text)
    EXTI3_IRQHandler                         0x0800011b   Thumb Code     0  startup_stm32f103xb.o(.text)
    EXTI4_IRQHandler                         0x0800011b   Thumb Code     0  startup_stm32f103xb.o(.text)
    EXTI9_5_IRQHandler                       0x0800011b   Thumb Code     0  startup_stm32f103xb.o(.text)
    FLASH_IRQHandler                         0x0800011b   Thumb Code     0  startup_stm32f103xb.o(.text)
    I2C1_ER_IRQHandler                       0x0800011b   Thumb Code     0  startup_stm32f103xb.o(.text)
    I2C1_EV_IRQHandler                       0x0800011b   Thumb Code     0  startup_stm32f103xb.o(.text)
    I2C2_ER_IRQHandler                       0x0800011b   Thumb Code     0  startup_stm32f103xb.o(.text)
    I2C2_EV_IRQHandler                       0x0800011b   Thumb Code     0  startup_stm32f103xb.o(.text)
    PVD_IRQHandler                           0x0800011b   Thumb Code     0  startup_stm32f103xb.o(.text)
    RCC_IRQHandler                           0x0800011b   Thumb Code     0  startup_stm32f103xb.o(.text)
    RTC_Alarm_IRQHandler                     0x0800011b   Thumb Code     0  startup_stm32f103xb.o(.text)
    RTC_IRQHandler                           0x0800011b   Thumb Code     0  startup_stm32f103xb.o(.text)
    SPI1_IRQHandler                          0x0800011b   Thumb Code     0  startup_stm32f103xb.o(.text)
    SPI2_IRQHandler                          0x0800011b   Thumb Code     0  startup_stm32f103xb.o(.text)
    TAMPER_IRQHandler                        0x0800011b   Thumb Code     0  startup_stm32f103xb.o(.text)
    TIM1_BRK_IRQHandler                      0x0800011b   Thumb Code     0  startup_stm32f103xb.o(.text)
    TIM1_CC_IRQHandler                       0x0800011b   Thumb Code     0  startup_stm32f103xb.o(.text)
    TIM1_TRG_COM_IRQHandler                  0x0800011b   Thumb Code     0  startup_stm32f103xb.o(.text)
    TIM1_UP_IRQHandler                       0x0800011b   Thumb Code     0  startup_stm32f103xb.o(.text)
    TIM2_IRQHandler                          0x0800011b   Thumb Code     0  startup_stm32f103xb.o(.text)
    TIM3_IRQHandler                          0x0800011b   Thumb Code     0  startup_stm32f103xb.o(.text)
    TIM4_IRQHandler                          0x0800011b   Thumb Code     0  startup_stm32f103xb.o(.text)
    USART2_IRQHandler                        0x0800011b   Thumb Code     0  startup_stm32f103xb.o(.text)
    USART3_IRQHandler                        0x0800011b   Thumb Code     0  startup_stm32f103xb.o(.text)
    USBWakeUp_IRQHandler                     0x0800011b   Thumb Code     0  startup_stm32f103xb.o(.text)
    USB_HP_CAN1_TX_IRQHandler                0x0800011b   Thumb Code     0  startup_stm32f103xb.o(.text)
    USB_LP_CAN1_RX0_IRQHandler               0x0800011b   Thumb Code     0  startup_stm32f103xb.o(.text)
    WWDG_IRQHandler                          0x0800011b   Thumb Code     0  startup_stm32f103xb.o(.text)
    __aeabi_llsr                             0x08000125   Thumb Code    32  llushr.o(.text)
    _ll_ushift_r                             0x08000125   Thumb Code     0  llushr.o(.text)
    __aeabi_memcpy                           0x08000145   Thumb Code    36  memcpya.o(.text)
    __aeabi_memcpy4                          0x08000145   Thumb Code     0  memcpya.o(.text)
    __aeabi_memcpy8                          0x08000145   Thumb Code     0  memcpya.o(.text)
    __aeabi_memset                           0x08000169   Thumb Code    14  memseta.o(.text)
    __aeabi_memset4                          0x08000169   Thumb Code     0  memseta.o(.text)
    __aeabi_memset8                          0x08000169   Thumb Code     0  memseta.o(.text)
    __aeabi_memclr                           0x08000177   Thumb Code     4  memseta.o(.text)
    __aeabi_memclr4                          0x08000177   Thumb Code     0  memseta.o(.text)
    __aeabi_memclr8                          0x08000177   Thumb Code     0  memseta.o(.text)
    _memset$wrapper                          0x0800017b   Thumb Code    18  memseta.o(.text)
    strstr                                   0x0800018d   Thumb Code    36  strstr.o(.text)
    __aeabi_fmul                             0x080001b1   Thumb Code   100  fmul.o(.text)
    __aeabi_fdiv                             0x08000215   Thumb Code   124  fdiv.o(.text)
    __aeabi_dmul                             0x08000291   Thumb Code   228  dmul.o(.text)
    __aeabi_ddiv                             0x08000375   Thumb Code   222  ddiv.o(.text)
    __aeabi_ui2f                             0x08000453   Thumb Code    10  ffltui.o(.text)
    __aeabi_ui2d                             0x0800045d   Thumb Code    26  dfltui.o(.text)
    __aeabi_f2uiz                            0x08000477   Thumb Code    40  ffixui.o(.text)
    __aeabi_d2uiz                            0x0800049f   Thumb Code    50  dfixui.o(.text)
    __aeabi_uidiv                            0x080004d1   Thumb Code     0  uidiv.o(.text)
    __aeabi_uidivmod                         0x080004d1   Thumb Code    44  uidiv.o(.text)
    __aeabi_uldivmod                         0x080004fd   Thumb Code    98  uldiv.o(.text)
    __I$use$fp                               0x0800055f   Thumb Code     0  iusefp.o(.text)
    _float_round                             0x0800055f   Thumb Code    18  fepilogue.o(.text)
    _float_epilogue                          0x08000571   Thumb Code    92  fepilogue.o(.text)
    __aeabi_fadd                             0x080005cd   Thumb Code   164  fadd.o(.text)
    __aeabi_fsub                             0x08000671   Thumb Code     6  fadd.o(.text)
    __aeabi_frsub                            0x08000677   Thumb Code     6  fadd.o(.text)
    __ARM_scalbnf                            0x0800067d   Thumb Code    24  fscalb.o(.text)
    scalbnf                                  0x0800067d   Thumb Code     0  fscalb.o(.text)
    _double_round                            0x08000695   Thumb Code    30  depilogue.o(.text)
    _double_epilogue                         0x080006b3   Thumb Code   156  depilogue.o(.text)
    __aeabi_dadd                             0x0800074f   Thumb Code   322  dadd.o(.text)
    __aeabi_dsub                             0x08000891   Thumb Code     6  dadd.o(.text)
    __aeabi_drsub                            0x08000897   Thumb Code     6  dadd.o(.text)
    __aeabi_i2f                              0x0800089d   Thumb Code    18  fflti.o(.text)
    __aeabi_d2ulz                            0x080008af   Thumb Code    48  dfixul.o(.text)
    _ffix_r                                  0x080008df   Thumb Code    76  ffixir.o(.text)
    __aeabi_cdrcmple                         0x0800092d   Thumb Code    48  cdrcmple.o(.text)
    __fp_status                              0x0800095d   Thumb Code     4  fpstat.o(.text)
    __ieee_status                            0x0800095d   Thumb Code     0  fpstat.o(.text)
    __scatterload                            0x08000961   Thumb Code    28  init.o(.text)
    __scatterload_rt2                        0x08000961   Thumb Code     0  init.o(.text)
    __aeabi_llsl                             0x08000985   Thumb Code    30  llshl.o(.text)
    _ll_shift_l                              0x08000985   Thumb Code     0  llshl.o(.text)
    __aeabi_lasr                             0x080009a3   Thumb Code    36  llsshr.o(.text)
    _ll_sshift_r                             0x080009a3   Thumb Code     0  llsshr.o(.text)
    App_update_init                          0x08000a05   Thumb Code    40  app_update.o(i.App_update_init)
    App_update_send_app                      0x08000a61   Thumb Code   172  app_update.o(i.App_update_send_app)
    App_update_wait_cmd                      0x08000b41   Thumb Code    58  app_update.o(i.App_update_wait_cmd)
    App_update_work                          0x08000ba5   Thumb Code    32  app_update.o(i.App_update_work)
    BusFault_Handler                         0x08000bc9   Thumb Code     4  stm32f1xx_it.o(i.BusFault_Handler)
    DebugMon_Handler                         0x08000bcd   Thumb Code     2  stm32f1xx_it.o(i.DebugMon_Handler)
    Error_Handler                            0x08000bcf   Thumb Code     6  main.o(i.Error_Handler)
    FLASH_PageErase                          0x08000bfd   Thumb Code    32  stm32f1xx_hal_flash_ex.o(i.FLASH_PageErase)
    FLASH_WaitForLastOperation               0x08000cc9   Thumb Code   106  stm32f1xx_hal_flash.o(i.FLASH_WaitForLastOperation)
    HAL_CAN_Init                             0x08000d39   Thumb Code   372  stm32f1xx_hal_can.o(i.HAL_CAN_Init)
    HAL_CAN_MspInit                          0x08000ead   Thumb Code   144  can.o(i.HAL_CAN_MspInit)
    HAL_CRC_Calculate                        0x08000f4d   Thumb Code    52  stm32f1xx_hal_crc.o(i.HAL_CRC_Calculate)
    HAL_CRC_Init                             0x08000f81   Thumb Code    32  stm32f1xx_hal_crc.o(i.HAL_CRC_Init)
    HAL_CRC_MspInit                          0x08000fa1   Thumb Code    40  crc.o(i.HAL_CRC_MspInit)
    HAL_DMA_Abort                            0x08000fd1   Thumb Code    86  stm32f1xx_hal_dma.o(i.HAL_DMA_Abort)
    HAL_DMA_Abort_IT                         0x08001029   Thumb Code   172  stm32f1xx_hal_dma.o(i.HAL_DMA_Abort_IT)
    HAL_Delay                                0x080010d9   Thumb Code    36  stm32f1xx_hal.o(i.HAL_Delay)
    HAL_FLASHEx_Erase                        0x08001101   Thumb Code   168  stm32f1xx_hal_flash_ex.o(i.HAL_FLASHEx_Erase)
    HAL_FLASH_Lock                           0x080011b1   Thumb Code    16  stm32f1xx_hal_flash.o(i.HAL_FLASH_Lock)
    HAL_FLASH_Program                        0x080011c5   Thumb Code   168  stm32f1xx_hal_flash.o(i.HAL_FLASH_Program)
    HAL_FLASH_Unlock                         0x08001275   Thumb Code    36  stm32f1xx_hal_flash.o(i.HAL_FLASH_Unlock)
    HAL_GPIO_Init                            0x080012a5   Thumb Code   766  stm32f1xx_hal_gpio.o(i.HAL_GPIO_Init)
    HAL_GPIO_ReadPin                         0x080015c5   Thumb Code    16  stm32f1xx_hal_gpio.o(i.HAL_GPIO_ReadPin)
    HAL_GPIO_WritePin                        0x080015d5   Thumb Code    12  stm32f1xx_hal_gpio.o(i.HAL_GPIO_WritePin)
    HAL_GetTick                              0x080015e1   Thumb Code     6  stm32f1xx_hal.o(i.HAL_GetTick)
    HAL_IncTick                              0x080015ed   Thumb Code    16  stm32f1xx_hal.o(i.HAL_IncTick)
    HAL_Init                                 0x08001605   Thumb Code    34  stm32f1xx_hal.o(i.HAL_Init)
    HAL_InitTick                             0x0800162d   Thumb Code    64  stm32f1xx_hal.o(i.HAL_InitTick)
    HAL_MspInit                              0x08001679   Thumb Code    76  stm32f1xx_hal_msp.o(i.HAL_MspInit)
    HAL_NVIC_EnableIRQ                       0x080016cd   Thumb Code    32  stm32f1xx_hal_cortex.o(i.HAL_NVIC_EnableIRQ)
    HAL_NVIC_SetPriority                     0x080016ed   Thumb Code   124  stm32f1xx_hal_cortex.o(i.HAL_NVIC_SetPriority)
    HAL_NVIC_SetPriorityGrouping             0x08001769   Thumb Code    32  stm32f1xx_hal_cortex.o(i.HAL_NVIC_SetPriorityGrouping)
    HAL_RCC_ClockConfig                      0x08001791   Thumb Code   376  stm32f1xx_hal_rcc.o(i.HAL_RCC_ClockConfig)
    HAL_RCC_GetHCLKFreq                      0x0800191d   Thumb Code     6  stm32f1xx_hal_rcc.o(i.HAL_RCC_GetHCLKFreq)
    HAL_RCC_GetPCLK1Freq                     0x08001929   Thumb Code    22  stm32f1xx_hal_rcc.o(i.HAL_RCC_GetPCLK1Freq)
    HAL_RCC_GetPCLK2Freq                     0x08001949   Thumb Code    22  stm32f1xx_hal_rcc.o(i.HAL_RCC_GetPCLK2Freq)
    HAL_RCC_GetSysClockFreq                  0x08001969   Thumb Code    92  stm32f1xx_hal_rcc.o(i.HAL_RCC_GetSysClockFreq)
    HAL_RCC_OscConfig                        0x080019d9   Thumb Code  1114  stm32f1xx_hal_rcc.o(i.HAL_RCC_OscConfig)
    HAL_SPI_Init                             0x08001e3d   Thumb Code   190  stm32f1xx_hal_spi.o(i.HAL_SPI_Init)
    HAL_SPI_MspInit                          0x08001efd   Thumb Code   120  spi.o(i.HAL_SPI_MspInit)
    HAL_SPI_Receive                          0x08001f81   Thumb Code   382  stm32f1xx_hal_spi.o(i.HAL_SPI_Receive)
    HAL_SPI_Transmit                         0x080020ff   Thumb Code   444  stm32f1xx_hal_spi.o(i.HAL_SPI_Transmit)
    HAL_SPI_TransmitReceive                  0x080022bb   Thumb Code   576  stm32f1xx_hal_spi.o(i.HAL_SPI_TransmitReceive)
    HAL_SYSTICK_Config                       0x080024fb   Thumb Code    52  stm32f1xx_hal_cortex.o(i.HAL_SYSTICK_Config)
    HAL_UARTEx_ReceiveToIdle_IT              0x0800252f   Thumb Code   114  stm32f1xx_hal_uart.o(i.HAL_UARTEx_ReceiveToIdle_IT)
    HAL_UARTEx_RxEventCallback               0x080025a1   Thumb Code   132  int_bootloader.o(i.HAL_UARTEx_RxEventCallback)
    HAL_UART_ErrorCallback                   0x0800263d   Thumb Code     2  stm32f1xx_hal_uart.o(i.HAL_UART_ErrorCallback)
    HAL_UART_IRQHandler                      0x08002641   Thumb Code   736  stm32f1xx_hal_uart.o(i.HAL_UART_IRQHandler)
    HAL_UART_Init                            0x08002925   Thumb Code   118  stm32f1xx_hal_uart.o(i.HAL_UART_Init)
    HAL_UART_MspInit                         0x0800299d   Thumb Code   138  usart.o(i.HAL_UART_MspInit)
    HAL_UART_RxCpltCallback                  0x08002a35   Thumb Code     2  stm32f1xx_hal_uart.o(i.HAL_UART_RxCpltCallback)
    HAL_UART_Transmit                        0x08002a37   Thumb Code   178  stm32f1xx_hal_uart.o(i.HAL_UART_Transmit)
    HAL_UART_TxCpltCallback                  0x08002ae9   Thumb Code     2  stm32f1xx_hal_uart.o(i.HAL_UART_TxCpltCallback)
    HardFault_Handler                        0x08002aeb   Thumb Code     4  stm32f1xx_it.o(i.HardFault_Handler)
    MX_CAN_Init                              0x08002cc5   Thumb Code    60  can.o(i.MX_CAN_Init)
    MX_CRC_Init                              0x08002d09   Thumb Code    22  crc.o(i.MX_CRC_Init)
    MX_GPIO_Init                             0x08002d29   Thumb Code   208  gpio.o(i.MX_GPIO_Init)
    MX_SPI1_Init                             0x08002e05   Thumb Code    60  spi.o(i.MX_SPI1_Init)
    MX_USART1_UART_Init                      0x08002e49   Thumb Code    46  usart.o(i.MX_USART1_UART_Init)
    MemManage_Handler                        0x08002e81   Thumb Code     4  stm32f1xx_it.o(i.MemManage_Handler)
    NMI_Handler                              0x08002e85   Thumb Code     4  stm32f1xx_it.o(i.NMI_Handler)
    PendSV_Handler                           0x08002e89   Thumb Code     2  stm32f1xx_it.o(i.PendSV_Handler)
    SVC_Handler                              0x0800302d   Thumb Code     2  stm32f1xx_it.o(i.SVC_Handler)
    SysTick_Handler                          0x0800302f   Thumb Code     8  stm32f1xx_it.o(i.SysTick_Handler)
    SystemClock_Config                       0x08003037   Thumb Code   102  main.o(i.SystemClock_Config)
    SystemInit                               0x0800309d   Thumb Code     2  system_stm32f1xx.o(i.SystemInit)
    UART_Start_Receive_IT                    0x08003339   Thumb Code    64  stm32f1xx_hal_uart.o(i.UART_Start_Receive_IT)
    USART1_IRQHandler                        0x0800346d   Thumb Code    10  stm32f1xx_it.o(i.USART1_IRQHandler)
    UsageFault_Handler                       0x0800347d   Thumb Code     4  stm32f1xx_it.o(i.UsageFault_Handler)
    __0printf                                0x08003481   Thumb Code    22  printfa.o(i.__0printf)
    __1printf                                0x08003481   Thumb Code     0  printfa.o(i.__0printf)
    __2printf                                0x08003481   Thumb Code     0  printfa.o(i.__0printf)
    __c89printf                              0x08003481   Thumb Code     0  printfa.o(i.__0printf)
    printf                                   0x08003481   Thumb Code     0  printfa.o(i.__0printf)
    __0vprintf                               0x080034a1   Thumb Code     8  printfa.o(i.__0vprintf)
    __1vprintf                               0x080034a1   Thumb Code     0  printfa.o(i.__0vprintf)
    __2vprintf                               0x080034a1   Thumb Code     0  printfa.o(i.__0vprintf)
    __c89vprintf                             0x080034a1   Thumb Code     0  printfa.o(i.__0vprintf)
    vprintf                                  0x080034a1   Thumb Code     0  printfa.o(i.__0vprintf)
    __ARM_fpclassifyf                        0x080034b1   Thumb Code    38  fpclassifyf.o(i.__ARM_fpclassifyf)
    __mathlib_flt_divzero                    0x08003511   Thumb Code    10  funder.o(i.__mathlib_flt_divzero)
    __mathlib_flt_infnan2                    0x0800351b   Thumb Code     4  funder.o(i.__mathlib_flt_infnan2)
    __mathlib_flt_invalid                    0x0800351f   Thumb Code     8  funder.o(i.__mathlib_flt_invalid)
    __mathlib_flt_overflow                   0x08003527   Thumb Code    10  funder.o(i.__mathlib_flt_overflow)
    __mathlib_flt_underflow                  0x08003531   Thumb Code    10  funder.o(i.__mathlib_flt_underflow)
    __scatterload_copy                       0x0800353b   Thumb Code    14  handlers.o(i.__scatterload_copy)
    __scatterload_null                       0x08003549   Thumb Code     2  handlers.o(i.__scatterload_null)
    __scatterload_zeroinit                   0x0800354b   Thumb Code    14  handlers.o(i.__scatterload_zeroinit)
    __set_errno                              0x08003559   Thumb Code     6  errno.o(i.__set_errno)
    fputc                                    0x080040d1   Thumb Code    22  usart.o(i.fputc)
    llcc68_clear_device_errors               0x080040ed   Thumb Code    82  driver_llcc68.o(i.llcc68_clear_device_errors)
    llcc68_clear_irq_status                  0x08004181   Thumb Code    86  driver_llcc68.o(i.llcc68_clear_irq_status)
    llcc68_continuous_receive                0x08004215   Thumb Code   148  driver_llcc68.o(i.llcc68_continuous_receive)
    llcc68_deinit                            0x080042fd   Thumb Code   130  driver_llcc68.o(i.llcc68_deinit)
    llcc68_frequency_convert_to_register     0x08004419   Thumb Code    94  driver_llcc68.o(i.llcc68_frequency_convert_to_register)
    llcc68_get_iq_polarity                   0x08004485   Thumb Code    76  driver_llcc68.o(i.llcc68_get_iq_polarity)
    llcc68_get_tx_clamp_config               0x08004509   Thumb Code    76  driver_llcc68.o(i.llcc68_get_tx_clamp_config)
    llcc68_get_tx_modulation                 0x0800458d   Thumb Code    76  driver_llcc68.o(i.llcc68_get_tx_modulation)
    llcc68_init                              0x08004611   Thumb Code   426  driver_llcc68.o(i.llcc68_init)
    llcc68_interface_busy_gpio_deinit        0x08004a09   Thumb Code     4  driver_llcc68_interface.o(i.llcc68_interface_busy_gpio_deinit)
    llcc68_interface_busy_gpio_init          0x08004a0d   Thumb Code     4  driver_llcc68_interface.o(i.llcc68_interface_busy_gpio_init)
    llcc68_interface_busy_gpio_read          0x08004a11   Thumb Code    18  driver_llcc68_interface.o(i.llcc68_interface_busy_gpio_read)
    llcc68_interface_debug_print             0x08004a29   Thumb Code    26  driver_llcc68_interface.o(i.llcc68_interface_debug_print)
    llcc68_interface_delay_ms                0x08004a43   Thumb Code    12  driver_llcc68_interface.o(i.llcc68_interface_delay_ms)
    llcc68_interface_receive_callback        0x08004a51   Thumb Code   154  driver_llcc68_interface.o(i.llcc68_interface_receive_callback)
    llcc68_interface_reset_gpio_deinit       0x08004c19   Thumb Code     4  driver_llcc68_interface.o(i.llcc68_interface_reset_gpio_deinit)
    llcc68_interface_reset_gpio_init         0x08004c1d   Thumb Code     4  driver_llcc68_interface.o(i.llcc68_interface_reset_gpio_init)
    llcc68_interface_reset_gpio_write        0x08004c21   Thumb Code    32  driver_llcc68_interface.o(i.llcc68_interface_reset_gpio_write)
    llcc68_interface_spi_deinit              0x08004c45   Thumb Code     4  driver_llcc68_interface.o(i.llcc68_interface_spi_deinit)
    llcc68_interface_spi_init                0x08004c49   Thumb Code     4  driver_llcc68_interface.o(i.llcc68_interface_spi_init)
    llcc68_interface_spi_write_read          0x08004c4d   Thumb Code   118  driver_llcc68_interface.o(i.llcc68_interface_spi_write_read)
    llcc68_irq_handler                       0x08004ccd   Thumb Code   536  driver_llcc68.o(i.llcc68_irq_handler)
    llcc68_lora_init                         0x08004fb1   Thumb Code   724  int_llcc68.o(i.llcc68_lora_init)
    llcc68_lora_receive                      0x080055e1   Thumb Code    26  int_llcc68.o(i.llcc68_lora_receive)
    llcc68_lora_send                         0x08005601   Thumb Code    52  int_llcc68.o(i.llcc68_lora_send)
    llcc68_lora_set_continuous_receive_mode  0x08005639   Thumb Code   124  int_llcc68.o(i.llcc68_lora_set_continuous_receive_mode)
    llcc68_lora_set_send_mode                0x080056b9   Thumb Code    46  int_llcc68.o(i.llcc68_lora_set_send_mode)
    llcc68_lora_transmit                     0x080056ed   Thumb Code   674  driver_llcc68.o(i.llcc68_lora_transmit)
    llcc68_reset_stats                       0x08005ac1   Thumb Code   122  driver_llcc68.o(i.llcc68_reset_stats)
    llcc68_set_buffer_base_address           0x08005b75   Thumb Code    84  driver_llcc68.o(i.llcc68_set_buffer_base_address)
    llcc68_set_dio_irq_params                0x08005c0d   Thumb Code   142  driver_llcc68.o(i.llcc68_set_dio_irq_params)
    llcc68_set_iq_polarity                   0x08005cd9   Thumb Code    74  driver_llcc68.o(i.llcc68_set_iq_polarity)
    llcc68_set_lora_modulation_params        0x08005d5d   Thumb Code   102  driver_llcc68.o(i.llcc68_set_lora_modulation_params)
    llcc68_set_lora_packet_params            0x08005e09   Thumb Code   114  driver_llcc68.o(i.llcc68_set_lora_packet_params)
    llcc68_set_lora_symb_num_timeout         0x08005ec1   Thumb Code    76  driver_llcc68.o(i.llcc68_set_lora_symb_num_timeout)
    llcc68_set_lora_sync_word                0x08005f51   Thumb Code    88  driver_llcc68.o(i.llcc68_set_lora_sync_word)
    llcc68_set_ocp                           0x08005fe1   Thumb Code    74  driver_llcc68.o(i.llcc68_set_ocp)
    llcc68_set_pa_config                     0x08006065   Thumb Code    96  driver_llcc68.o(i.llcc68_set_pa_config)
    llcc68_set_packet_type                   0x080060fd   Thumb Code    76  driver_llcc68.o(i.llcc68_set_packet_type)
    llcc68_set_regulator_mode                0x08006185   Thumb Code    76  driver_llcc68.o(i.llcc68_set_regulator_mode)
    llcc68_set_rf_frequency                  0x0800620d   Thumb Code    98  driver_llcc68.o(i.llcc68_set_rf_frequency)
    llcc68_set_rx_gain                       0x080062ad   Thumb Code    74  driver_llcc68.o(i.llcc68_set_rx_gain)
    llcc68_set_rx_tx_fallback_mode           0x08006331   Thumb Code    76  driver_llcc68.o(i.llcc68_set_rx_tx_fallback_mode)
    llcc68_set_standby                       0x080063c1   Thumb Code    76  driver_llcc68.o(i.llcc68_set_standby)
    llcc68_set_stop_timer_on_preamble        0x08006445   Thumb Code    76  driver_llcc68.o(i.llcc68_set_stop_timer_on_preamble)
    llcc68_set_tx_clamp_config               0x080064d5   Thumb Code    74  driver_llcc68.o(i.llcc68_set_tx_clamp_config)
    llcc68_set_tx_modulation                 0x08006559   Thumb Code    74  driver_llcc68.o(i.llcc68_set_tx_modulation)
    llcc68_set_tx_params                     0x080065dd   Thumb Code    86  driver_llcc68.o(i.llcc68_set_tx_params)
    main                                     0x0800666d   Thumb Code    40  main.o(i.main)
    __mathlib_powf                           0x08006695   Thumb Code     0  powf.o(i.powf)
    powf                                     0x08006695   Thumb Code  1548  powf.o(i.powf)
    AHBPrescTable                            0x08006cc6   Data          16  system_stm32f1xx.o(.constdata)
    APBPrescTable                            0x08006cd6   Data           8  system_stm32f1xx.o(.constdata)
    Region$$Table$$Base                      0x08006e20   Number         0  anon$$obj.o(Region$$Table)
    Region$$Table$$Limit                     0x08006e40   Number         0  anon$$obj.o(Region$$Table)
    hcrc                                     0x20000000   Data           8  crc.o(.data)
    uwTick                                   0x20000008   Data           4  stm32f1xx_hal.o(.data)
    uwTickPrio                               0x2000000c   Data           4  stm32f1xx_hal.o(.data)
    uwTickFreq                               0x20000010   Data           1  stm32f1xx_hal.o(.data)
    SystemCoreClock                          0x20000014   Data           4  system_stm32f1xx.o(.data)
    uart_rec_len                             0x20000018   Data           2  int_bootloader.o(.data)
    uart_rec_full_len                        0x2000001a   Data           2  int_bootloader.o(.data)
    flash_write_offset                       0x2000001c   Data           4  int_bootloader.o(.data)
    last_rec_time                            0x20000020   Data           4  int_bootloader.o(.data)
    last_byte_flag                           0x20000024   Data           1  int_bootloader.o(.data)
    last_byte                                0x20000025   Data           1  int_bootloader.o(.data)
    g_app_update_state                       0x20000026   Data           1  app_update.o(.data)
    update_data_len                          0x20000028   Data           2  app_update.o(.data)
    __stdout                                 0x2000002c   Data           4  stdout.o(.data)
    hcan                                     0x20000034   Data          40  can.o(.bss)
    hspi1                                    0x2000005c   Data          88  spi.o(.bss)
    huart1                                   0x200000b4   Data          72  usart.o(.bss)
    pFlash                                   0x20000100   Data          32  stm32f1xx_hal_flash.o(.bss)
    uart_rec_buff                            0x20000120   Data         512  int_bootloader.o(.bss)
    update_buff                              0x20000320   Data         256  app_update.o(.bss)
    gs_handle                                0x20000420   Data         696  int_llcc68.o(.bss)
    __initial_sp                             0x20000ad8   Data           0  startup_stm32f103xb.o(STACK)



==============================================================================

Memory Map of the image

  Image Entry point : 0x080000ed

  Load Region LR_IROM1 (Base: 0x08000000, Size: 0x00006e74, Max: 0x00010000, ABSOLUTE)

    Execution Region ER_IROM1 (Exec base: 0x08000000, Load base: 0x08000000, Size: 0x00006e40, Max: 0x00010000, ABSOLUTE)

    Exec Addr    Load Addr    Size         Type   Attr      Idx    E Section Name        Object

    0x08000000   0x08000000   0x000000ec   Data   RO            3    RESET               startup_stm32f103xb.o
    0x080000ec   0x080000ec   0x00000000   Code   RO         3679  * .ARM.Collect$$$$00000000  mc_w.l(entry.o)
    0x080000ec   0x080000ec   0x00000004   Code   RO         3989    .ARM.Collect$$$$00000001  mc_w.l(entry2.o)
    0x080000f0   0x080000f0   0x00000004   Code   RO         3992    .ARM.Collect$$$$00000004  mc_w.l(entry5.o)
    0x080000f4   0x080000f4   0x00000000   Code   RO         3994    .ARM.Collect$$$$00000008  mc_w.l(entry7b.o)
    0x080000f4   0x080000f4   0x00000000   Code   RO         3996    .ARM.Collect$$$$0000000A  mc_w.l(entry8b.o)
    0x080000f4   0x080000f4   0x00000008   Code   RO         3997    .ARM.Collect$$$$0000000B  mc_w.l(entry9a.o)
    0x080000fc   0x080000fc   0x00000000   Code   RO         3999    .ARM.Collect$$$$0000000D  mc_w.l(entry10a.o)
    0x080000fc   0x080000fc   0x00000000   Code   RO         4001    .ARM.Collect$$$$0000000F  mc_w.l(entry11a.o)
    0x080000fc   0x080000fc   0x00000004   Code   RO         3990    .ARM.Collect$$$$00002712  mc_w.l(entry2.o)
    0x08000100   0x08000100   0x00000024   Code   RO            4    .text               startup_stm32f103xb.o
    0x08000124   0x08000124   0x00000020   Code   RO         3682    .text               mc_w.l(llushr.o)
    0x08000144   0x08000144   0x00000024   Code   RO         3684    .text               mc_w.l(memcpya.o)
    0x08000168   0x08000168   0x00000024   Code   RO         3686    .text               mc_w.l(memseta.o)
    0x0800018c   0x0800018c   0x00000024   Code   RO         3688    .text               mc_w.l(strstr.o)
    0x080001b0   0x080001b0   0x00000064   Code   RO         3957    .text               mf_w.l(fmul.o)
    0x08000214   0x08000214   0x0000007c   Code   RO         3959    .text               mf_w.l(fdiv.o)
    0x08000290   0x08000290   0x000000e4   Code   RO         3961    .text               mf_w.l(dmul.o)
    0x08000374   0x08000374   0x000000de   Code   RO         3963    .text               mf_w.l(ddiv.o)
    0x08000452   0x08000452   0x0000000a   Code   RO         3965    .text               mf_w.l(ffltui.o)
    0x0800045c   0x0800045c   0x0000001a   Code   RO         3967    .text               mf_w.l(dfltui.o)
    0x08000476   0x08000476   0x00000028   Code   RO         3969    .text               mf_w.l(ffixui.o)
    0x0800049e   0x0800049e   0x00000032   Code   RO         3971    .text               mf_w.l(dfixui.o)
    0x080004d0   0x080004d0   0x0000002c   Code   RO         4004    .text               mc_w.l(uidiv.o)
    0x080004fc   0x080004fc   0x00000062   Code   RO         4006    .text               mc_w.l(uldiv.o)
    0x0800055e   0x0800055e   0x00000000   Code   RO         4017    .text               mc_w.l(iusefp.o)
    0x0800055e   0x0800055e   0x0000006e   Code   RO         4018    .text               mf_w.l(fepilogue.o)
    0x080005cc   0x080005cc   0x000000b0   Code   RO         4020    .text               mf_w.l(fadd.o)
    0x0800067c   0x0800067c   0x00000018   Code   RO         4022    .text               mf_w.l(fscalb.o)
    0x08000694   0x08000694   0x000000ba   Code   RO         4024    .text               mf_w.l(depilogue.o)
    0x0800074e   0x0800074e   0x0000014e   Code   RO         4026    .text               mf_w.l(dadd.o)
    0x0800089c   0x0800089c   0x00000012   Code   RO         4028    .text               mf_w.l(fflti.o)
    0x080008ae   0x080008ae   0x00000030   Code   RO         4030    .text               mf_w.l(dfixul.o)
    0x080008de   0x080008de   0x0000004c   Code   RO         4032    .text               mf_w.l(ffixir.o)
    0x0800092a   0x0800092a   0x00000002   PAD
    0x0800092c   0x0800092c   0x00000030   Code   RO         4034    .text               mf_w.l(cdrcmple.o)
    0x0800095c   0x0800095c   0x00000004   Code   RO         4036    .text               mf_w.l(fpstat.o)
    0x08000960   0x08000960   0x00000024   Code   RO         4038    .text               mc_w.l(init.o)
    0x08000984   0x08000984   0x0000001e   Code   RO         4040    .text               mc_w.l(llshl.o)
    0x080009a2   0x080009a2   0x00000024   Code   RO         4042    .text               mc_w.l(llsshr.o)
    0x080009c6   0x080009c6   0x00000002   PAD
    0x080009c8   0x080009c8   0x0000003c   Code   RO         2709    i.App_crc_cal       app_update.o
    0x08000a04   0x08000a04   0x0000005c   Code   RO         2710    i.App_update_init   app_update.o
    0x08000a60   0x08000a60   0x000000e0   Code   RO         2711    i.App_update_send_app  app_update.o
    0x08000b40   0x08000b40   0x00000064   Code   RO         2712    i.App_update_wait_cmd  app_update.o
    0x08000ba4   0x08000ba4   0x00000024   Code   RO         2713    i.App_update_work   app_update.o
    0x08000bc8   0x08000bc8   0x00000004   Code   RO          395    i.BusFault_Handler  stm32f1xx_it.o
    0x08000bcc   0x08000bcc   0x00000002   Code   RO          396    i.DebugMon_Handler  stm32f1xx_it.o
    0x08000bce   0x08000bce   0x00000006   Code   RO           13    i.Error_Handler     main.o
    0x08000bd4   0x08000bd4   0x00000028   Code   RO         1601    i.FLASH_MassErase   stm32f1xx_hal_flash_ex.o
    0x08000bfc   0x08000bfc   0x00000028   Code   RO         1610    i.FLASH_PageErase   stm32f1xx_hal_flash_ex.o
    0x08000c24   0x08000c24   0x00000020   Code   RO         1498    i.FLASH_Program_HalfWord  stm32f1xx_hal_flash.o
    0x08000c44   0x08000c44   0x00000084   Code   RO         1499    i.FLASH_SetErrorCode  stm32f1xx_hal_flash.o
    0x08000cc8   0x08000cc8   0x00000070   Code   RO         1500    i.FLASH_WaitForLastOperation  stm32f1xx_hal_flash.o
    0x08000d38   0x08000d38   0x00000174   Code   RO          551    i.HAL_CAN_Init      stm32f1xx_hal_can.o
    0x08000eac   0x08000eac   0x000000a0   Code   RO          218    i.HAL_CAN_MspInit   can.o
    0x08000f4c   0x08000f4c   0x00000034   Code   RO         1780    i.HAL_CRC_Calculate  stm32f1xx_hal_crc.o
    0x08000f80   0x08000f80   0x00000020   Code   RO         1783    i.HAL_CRC_Init      stm32f1xx_hal_crc.o
    0x08000fa0   0x08000fa0   0x00000030   Code   RO          260    i.HAL_CRC_MspInit   crc.o
    0x08000fd0   0x08000fd0   0x00000056   Code   RO         1157    i.HAL_DMA_Abort     stm32f1xx_hal_dma.o
    0x08001026   0x08001026   0x00000002   PAD
    0x08001028   0x08001028   0x000000b0   Code   RO         1158    i.HAL_DMA_Abort_IT  stm32f1xx_hal_dma.o
    0x080010d8   0x080010d8   0x00000028   Code   RO          778    i.HAL_Delay         stm32f1xx_hal.o
    0x08001100   0x08001100   0x000000b0   Code   RO         1611    i.HAL_FLASHEx_Erase  stm32f1xx_hal_flash_ex.o
    0x080011b0   0x080011b0   0x00000014   Code   RO         1504    i.HAL_FLASH_Lock    stm32f1xx_hal_flash.o
    0x080011c4   0x080011c4   0x000000b0   Code   RO         1509    i.HAL_FLASH_Program  stm32f1xx_hal_flash.o
    0x08001274   0x08001274   0x00000030   Code   RO         1511    i.HAL_FLASH_Unlock  stm32f1xx_hal_flash.o
    0x080012a4   0x080012a4   0x00000320   Code   RO         1093    i.HAL_GPIO_Init     stm32f1xx_hal_gpio.o
    0x080015c4   0x080015c4   0x00000010   Code   RO         1095    i.HAL_GPIO_ReadPin  stm32f1xx_hal_gpio.o
    0x080015d4   0x080015d4   0x0000000c   Code   RO         1097    i.HAL_GPIO_WritePin  stm32f1xx_hal_gpio.o
    0x080015e0   0x080015e0   0x0000000c   Code   RO          782    i.HAL_GetTick       stm32f1xx_hal.o
    0x080015ec   0x080015ec   0x00000018   Code   RO          788    i.HAL_IncTick       stm32f1xx_hal.o
    0x08001604   0x08001604   0x00000028   Code   RO          789    i.HAL_Init          stm32f1xx_hal.o
    0x0800162c   0x0800162c   0x0000004c   Code   RO          790    i.HAL_InitTick      stm32f1xx_hal.o
    0x08001678   0x08001678   0x00000054   Code   RO          477    i.HAL_MspInit       stm32f1xx_hal_msp.o
    0x080016cc   0x080016cc   0x00000020   Code   RO         1253    i.HAL_NVIC_EnableIRQ  stm32f1xx_hal_cortex.o
    0x080016ec   0x080016ec   0x0000007c   Code   RO         1259    i.HAL_NVIC_SetPriority  stm32f1xx_hal_cortex.o
    0x08001768   0x08001768   0x00000028   Code   RO         1260    i.HAL_NVIC_SetPriorityGrouping  stm32f1xx_hal_cortex.o
    0x08001790   0x08001790   0x0000018c   Code   RO          946    i.HAL_RCC_ClockConfig  stm32f1xx_hal_rcc.o
    0x0800191c   0x0800191c   0x0000000c   Code   RO          951    i.HAL_RCC_GetHCLKFreq  stm32f1xx_hal_rcc.o
    0x08001928   0x08001928   0x00000020   Code   RO          953    i.HAL_RCC_GetPCLK1Freq  stm32f1xx_hal_rcc.o
    0x08001948   0x08001948   0x00000020   Code   RO          954    i.HAL_RCC_GetPCLK2Freq  stm32f1xx_hal_rcc.o
    0x08001968   0x08001968   0x00000070   Code   RO          955    i.HAL_RCC_GetSysClockFreq  stm32f1xx_hal_rcc.o
    0x080019d8   0x080019d8   0x00000464   Code   RO          958    i.HAL_RCC_OscConfig  stm32f1xx_hal_rcc.o
    0x08001e3c   0x08001e3c   0x000000be   Code   RO         1850    i.HAL_SPI_Init      stm32f1xx_hal_spi.o
    0x08001efa   0x08001efa   0x00000002   PAD
    0x08001efc   0x08001efc   0x00000084   Code   RO          302    i.HAL_SPI_MspInit   spi.o
    0x08001f80   0x08001f80   0x0000017e   Code   RO         1853    i.HAL_SPI_Receive   stm32f1xx_hal_spi.o
    0x080020fe   0x080020fe   0x000001bc   Code   RO         1858    i.HAL_SPI_Transmit  stm32f1xx_hal_spi.o
    0x080022ba   0x080022ba   0x00000240   Code   RO         1859    i.HAL_SPI_TransmitReceive  stm32f1xx_hal_spi.o
    0x080024fa   0x080024fa   0x00000034   Code   RO         1264    i.HAL_SYSTICK_Config  stm32f1xx_hal_cortex.o
    0x0800252e   0x0800252e   0x00000072   Code   RO         2208    i.HAL_UARTEx_ReceiveToIdle_IT  stm32f1xx_hal_uart.o
    0x080025a0   0x080025a0   0x0000009c   Code   RO         2646    i.HAL_UARTEx_RxEventCallback  int_bootloader.o
    0x0800263c   0x0800263c   0x00000002   Code   RO         2223    i.HAL_UART_ErrorCallback  stm32f1xx_hal_uart.o
    0x0800263e   0x0800263e   0x00000002   PAD
    0x08002640   0x08002640   0x000002e4   Code   RO         2226    i.HAL_UART_IRQHandler  stm32f1xx_hal_uart.o
    0x08002924   0x08002924   0x00000076   Code   RO         2227    i.HAL_UART_Init     stm32f1xx_hal_uart.o
    0x0800299a   0x0800299a   0x00000002   PAD
    0x0800299c   0x0800299c   0x00000098   Code   RO          344    i.HAL_UART_MspInit  usart.o
    0x08002a34   0x08002a34   0x00000002   Code   RO         2233    i.HAL_UART_RxCpltCallback  stm32f1xx_hal_uart.o
    0x08002a36   0x08002a36   0x000000b2   Code   RO         2235    i.HAL_UART_Transmit  stm32f1xx_hal_uart.o
    0x08002ae8   0x08002ae8   0x00000002   Code   RO         2238    i.HAL_UART_TxCpltCallback  stm32f1xx_hal_uart.o
    0x08002aea   0x08002aea   0x00000004   Code   RO          397    i.HardFault_Handler  stm32f1xx_it.o
    0x08002aee   0x08002aee   0x00000002   PAD
    0x08002af0   0x08002af0   0x00000070   Code   RO         2649    i.Int_flash_erase   int_bootloader.o
    0x08002b60   0x08002b60   0x000000b4   Code   RO         2650    i.Int_flash_write_halfword  int_bootloader.o
    0x08002c14   0x08002c14   0x00000054   Code   RO         2651    i.Int_flash_write_no_last  int_bootloader.o
    0x08002c68   0x08002c68   0x0000005c   Code   RO         2652    i.Int_flash_write_with_last  int_bootloader.o
    0x08002cc4   0x08002cc4   0x00000044   Code   RO          219    i.MX_CAN_Init       can.o
    0x08002d08   0x08002d08   0x00000020   Code   RO          261    i.MX_CRC_Init       crc.o
    0x08002d28   0x08002d28   0x000000dc   Code   RO          193    i.MX_GPIO_Init      gpio.o
    0x08002e04   0x08002e04   0x00000044   Code   RO          303    i.MX_SPI1_Init      spi.o
    0x08002e48   0x08002e48   0x00000038   Code   RO          345    i.MX_USART1_UART_Init  usart.o
    0x08002e80   0x08002e80   0x00000004   Code   RO          398    i.MemManage_Handler  stm32f1xx_it.o
    0x08002e84   0x08002e84   0x00000004   Code   RO          399    i.NMI_Handler       stm32f1xx_it.o
    0x08002e88   0x08002e88   0x00000002   Code   RO          400    i.PendSV_Handler    stm32f1xx_it.o
    0x08002e8a   0x08002e8a   0x00000002   PAD
    0x08002e8c   0x08002e8c   0x00000028   Code   RO          959    i.RCC_Delay         stm32f1xx_hal_rcc.o
    0x08002eb4   0x08002eb4   0x00000078   Code   RO         1887    i.SPI_EndRxTransaction  stm32f1xx_hal_spi.o
    0x08002f2c   0x08002f2c   0x00000028   Code   RO         1888    i.SPI_EndRxTxTransaction  stm32f1xx_hal_spi.o
    0x08002f54   0x08002f54   0x000000d8   Code   RO         1893    i.SPI_WaitFlagStateUntilTimeout  stm32f1xx_hal_spi.o
    0x0800302c   0x0800302c   0x00000002   Code   RO          401    i.SVC_Handler       stm32f1xx_it.o
    0x0800302e   0x0800302e   0x00000008   Code   RO          402    i.SysTick_Handler   stm32f1xx_it.o
    0x08003036   0x08003036   0x00000066   Code   RO           14    i.SystemClock_Config  main.o
    0x0800309c   0x0800309c   0x00000002   Code   RO         2571    i.SystemInit        system_stm32f1xx.o
    0x0800309e   0x0800309e   0x00000014   Code   RO         2240    i.UART_DMAAbortOnError  stm32f1xx_hal_uart.o
    0x080030b2   0x080030b2   0x0000006c   Code   RO         2250    i.UART_EndRxTransfer  stm32f1xx_hal_uart.o
    0x0800311e   0x0800311e   0x00000020   Code   RO         2251    i.UART_EndTransmit_IT  stm32f1xx_hal_uart.o
    0x0800313e   0x0800313e   0x000000fc   Code   RO         2253    i.UART_Receive_IT   stm32f1xx_hal_uart.o
    0x0800323a   0x0800323a   0x00000002   PAD
    0x0800323c   0x0800323c   0x000000fc   Code   RO         2254    i.UART_SetConfig    stm32f1xx_hal_uart.o
    0x08003338   0x08003338   0x00000040   Code   RO         2256    i.UART_Start_Receive_IT  stm32f1xx_hal_uart.o
    0x08003378   0x08003378   0x00000060   Code   RO         2257    i.UART_Transmit_IT  stm32f1xx_hal_uart.o
    0x080033d8   0x080033d8   0x00000092   Code   RO         2258    i.UART_WaitOnFlagUntilTimeout  stm32f1xx_hal_uart.o
    0x0800346a   0x0800346a   0x00000002   PAD
    0x0800346c   0x0800346c   0x00000010   Code   RO          403    i.USART1_IRQHandler  stm32f1xx_it.o
    0x0800347c   0x0800347c   0x00000004   Code   RO          404    i.UsageFault_Handler  stm32f1xx_it.o
    0x08003480   0x08003480   0x00000020   Code   RO         3927    i.__0printf         mc_w.l(printfa.o)
    0x080034a0   0x080034a0   0x00000010   Code   RO         3931    i.__0vprintf        mc_w.l(printfa.o)
    0x080034b0   0x080034b0   0x00000026   Code   RO         3973    i.__ARM_fpclassifyf  m_ws.l(fpclassifyf.o)
    0x080034d6   0x080034d6   0x00000002   PAD
    0x080034d8   0x080034d8   0x00000010   Code   RO         1266    i.__NVIC_GetPriorityGrouping  stm32f1xx_hal_cortex.o
    0x080034e8   0x080034e8   0x00000028   Code   RO         1267    i.__NVIC_SetPriority  stm32f1xx_hal_cortex.o
    0x08003510   0x08003510   0x0000000a   Code   RO         3975    i.__mathlib_flt_divzero  m_ws.l(funder.o)
    0x0800351a   0x0800351a   0x00000004   Code   RO         3977    i.__mathlib_flt_infnan2  m_ws.l(funder.o)
    0x0800351e   0x0800351e   0x00000008   Code   RO         3978    i.__mathlib_flt_invalid  m_ws.l(funder.o)
    0x08003526   0x08003526   0x0000000a   Code   RO         3979    i.__mathlib_flt_overflow  m_ws.l(funder.o)
    0x08003530   0x08003530   0x0000000a   Code   RO         3981    i.__mathlib_flt_underflow  m_ws.l(funder.o)
    0x0800353a   0x0800353a   0x0000000e   Code   RO         4078    i.__scatterload_copy  mc_w.l(handlers.o)
    0x08003548   0x08003548   0x00000002   Code   RO         4079    i.__scatterload_null  mc_w.l(handlers.o)
    0x0800354a   0x0800354a   0x0000000e   Code   RO         4080    i.__scatterload_zeroinit  mc_w.l(handlers.o)
    0x08003558   0x08003558   0x0000000c   Code   RO         4010    i.__set_errno       mc_w.l(errno.o)
    0x08003564   0x08003564   0x00000184   Code   RO         3934    i._fp_digits        mc_w.l(printfa.o)
    0x080036e8   0x080036e8   0x000006dc   Code   RO         3935    i._printf_core      mc_w.l(printfa.o)
    0x08003dc4   0x08003dc4   0x00000024   Code   RO         3936    i._printf_post_padding  mc_w.l(printfa.o)
    0x08003de8   0x08003de8   0x0000002e   Code   RO         3937    i._printf_pre_padding  mc_w.l(printfa.o)
    0x08003e16   0x08003e16   0x00000040   Code   RO         2817    i.a_llcc68_check_busy  driver_llcc68.o
    0x08003e56   0x08003e56   0x00000024   Code   RO         2818    i.a_llcc68_spi_read  driver_llcc68.o
    0x08003e7a   0x08003e7a   0x00000002   PAD
    0x08003e7c   0x08003e7c   0x00000074   Code   RO         2819    i.a_llcc68_spi_read_buffer  driver_llcc68.o
    0x08003ef0   0x08003ef0   0x0000007c   Code   RO         2820    i.a_llcc68_spi_read_register  driver_llcc68.o
    0x08003f6c   0x08003f6c   0x00000070   Code   RO         2821    i.a_llcc68_spi_write  driver_llcc68.o
    0x08003fdc   0x08003fdc   0x00000078   Code   RO         2822    i.a_llcc68_spi_write_buffer  driver_llcc68.o
    0x08004054   0x08004054   0x0000007c   Code   RO         2823    i.a_llcc68_spi_write_register  driver_llcc68.o
    0x080040d0   0x080040d0   0x0000001c   Code   RO          346    i.fputc             usart.o
    0x080040ec   0x080040ec   0x00000094   Code   RO         2825    i.llcc68_clear_device_errors  driver_llcc68.o
    0x08004180   0x08004180   0x00000094   Code   RO         2826    i.llcc68_clear_irq_status  driver_llcc68.o
    0x08004214   0x08004214   0x000000e8   Code   RO         2827    i.llcc68_continuous_receive  driver_llcc68.o
    0x080042fc   0x080042fc   0x0000011c   Code   RO         2828    i.llcc68_deinit     driver_llcc68.o
    0x08004418   0x08004418   0x0000006c   Code   RO         2830    i.llcc68_frequency_convert_to_register  driver_llcc68.o
    0x08004484   0x08004484   0x00000084   Code   RO         2844    i.llcc68_get_iq_polarity  driver_llcc68.o
    0x08004508   0x08004508   0x00000084   Code   RO         2858    i.llcc68_get_tx_clamp_config  driver_llcc68.o
    0x0800458c   0x0800458c   0x00000084   Code   RO         2859    i.llcc68_get_tx_modulation  driver_llcc68.o
    0x08004610   0x08004610   0x000003f8   Code   RO         2867    i.llcc68_init       driver_llcc68.o
    0x08004a08   0x08004a08   0x00000004   Code   RO         3505    i.llcc68_interface_busy_gpio_deinit  driver_llcc68_interface.o
    0x08004a0c   0x08004a0c   0x00000004   Code   RO         3506    i.llcc68_interface_busy_gpio_init  driver_llcc68_interface.o
    0x08004a10   0x08004a10   0x00000018   Code   RO         3507    i.llcc68_interface_busy_gpio_read  driver_llcc68_interface.o
    0x08004a28   0x08004a28   0x0000001a   Code   RO         3508    i.llcc68_interface_debug_print  driver_llcc68_interface.o
    0x08004a42   0x08004a42   0x0000000c   Code   RO         3509    i.llcc68_interface_delay_ms  driver_llcc68_interface.o
    0x08004a4e   0x08004a4e   0x00000002   PAD
    0x08004a50   0x08004a50   0x000001c8   Code   RO         3510    i.llcc68_interface_receive_callback  driver_llcc68_interface.o
    0x08004c18   0x08004c18   0x00000004   Code   RO         3511    i.llcc68_interface_reset_gpio_deinit  driver_llcc68_interface.o
    0x08004c1c   0x08004c1c   0x00000004   Code   RO         3512    i.llcc68_interface_reset_gpio_init  driver_llcc68_interface.o
    0x08004c20   0x08004c20   0x00000024   Code   RO         3513    i.llcc68_interface_reset_gpio_write  driver_llcc68_interface.o
    0x08004c44   0x08004c44   0x00000004   Code   RO         3514    i.llcc68_interface_spi_deinit  driver_llcc68_interface.o
    0x08004c48   0x08004c48   0x00000004   Code   RO         3515    i.llcc68_interface_spi_init  driver_llcc68_interface.o
    0x08004c4c   0x08004c4c   0x00000080   Code   RO         3516    i.llcc68_interface_spi_write_read  driver_llcc68_interface.o
    0x08004ccc   0x08004ccc   0x000002e4   Code   RO         2868    i.llcc68_irq_handler  driver_llcc68.o
    0x08004fb0   0x08004fb0   0x00000630   Code   RO         3608    i.llcc68_lora_init  int_llcc68.o
    0x080055e0   0x080055e0   0x00000020   Code   RO         3609    i.llcc68_lora_receive  int_llcc68.o
    0x08005600   0x08005600   0x00000038   Code   RO         3610    i.llcc68_lora_send  int_llcc68.o
    0x08005638   0x08005638   0x00000080   Code   RO         3611    i.llcc68_lora_set_continuous_receive_mode  int_llcc68.o
    0x080056b8   0x080056b8   0x00000034   Code   RO         3612    i.llcc68_lora_set_send_mode  int_llcc68.o
    0x080056ec   0x080056ec   0x000003d4   Code   RO         2870    i.llcc68_lora_transmit  driver_llcc68.o
    0x08005ac0   0x08005ac0   0x000000b4   Code   RO         2873    i.llcc68_reset_stats  driver_llcc68.o
    0x08005b74   0x08005b74   0x00000098   Code   RO         2874    i.llcc68_set_buffer_base_address  driver_llcc68.o
    0x08005c0c   0x08005c0c   0x000000cc   Code   RO         2883    i.llcc68_set_dio_irq_params  driver_llcc68.o
    0x08005cd8   0x08005cd8   0x00000084   Code   RO         2895    i.llcc68_set_iq_polarity  driver_llcc68.o
    0x08005d5c   0x08005d5c   0x000000ac   Code   RO         2896    i.llcc68_set_lora_modulation_params  driver_llcc68.o
    0x08005e08   0x08005e08   0x000000b8   Code   RO         2897    i.llcc68_set_lora_packet_params  driver_llcc68.o
    0x08005ec0   0x08005ec0   0x00000090   Code   RO         2898    i.llcc68_set_lora_symb_num_timeout  driver_llcc68.o
    0x08005f50   0x08005f50   0x00000090   Code   RO         2899    i.llcc68_set_lora_sync_word  driver_llcc68.o
    0x08005fe0   0x08005fe0   0x00000084   Code   RO         2900    i.llcc68_set_ocp    driver_llcc68.o
    0x08006064   0x08006064   0x00000098   Code   RO         2901    i.llcc68_set_pa_config  driver_llcc68.o
    0x080060fc   0x080060fc   0x00000088   Code   RO         2902    i.llcc68_set_packet_type  driver_llcc68.o
    0x08006184   0x08006184   0x00000088   Code   RO         2905    i.llcc68_set_regulator_mode  driver_llcc68.o
    0x0800620c   0x0800620c   0x000000a0   Code   RO         2906    i.llcc68_set_rf_frequency  driver_llcc68.o
    0x080062ac   0x080062ac   0x00000084   Code   RO         2910    i.llcc68_set_rx_gain  driver_llcc68.o
    0x08006330   0x08006330   0x00000090   Code   RO         2911    i.llcc68_set_rx_tx_fallback_mode  driver_llcc68.o
    0x080063c0   0x080063c0   0x00000084   Code   RO         2913    i.llcc68_set_standby  driver_llcc68.o
    0x08006444   0x08006444   0x00000090   Code   RO         2914    i.llcc68_set_stop_timer_on_preamble  driver_llcc68.o
    0x080064d4   0x080064d4   0x00000084   Code   RO         2916    i.llcc68_set_tx_clamp_config  driver_llcc68.o
    0x08006558   0x08006558   0x00000084   Code   RO         2919    i.llcc68_set_tx_modulation  driver_llcc68.o
    0x080065dc   0x080065dc   0x00000090   Code   RO         2920    i.llcc68_set_tx_params  driver_llcc68.o
    0x0800666c   0x0800666c   0x00000028   Code   RO           15    i.main              main.o
    0x08006694   0x08006694   0x00000620   Code   RO         3670    i.powf              m_ws.l(powf.o)
    0x08006cb4   0x08006cb4   0x00000012   Data   RO          960    .constdata          stm32f1xx_hal_rcc.o
    0x08006cc6   0x08006cc6   0x00000018   Data   RO         2572    .constdata          system_stm32f1xx.o
    0x08006cde   0x08006cde   0x00000002   PAD
    0x08006ce0   0x08006ce0   0x00000140   Data   RO         3671    .constdata          m_ws.l(powf.o)
    0x08006e20   0x08006e20   0x00000020   Data   RO         4076    Region$$Table       anon$$obj.o


    Execution Region RW_IRAM1 (Exec base: 0x20000000, Load base: 0x08006e40, Size: 0x00000ad8, Max: 0x00005000, ABSOLUTE)

    Exec Addr    Load Addr    Size         Type   Attr      Idx    E Section Name        Object

    0x20000000   0x08006e40   0x00000008   Data   RW          262    .data               crc.o
    0x20000008   0x08006e48   0x00000009   Data   RW          796    .data               stm32f1xx_hal.o
    0x20000011   0x08006e51   0x00000003   PAD
    0x20000014   0x08006e54   0x00000004   Data   RW         2573    .data               system_stm32f1xx.o
    0x20000018   0x08006e58   0x0000000e   Data   RW         2654    .data               int_bootloader.o
    0x20000026   0x08006e66   0x00000004   Data   RW         2715    .data               app_update.o
    0x2000002a   0x08006e6a   0x00000002   PAD
    0x2000002c   0x08006e6c   0x00000004   Data   RW         4003    .data               mc_w.l(stdout.o)
    0x20000030   0x08006e70   0x00000004   Data   RW         4011    .data               mc_w.l(errno.o)
    0x20000034        -       0x00000028   Zero   RW          220    .bss                can.o
    0x2000005c        -       0x00000058   Zero   RW          304    .bss                spi.o
    0x200000b4        -       0x00000048   Zero   RW          347    .bss                usart.o
    0x200000fc   0x08006e74   0x00000004   PAD
    0x20000100        -       0x00000020   Zero   RW         1512    .bss                stm32f1xx_hal_flash.o
    0x20000120        -       0x00000200   Zero   RW         2653    .bss                int_bootloader.o
    0x20000320        -       0x00000100   Zero   RW         2714    .bss                app_update.o
    0x20000420        -       0x000002b8   Zero   RW         3614    .bss                int_llcc68.o
    0x200006d8        -       0x00000400   Zero   RW            1    STACK               startup_stm32f103xb.o


==============================================================================

Image component sizes


      Code (inc. data)   RO Data    RW Data    ZI Data      Debug   Object Name

       512        156          0          4        256       4055   app_update.o
       228         24          0          0         40       1655   can.o
        80         18          0          8          0       1411   crc.o
      7736       3024          0          0          0      40788   driver_llcc68.o
       706        322          0          0          0       8063   driver_llcc68_interface.o
       220         12          0          0          0        955   gpio.o
       624         98          0         14        512       3938   int_bootloader.o
      1852        880          0          0        696       4022   int_llcc68.o
       148          0          0          0          0     426940   main.o
       200         20          0          0         88       1597   spi.o
        36          8        236          0       1024        792   startup_stm32f103xb.o
       192         36          0          9          0       5809   stm32f1xx_hal.o
       372          0          0          0          0       1315   stm32f1xx_hal_can.o
       304         22          0          0          0      29347   stm32f1xx_hal_cortex.o
        84          0          0          0          0       1755   stm32f1xx_hal_crc.o
       262          4          0          0          0       1723   stm32f1xx_hal_dma.o
       520         48          0          0         32       4094   stm32f1xx_hal_flash.o
       256         26          0          0          0       2511   stm32f1xx_hal_flash_ex.o
       828         34          0          0          0       3275   stm32f1xx_hal_gpio.o
        84          8          0          0          0        874   stm32f1xx_hal_msp.o
      1748         98         18          0          0       5888   stm32f1xx_hal_rcc.o
      1968          6          0          0          0       7546   stm32f1xx_hal_spi.o
      2126          8          0          0          0      12009   stm32f1xx_hal_uart.o
        50          6          0          0          0       4294   stm32f1xx_it.o
         2          0         24          4          0       1091   system_stm32f1xx.o
       236         30          0          0         72       3374   usart.o

    ----------------------------------------------------------------------
     21394       4888        312         44       2724     579121   Object Totals
         0          0         32          0          0          0   (incl. Generated)
        20          0          2          5          4          0   (incl. Padding)

    ----------------------------------------------------------------------

      Code (inc. data)   RO Data    RW Data    ZI Data      Debug   Library Member Name

        38          0          0          0          0         68   fpclassifyf.o
        42          0          0          0          0        340   funder.o
      1568         80        320          0          0        224   powf.o
         0          0          0          0          0          0   entry.o
         0          0          0          0          0          0   entry10a.o
         0          0          0          0          0          0   entry11a.o
         8          4          0          0          0          0   entry2.o
         4          0          0          0          0          0   entry5.o
         0          0          0          0          0          0   entry7b.o
         0          0          0          0          0          0   entry8b.o
         8          4          0          0          0          0   entry9a.o
        12          6          0          4          0         68   errno.o
        30          0          0          0          0          0   handlers.o
        36          8          0          0          0         68   init.o
         0          0          0          0          0          0   iusefp.o
        30          0          0          0          0         68   llshl.o
        36          0          0          0          0         68   llsshr.o
        32          0          0          0          0         68   llushr.o
        36          0          0          0          0         68   memcpya.o
        36          0          0          0          0        108   memseta.o
      2274         98          0          0          0        520   printfa.o
         0          0          0          4          0          0   stdout.o
        36          0          0          0          0         80   strstr.o
        44          0          0          0          0         80   uidiv.o
        98          0          0          0          0         92   uldiv.o
        48          0          0          0          0         68   cdrcmple.o
       334          0          0          0          0        148   dadd.o
       222          0          0          0          0        100   ddiv.o
       186          0          0          0          0        176   depilogue.o
        50          0          0          0          0         76   dfixui.o
        48          0          0          0          0         68   dfixul.o
        26          0          0          0          0         76   dfltui.o
       228          0          0          0          0         96   dmul.o
       176          0          0          0          0        140   fadd.o
       124          0          0          0          0         88   fdiv.o
       110          0          0          0          0        168   fepilogue.o
        76          0          0          0          0         76   ffixir.o
        40          0          0          0          0         68   ffixui.o
        18          0          0          0          0         68   fflti.o
        10          0          0          0          0         68   ffltui.o
       100          0          0          0          0         76   fmul.o
         4          0          0          0          0         68   fpstat.o
        24          0          0          0          0         68   fscalb.o

    ----------------------------------------------------------------------
      6198        200        320          8          0       3616   Library Totals
         6          0          0          0          0          0   (incl. Padding)

    ----------------------------------------------------------------------

      Code (inc. data)   RO Data    RW Data    ZI Data      Debug   Library Name

      1648         80        320          0          0        632   m_ws.l
      2720        120          0          8          0       1288   mc_w.l
      1824          0          0          0          0       1696   mf_w.l

    ----------------------------------------------------------------------
      6198        200        320          8          0       3616   Library Totals

    ----------------------------------------------------------------------

==============================================================================


      Code (inc. data)   RO Data    RW Data    ZI Data      Debug   

     27592       5088        632         52       2724     573529   Grand Totals
     27592       5088        632         52       2724     573529   ELF Image Totals
     27592       5088        632         52          0          0   ROM Totals

==============================================================================

    Total RO  Size (Code + RO Data)                28224 (  27.56kB)
    Total RW  Size (RW Data + ZI Data)              2776 (   2.71kB)
    Total ROM Size (Code + RO Data + RW Data)      28276 (  27.61kB)

==============================================================================

